06-24 02:10:51.306  1984  2347 V WindowManager:         {m=OPEN f=STARTING_WINDOW_TRANSFER|FILLS_TASK|IS_BEHIND_STARTING_WINDOW|IS_ACTIVITY leash=Surface(name=ActivityRecord{191253212 u0 com.tylerhats.proxitap/.MainActivity t389})/@0xb1d7e3f sb=Rect(0, 0 - 0, 0) eb=Rect(0, 0 - 1080, 2340) epz=Point(1080, 2340) d=-1->0 r=-1->0:-1 component=com.tylerhats.proxitap/.MainActivity opt={t=CUSTOM enterResId=0 changeResId=0 exitResId=0 mUserId=0} inset=Rect(0, 0 - 0, 0) dim=true taskIdForActivity=389},
06-24 02:10:51.306  1984  2347 V WindowManager:         {m=CLOSE f=FILLS_TASK|IS_BEHIND_STARTING_WINDOW|IS_OCCLUDED|IS_ACTIVITY leash=Surface(name=ActivityRecord{231659508 u0 com.tylerhats.proxitap/.MainActivity t389})/@0xf854a5e sb=Rect(0, 0 - 1080, 2340) eb=Rect(0, 0 - 1080, 2340) epz=Point(1080, 2340) d=0 component=com.tylerhats.proxitap/.MainActivity opt={t=CUSTOM enterResId=0 changeResId=0 exitResId=0 mUserId=0} inset=Rect(0, 0 - 0, 0) taskIdForActivity=389}
06-24 02:10:51.306  1984  3833 D ActivityTaskManager: scheduleTopResumedActivityChanged, onTop=true, r=ActivityRecord{191253212 u0 com.tylerhats.proxitap/.MainActivity t389}, caller=com.android.server.wm.ActivityTaskSupervisor.scheduleTopResumedActivityStateIfNeeded:18 com.android.server.wm.ActivityTaskSupervisor.handleTopResumedStateReleased:44 com.android.server.wm.ActivityClientController.activityTopResumedStateLost:14 android.app.IActivityClientController$Stub.onTransact:716 com.android.server.wm.ActivityClientController.onTransact:1 android.os.Binder.execTransactInternal:1457 
06-24 02:10:51.306  1984  2356 D SGM:FgCheckThread: notePauseComponent(), received pkgName: com.tylerhats.proxitap, userId: 0
06-24 02:10:51.317  1984  2356 D SGM:FgCheckThread: noteResumeComponent(), received pkgName: com.tylerhats.proxitap, userId: 0
06-24 02:10:51.318 13091 22025 I SDHMS:k : handleResumeComponent : put = com.tylerhats.proxitap, userid = 0 instanceid =126162917
06-24 02:10:51.318  1984  2908 D SGM:FgCheckThread: onLooperPrepared(), msg: MSG_APP_RESUME, pkgName: com.tylerhats.proxitap, userid: 0
06-24 02:10:51.318  1984  2908 D SGM:FgCheckThread:   handleResume(). pkgName: com.tylerhats.proxitap, userId: 0, category: non-game
06-24 02:10:51.318  1984  2908 D SGM:FgCheckThread: notifyFocusInOut(). of pkg: com.tylerhats.proxitap, type: 4, isSecGameFamily: false, userId: 0
06-24 02:10:51.321  1984  4528 I MediaSessionStack: addSession to bottom of stack | record: com.tylerhats.proxitap/ProxiTap_PTT/12 (userId=0)
06-24 02:10:51.322  1984  3446 I MediaSessionStack: onPlaybackStateChanged - Pushing session to top | record: com.tylerhats.proxitap/ProxiTap_PTT/12 (userId=0)
06-24 02:10:51.332 26060 26060 D ActivityThread: com.tylerhats.proxitap will use render engine as VK
06-24 02:10:51.427  1984  3833 D CoreBackPreview: Window{ea2bb28 u0 com.tylerhats.proxitap/com.tylerhats.proxitap.MainActivity}: Setting back callback OnBackInvokedCallbackInfo{mCallback=android.window.IOnBackInvokedCallback$Stub$Proxy@7ad31ed, mPriority=0, mIsAnimationCallback=false, mOverrideBehavior=0}
06-24 02:10:51.455  1984  4528 D WindowManager: makeSurface duration=1 name=com.tylerhats.proxitap/com.tylerhats.proxitap.MainActivity$_26060
06-24 02:10:51.456  1984  4528 D WindowManager: Changing focus from null to Window{ea2bb28 u0 com.tylerhats.proxitap/com.tylerhats.proxitap.MainActivity} displayId=0 Callers=com.android.server.wm.WindowManagerService.relayoutWindow:1366 com.android.server.wm.Session.relayout:27 android.view.IWindowSession$Stub.onTransact:829 com.android.server.wm.Session.onTransact:1 
06-24 02:10:51.456  1984  4528 D InsetsSourceProvider: updateFakeControlTarget: fakeControl=InsetsSourceControl: {e78c0000 mType=statusBars mSurfacePosition=Point(0, 0) mInsetsHint=Insets{left=0, top=0, right=0, bottom=0}}, fakeTarget=Window{ea2bb28 u0 com.tylerhats.proxitap/com.tylerhats.proxitap.MainActivity}
06-24 02:10:51.458  1984  4528 D InsetsSourceProvider: updateControlForTarget: control=InsetsSourceControl: {cdd30001 mType=navigationBars initiallyVisible mSurfacePosition=Point(0, 2214) mInsetsHint=Insets{left=0, top=0, right=0, bottom=39}}, target=Window{ea2bb28 u0 com.tylerhats.proxitap/com.tylerhats.proxitap.MainActivity}, from=com.android.server.wm.InsetsStateController.onControlTargetChanged:83 com.android.server.wm.InsetsPolicy.updateBarControlTarget:225 com.android.server.wm.DisplayPolicy.updateSystemBarAttributes:262 com.android.server.wm.WindowManagerService.updateFocusedWindowLocked:372 com.android.server.wm.WindowManagerService.relayoutWindow:1366 
06-24 02:10:51.458  1984  4528 D WindowManager: updateSystemBarAttributes: displayId=0, focusedCanBeNavColorWin=false, win=Window{ea2bb28 u0 com.tylerhats.proxitap/com.tylerhats.proxitap.MainActivity}, navColorWin=Window{5c2ffdb u0 Splash Screen com.tylerhats.proxitap}, caller=com.android.server.wm.WindowManagerService.updateFocusedWindowLocked:372 com.android.server.wm.WindowManagerService.relayoutWindow:1366 com.android.server.wm.Session.relayout:27 
06-24 02:10:51.458  1984  4528 V SystemKeyManager: updateFocusedWindow() is called, com.tylerhats.proxitap/com.tylerhats.proxitap.MainActivity
06-24 02:10:51.459  1984  3833 V WindowManager:    ChangeInfo{d6314de container=Task{1967b1d #389 type=standard A=10375:com.tylerhats.proxitap} flags=0x10}
06-24 02:10:51.459  1984  3833 V WindowManager:    ChangeInfo{c89318c container=ActivityRecord{231659508 u0 com.tylerhats.proxitap/.MainActivity t389 f}} flags=0x0}
06-24 02:10:51.460  1984  3833 D ChangeTransitionController:    ChangeInfo{d6314de container=Task{1967b1d #389 type=standard A=10375:com.tylerhats.proxitap} flags=0x10}
06-24 02:10:51.460  1984  3833 D ChangeTransitionController:    ChangeInfo{c89318c container=ActivityRecord{231659508 u0 com.tylerhats.proxitap/.MainActivity t389 f}} flags=0x0}
06-24 02:10:51.460  1984  3833 V WindowManager:    ChangeInfo{2bca56b container=Task{1967b1d #389 type=standard A=10375:com.tylerhats.proxitap} flags=0x0}
06-24 02:10:51.460  1984  3833 V WindowManager:    ChangeInfo{9404799 container=Window{5c2ffdb u0 Splash Screen com.tylerhats.proxitap} flags=0x0}
06-24 02:10:51.460  1984  3833 V WindowManager:    ChangeInfo{2744d61 container=ActivityRecord{191253212 u0 com.tylerhats.proxitap/.MainActivity t389} flags=0x0}
06-24 02:10:51.460  1984  3833 V WindowManager:    ChangeInfo{51eb086 container=ActivityRecord{231659508 u0 com.tylerhats.proxitap/.MainActivity t389 f}} flags=0x0}
06-24 02:10:51.461  1984  3833 V WindowManager: Setting visibility of Window{31325d6 u0 com.tylerhats.proxitap/com.tylerhats.proxitap.MainActivity}: false, caller=com.android.server.wm.WindowContainer.sendAppVisibilityToClients:19 com.android.server.wm.WindowToken.setClientVisible:48 com.android.server.wm.ActivityRecord.commitVisibility:186 com.android.server.wm.TransitionController.finishTransition:846 com.android.server.wm.WindowOrganizerController.finishTransitionInner:31 
06-24 02:10:51.462  1984  3833 D ChangeTransitionController:    ChangeInfo{2bca56b container=Task{1967b1d #389 type=standard A=10375:com.tylerhats.proxitap} flags=0x0}
06-24 02:10:51.462  1984  3833 D ChangeTransitionController:    ChangeInfo{9404799 container=Window{5c2ffdb u0 Splash Screen com.tylerhats.proxitap} flags=0x0}
06-24 02:10:51.462  1984  3833 D ChangeTransitionController:    ChangeInfo{2744d61 container=ActivityRecord{191253212 u0 com.tylerhats.proxitap/.MainActivity t389} flags=0x0}
06-24 02:10:51.462  1984  3833 D ChangeTransitionController:    ChangeInfo{51eb086 container=ActivityRecord{231659508 u0 com.tylerhats.proxitap/.MainActivity t389 f}} flags=0x0}
06-24 02:10:51.472  1984  2359 I WindowManager: notifyInsetsControlChanged, removed=false, win=Window{5c2ffdb u0 Splash Screen com.tylerhats.proxitap}, caller=com.android.server.wm.InsetsStateController$$ExternalSyntheticLambda1.run:137 com.android.server.wm.WindowAnimator$$ExternalSyntheticLambda2.onTransactionCommitted:26 android.view.SurfaceControl$Transaction$$ExternalSyntheticLambda4.run:0 android.os.Handler.handleCallback:995 android.os.Handler.dispatchMessage:103 android.os.Looper.loopOnce:273 
06-24 02:10:51.489  1984  3446 D WindowManager: finishDrawingWindow: Window{ea2bb28 u0 com.tylerhats.proxitap/com.tylerhats.proxitap.MainActivity} mDrawState=DRAW_PENDING seqId=0
06-24 02:10:51.490  1984  2359 V WindowManager: Finish starting ActivityRecord{191253212 u0 com.tylerhats.proxitap/.MainActivity t389}: first real window is shown, no animation
06-24 02:10:51.491  1984  2359 V WindowManager: Schedule remove starting ActivityRecord{191253212 u0 com.tylerhats.proxitap/.MainActivity t389} startingWindow=Window{5c2ffdb u0 Splash Screen com.tylerhats.proxitap} animate=true Callers=com.android.server.wm.ActivityRecord.removeStartingWindow:178 com.android.server.wm.WindowState.performShowLocked:155 com.android.server.wm.WindowStateAnimator.commitFinishDrawingLocked:73 com.android.server.wm.DisplayContent$$ExternalSyntheticLambda1.accept$com$android$server$wm$DisplayContent$$ExternalSyntheticLambda37:23 com.android.server.wm.DisplayContent$$ExternalSyntheticLambda1.accept:143 
06-24 02:10:51.492  1984  2359 D TaskOrganizerController: applyStartingWindowAnimation, window=Window{ea2bb28 u0 com.tylerhats.proxitap/com.tylerhats.proxitap.MainActivity}, caller=com.android.server.wm.TaskOrganizerController.removeStartingWindow:132 com.android.server.wm.StartingSurfaceController$StartingSurface.remove:23 com.android.server.wm.ActivityRecord.removeStartingWindowAnimation:171 
06-24 02:10:51.492  1984  2359 I WindowManager: Reparenting to leash, surface=Surface(name=ea2bb28 com.tylerhats.proxitap/com.tylerhats.proxitap.MainActivity)/@0xdcb352b, leashParent=Surface(name=ActivityRecord{191253212 u0 com.tylerhats.proxitap/.MainActivity t389})/@0xb1d7e3f
06-24 02:10:51.493  1984  2359 D WindowManager: makeSurface duration=1 leash=Surface(name=Surface(name=ea2bb28 com.tylerhats.proxitap/com.tylerhats.proxitap.MainActivity)/@0xdcb352b - animation-leash of starting_reveal)/@0x3faed88
06-24 02:10:51.493  1984  2359 V WindowManager: performShowLocked: mDrawState=HAS_DRAWN in Window{ea2bb28 u0 com.tylerhats.proxitap/com.tylerhats.proxitap.MainActivity}
06-24 02:10:51.500  1984  2347 I Pageboost: Launch time gathered : pid 26060 com.tylerhats.proxitap 979
06-24 02:10:51.542  1984  3446 D WindowManager: finishDrawingWindow: Window{ea2bb28 u0 com.tylerhats.proxitap/com.tylerhats.proxitap.MainActivity} mDrawState=HAS_DRAWN seqId=0
06-24 02:10:51.576  1984  4579 D InsetsSourceProvider: updateControlForTarget: control=InsetsSourceControl: {3 mType=ime mSurfacePosition=Point(0, 99) mInsetsHint=Insets{left=0, top=0, right=0, bottom=972}}, target=Window{ea2bb28 u0 com.tylerhats.proxitap/com.tylerhats.proxitap.MainActivity}, from=com.android.server.wm.ImeInsetsSourceProvider.updateControlForTarget:17 com.android.server.wm.InsetsStateController.onControlTargetChanged:83 com.android.server.wm.DisplayContent.updateImeControlTarget:21 com.android.server.wm.DisplayContent.updateImeInputAndControlTarget:156 com.android.server.wm.WindowManagerService$LocalService.updateInputMethodTargetWindow:64 
06-24 02:10:51.576  1984  3446 W PackageConfigPersister: App-specific configuration not found for packageName: com.tylerhats.proxitap and userId: 0
06-24 02:10:51.580  1984  4579 D WindowManager: Starting window removed Window{5c2ffdb u0 Splash Screen com.tylerhats.proxitap}
06-24 02:10:51.581  1984  4579 I WindowManager: Cancelling animation restarting=false, leash=Surface(name=Surface(name=ea2bb28 com.tylerhats.proxitap/com.tylerhats.proxitap.MainActivity)/@0xdcb352b - animation-leash of starting_reveal)/@0x3faed88
06-24 02:10:51.581  1984  4579 I WindowManager: Reparenting to original parent: Surface(name=ActivityRecord{191253212 u0 com.tylerhats.proxitap/.MainActivity t389})/@0xb1d7e3f, destroy=false, surface=Surface(name=ea2bb28 com.tylerhats.proxitap/com.tylerhats.proxitap.MainActivity)/@0xdcb352b
06-24 02:10:51.581  1984  4579 V WindowManager: Remove Window{5c2ffdb u0 Splash Screen com.tylerhats.proxitap}: mSurfaceControl=Surface(name=Splash Screen com.tylerhats.proxitap$_3702)/@0xf206601 mAnimatingExit=false mRemoveOnExit=false mHasSurface=true surfaceShowing=true animating=false app-animation=false callers=com.android.server.wm.Session.remove:16 android.view.IWindowSession$Stub.onTransact:804 com.android.server.wm.Session.onTransact:1 android.os.Binder.execTransactInternal:1462 android.os.Binder.execTransact:1401 <bottom of call stack> 
06-24 02:10:51.583  1984  4579 D WindowManager: updateSystemBarAttributes: displayId=0, focusedCanBeNavColorWin=false, win=Window{ea2bb28 u0 com.tylerhats.proxitap/com.tylerhats.proxitap.MainActivity}, navColorWin=Window{ea2bb28 u0 com.tylerhats.proxitap/com.tylerhats.proxitap.MainActivity}, caller=com.android.server.wm.DisplayPolicy.finishPostLayoutPolicyLw:17 com.android.server.wm.RootWindowContainer.applySurfaceChangesTransaction$1:195 com.android.server.wm.RootWindowContainer.performSurfacePlacementNoTrace:59 
06-24 02:10:51.584  1984  4528 D CoreBackPreview: Window{31325d6 u0 com.tylerhats.proxitap/com.tylerhats.proxitap.MainActivity}: Setting back callback null
06-24 02:10:51.585  1984  3446 V WindowManager: Remove Window{31325d6 u0 com.tylerhats.proxitap/com.tylerhats.proxitap.MainActivity}: mSurfaceControl=Surface(name=com.tylerhats.proxitap/com.tylerhats.proxitap.MainActivity$_26060)/@0x5a5eca6 mAnimatingExit=false mRemoveOnExit=false mHasSurface=true surfaceShowing=false animating=false app-animation=false callers=com.android.server.wm.Session.remove:16 android.view.IWindowSession$Stub.onTransact:804 com.android.server.wm.Session.onTransact:1 android.os.Binder.execTransactInternal:1457 android.os.Binder.execTransact:1401 <bottom of call stack> 
06-24 02:10:51.591  1984  2356 D SGM:FgCheckThread: getForegroundApp(), foregroundPkgName=com.tylerhats.proxitap
06-24 02:10:51.592  1984  2356 D SGM:FgCheckThread: noteStopComponent(), received pkgName: com.sec.android.app.camera, focusedPkgName: com.tylerhats.proxitap, userId: 0
06-24 02:10:51.604  1984  2350 D SGM:GameManager: identifyForegroundApp. com.tylerhats.proxitap, mCurrentUserId: 0, callerUserId: 0
06-24 02:10:51.608  1984  2356 D SGM:FgCheckThread: getForegroundApp(), foregroundPkgName=com.tylerhats.proxitap
06-24 02:10:51.608  1984  2356 D SGM:FgCheckThread: pkgName: com.tylerhats.proxitap is in foreground
06-24 02:10:51.610  1984  2350 D SGM:GameManager: identifyForegroundApp. com.tylerhats.proxitap, mCurrentUserId: 0, callerUserId: 0
06-24 02:10:51.734  1984  3163 D MdnieScenarioControlService:  packageName : com.tylerhats.proxitap    className : com.tylerhats.proxitap.MainActivity
06-24 02:10:52.036  1984  3446 D InsetsSourceProvider: updateControlForTarget: control=InsetsSourceControl: {e78c0000 mType=statusBars initiallyVisible mSurfacePosition=Point(0, 0) mInsetsHint=Insets{left=0, top=99, right=0, bottom=0}}, target=Window{ea2bb28 u0 com.tylerhats.proxitap/com.tylerhats.proxitap.MainActivity}, from=com.android.server.wm.InsetsStateController.onControlTargetChanged:83 com.android.server.wm.InsetsPolicy.updateBarControlTarget:212 com.android.server.wm.DisplayPolicy.updateSystemBarAttributes:262 com.android.server.wm.DisplayPolicy.finishPostLayoutPolicyLw:17 com.android.server.wm.RootWindowContainer.applySurfaceChangesTransaction$1:195 
06-24 02:10:52.077  1984  2356 D SGM:GameManager: identifyForegroundApp. com.tylerhats.proxitap, mCurrentUserId: 0, callerUserId: 0
06-24 02:10:52.366 26060 26060 E AndroidRuntime: Process: com.tylerhats.proxitap, PID: 26060
06-24 02:10:52.366 26060 26060 E AndroidRuntime: java.lang.SecurityException: com.tylerhats.proxitap was not granted either of these permissions:android.permission.CHANGE_NETWORK_STATE,android.permission.WRITE_SETTINGS.
06-24 02:10:52.366 26060 26060 E AndroidRuntime: 	at com.tylerhats.proxitap.network.NanImpl.requestDataPathAsPeer(NanImpl.kt:246)
06-24 02:10:52.366 26060 26060 E AndroidRuntime: 	at com.tylerhats.proxitap.network.NanImpl.access$requestDataPathAsPeer(NanImpl.kt:22)
06-24 02:10:52.366 26060 26060 E AndroidRuntime: 	at com.tylerhats.proxitap.network.NanImpl$joinLobby$2$doSubscribe$1$1.onServiceDiscovered(NanImpl.kt:168)
06-24 02:10:52.369  1984  4528 W ActivityTaskManager:   Force finishing activity com.tylerhats.proxitap/.MainActivity
06-24 02:10:52.370  1984  4528 V WindowManager: Collecting in transition 101: Task{1967b1d #389 type=standard A=10375:com.tylerhats.proxitap}, caller=com.android.server.wm.Transition.collectExistenceChange:40 com.android.server.wm.Transition.collectClose:7 com.android.server.wm.ActivityRecord.finishIfPossible:50 com.android.server.wm.ActivityRecord.finishIfPossible:1 com.android.server.wm.RootWindowContainer$$ExternalSyntheticLambda34.accept:179 
06-24 02:10:52.370  1984  4528 D WindowManager: prepareSync <SYNC_STATE_WAITING_FOR_DRAW>, mPrepareSyncSeqId=0, win=Window{ea2bb28 u0 com.tylerhats.proxitap/com.tylerhats.proxitap.MainActivity}
06-24 02:10:52.371  1984  4528 D ActivityTaskManager: scheduleTopResumedActivityChanged, onTop=false, r=ActivityRecord{191253212 u0 com.tylerhats.proxitap/.MainActivity t389 f}}, caller=com.android.server.wm.ActivityTaskSupervisor.scheduleTopResumedActivityStateLossIfNeeded:19 com.android.server.wm.ActivityTaskSupervisor.updateTopResumedActivityIfNeeded:20 com.android.server.wm.TaskDisplayArea.positionChildAt:252 com.android.server.wm.WindowContainer.positionChildAt:84 com.android.server.wm.Task.positionChildAt:19 com.android.server.wm.Task.moveToFront:257 
06-24 02:10:52.371  1984  4528 V WindowManager: Collecting in transition 101: ActivityRecord{191253212 u0 com.tylerhats.proxitap/.MainActivity t389 f}}, caller=com.android.server.wm.TransitionController.collect:7 com.android.server.wm.ActivityRecord.setVisibility:132 com.android.server.wm.ActivityRecord.finishIfPossible:87 com.android.server.wm.ActivityRecord.finishIfPossible:1 com.android.server.wm.RootWindowContainer$$ExternalSyntheticLambda34.accept:179 
06-24 02:10:52.373  3702  3759 V WindowManagerShell: Transition requested (#101): android.os.BinderProxy@c8faf36 TransitionRequestInfo { type = CLOSE, triggerTask = TaskInfo{userId=0 taskId=389 effectiveUid=10375 displayId=0 isRunning=true baseIntent=Intent { act=android.intent.action.VIEW dat=https://pt.htsth.app/... flg=0x10004000 cmp=com.tylerhats.proxitap/.MainActivity } baseActivity=ComponentInfo{com.tylerhats.proxitap/com.tylerhats.proxitap.MainActivity} topActivity=ComponentInfo{com.tylerhats.proxitap/com.tylerhats.proxitap.MainActivity} origActivity=null realActivity=ComponentInfo{com.tylerhats.proxitap/com.tylerhats.proxitap.MainActivity} numActivities=1 lastActiveTime=140567215 supportsMultiWindow=true resizeMode=1 isResizeable=true minWidth=-1 minHeight=-1 maxWidth=-1 maxHeight=-1 defaultMinSize=220 desktopDefaultMinSize=304 token=WCT{android.window.IWindowContainerToken$Stub$Proxy@a543e37} topActivityType=1 pictureInPictureParams=null shouldDockBigOverlays=false launchIntoPipHostTaskId=-1 lastParentTaskIdBeforePip=-1 displayCutoutSafeInsets=Rect(0, 0 - 0, 0) topActivityInfo=ActivityInfo{65d6fa4 com.tylerhats.proxitap.MainActivity} launchCookies=[] positionInParent=Point(0, 0) parentTaskId=-1 isFocused=true isVisible=true isVisibleRequested=true isTopActivityNoDisplay=false isSleeping=false locusId=null displayAreaFeatureId=1 isTopActivityTransparent=false isActivityStackTransparent=false lastNonFullscreenBounds=Rect(81, 615 - 999, 1785) capturedLink=null capturedLinkTimestamp=0 requestedVisibleTypes=-9 topActivityRequestOpenInBrowserEducationTimestamp=0 appCompatTaskInfo=AppCompatTaskInfo { topActivityInSizeCompat=false eligibleForLetterboxEducation= false isLetterboxEducationEnabled= false isLetterboxDoubleTapEnabled= false eligibleForUserAspectRatioButton= false topActivityBoundsLetterboxed= false isFromLetterboxDoubleTap= false topActivityLetterboxVerticalPosition= -1 topActivityLetterboxHorizontalPosition= -1 topActivityLetterboxWidth=-1 topActivityLetterboxHeight=-1 topActivityAppBounds=Rect(0, 0 - 1080, 2340) isUserFullscreenOverrideEnabled=false isSystemFullscreenOverrideEnabled=false hasMinAspectRatioOverride=false topActivityLetterboxBounds=null cameraCompatTaskInfo=CameraCompatTaskInfo { freeformCameraCompatMode=inactive} topActivityBounds=null topActivityInDisplayCompat=false singleTapFromLetterbox=false} topActivityMainWindowFrame=null originallySupportedMultiWindow=true hasWallpaper=false rootAffinity=10375:com.tylerhats.proxitap isTopTaskInStage=false CoverLauncherWidgetTask=false LaunchedFromAppsCoverLauncherTask=false LaunchedFromMultistarCoverLauncherTask=false isAllowedSeamlessRotation=false isTopTransparentActivity=false isAliasManaged=false hasConfigChanged=false snappingGuideBounds=null isAiKeyRemoveAppTask=false lastDesktopWindowingBounds=null lastExternalDesktopWindowingBounds=null safeCutoutInsets=null}, pipChange = null, remoteTransition = null, displayChange = null, flags = 16, debugId = 101 }
06-24 02:10:52.375  1984 26144 W ActivityManager: crash : com.tylerhats.proxitap,10375
06-24 02:10:52.383  1984  4528 D WindowManager: Changing focus from Window{ea2bb28 u0 com.tylerhats.proxitap/com.tylerhats.proxitap.MainActivity} to null displayId=0 Callers=com.android.server.wm.WindowManagerService.relayoutWindow:1366 com.android.server.wm.Session.relayout:27 android.view.IWindowSession$Stub.onTransact:829 com.android.server.wm.Session.onTransact:1 
06-24 02:10:52.396  1984  3799 I MediaSessionStack: removeSession | record: com.tylerhats.proxitap/ProxiTap_PTT/12 (userId=0)
06-24 02:10:52.396  1984 13954 D PowerManagerService: [api] handleWakeLockDeath : release WakeLock : PARTIAL_WAKE_LOCK                 'ProxiTap::CallServiceCpuWakeLock' ACQ=-1s68ms (uid=10375 pid=26060 displayId=0 lock=44cdc51)
06-24 02:10:52.396  1984 14141 I WindowManager: WIN DEATH: Window{ea2bb28 u0 com.tylerhats.proxitap/com.tylerhats.proxitap.MainActivity}
06-24 02:10:52.397  1984 14141 V WindowManager: Remove Window{ea2bb28 u0 com.tylerhats.proxitap/com.tylerhats.proxitap.MainActivity}: mSurfaceControl=Surface(name=com.tylerhats.proxitap/com.tylerhats.proxitap.MainActivity$_26060)/@0x12d2db7 mAnimatingExit=false mRemoveOnExit=false mHasSurface=true surfaceShowing=true animating=false app-animation=false callers=com.android.server.wm.Session.binderDied:85 android.os.IBinder$DeathRecipient.binderDied:346 android.os.BinderProxy.sendDeathNotice:848 <bottom of call stack> <bottom of call stack> <bottom of call stack> 
06-24 02:10:52.398  1984  4579 I ActivityManager: Process com.tylerhats.proxitap (pid 26060) has died: fg  TOP (1109,588)
06-24 02:10:52.399  1984 14141 D WindowManager: updateSystemBarAttributes: displayId=0, focusedCanBeNavColorWin=false, win=Window{ea2bb28 u0 com.tylerhats.proxitap/com.tylerhats.proxitap.MainActivity EXITING}, navColorWin=null, caller=com.android.server.wm.DisplayPolicy.finishPostLayoutPolicyLw:17 com.android.server.wm.RootWindowContainer.applySurfaceChangesTransaction$1:195 com.android.server.wm.RootWindowContainer.performSurfacePlacementNoTrace:59 
06-24 02:10:52.400 13091 13091 I SDHMS:PowerAnomaly:Gatherer:AppError: update AppError : uid=10375, pkg=com.tylerhats.proxitap, errorType=crash
06-24 02:10:52.404  1984  4579 V WindowManager: Collecting in transition 101: Task{1967b1d #389 type=standard A=10375:com.tylerhats.proxitap}, caller=com.android.server.wm.Transition.collectClose:12 com.android.server.wm.WindowProcessController.handleAppDied$1:465 com.android.server.am.ActivityManagerService.handleAppDiedLocked:248 com.android.server.am.ActivityManagerService.appDiedLocked:570 com.android.server.am.ActivityManagerService$AppDeathRecipient.binderDied:17 
06-24 02:10:52.405  1984  4579 V WindowManager: Collecting in transition 101: ActivityRecord{191253212 u0 com.tylerhats.proxitap/.MainActivity t389 f}}, caller=com.android.server.wm.TransitionController.collect:7 com.android.server.wm.ActivityRecord.onRemovedFromDisplay:258 com.android.server.wm.ActivityRecord.removeFromHistory:173 com.android.server.wm.WindowProcessController.handleAppDied$1:507 com.android.server.am.ActivityManagerService.handleAppDiedLocked:248 
06-24 02:10:52.408 13091 13091 I SDHMS:PowerAnomaly:Analyzer:AppError: analyze app error : uid=10375, pkg=com.tylerhats.proxitap, appErrorCount=9
06-24 02:10:52.423  1984  2356 D SGM:FgCheckThread: pkgName: com.tylerhats.proxitap is not in foreground
06-24 02:10:52.423  1984  2356 D SGM:FgCheckThread: noteStopComponent(), received pkgName: com.tylerhats.proxitap, focusedPkgName: com.sec.android.app.launcher, userId: 0
06-24 02:10:52.454  1984  2359 D ChangeTransitionController:    ChangeInfo{ace1bb4 container=Task{1967b1d #389 type=standard A=10375:com.tylerhats.proxitap} flags=0x0}
06-24 02:10:52.454  1984  2359 D ChangeTransitionController:    ChangeInfo{c5d0d9 container=ActivityRecord{191253212 u0 com.tylerhats.proxitap/.MainActivity t389 f} isExiting} flags=0x0}
06-24 02:10:52.454  1984  2359 V WindowManager: Start calculating TransitionInfo based on participants: {Task{1967b1d #389 type=standard A=10375:com.tylerhats.proxitap}, Task{2b7b6b7 #372 type=home I=com.sec.android.app.launcher/.activities.LauncherActivity}, Task{7607987 #1 type=home}, WallpaperWindowToken{8b7201d showWhenLocked=false}_<system>, ActivityRecord{191253212 u0 com.tylerhats.proxitap/.MainActivity t389 f} isExiting}, ActivityRecord{267106742 u0 com.sec.android.app.launcher/.activities.LauncherActivity t372}}
06-24 02:10:52.455  1984  2359 V WindowManager:   Final targets: [ChangeInfo{ef7bb52 container=Task{7607987 #1 type=home} flags=0x30}, ChangeInfo{ace1bb4 container=Task{1967b1d #389 type=standard A=10375:com.tylerhats.proxitap} flags=0x10}, ChangeInfo{df9ee23 container=WallpaperWindowToken{8b7201d showWhenLocked=false}_<system> flags=0x0}]
06-24 02:10:52.458  1984  2359 V WindowManager:         {WCT{RemoteToken{af099d9 Task{1967b1d #389 type=standard A=10375:com.tylerhats.proxitap}}} m=CLOSE f=NONE leash=Surface(name=Task=389)/@0xf3b4f23 sb=Rect(0, 0 - 1080, 2340) eb=Rect(0, 0 - 1080, 2340) epz=Point(1080, 2340) d=0 taskParent=-1 inset=Rect(0, 0 - 0, 0) dim=true},
06-24 02:10:52.464  1984  2347 V WindowManager: Sent Transition (#101) createdAt=06-24 02:10:52.369 via request=TransitionRequestInfo { type = CLOSE, triggerTask = TaskInfo{userId=0 taskId=389 effectiveUid=10375 displayId=0 isRunning=true baseIntent=Intent { act=android.intent.action.VIEW dat=https://pt.htsth.app/... flg=0x10004000 cmp=com.tylerhats.proxitap/.MainActivity } baseActivity=ComponentInfo{com.tylerhats.proxitap/com.tylerhats.proxitap.MainActivity} topActivity=ComponentInfo{com.tylerhats.proxitap/com.tylerhats.proxitap.MainActivity} origActivity=null realActivity=ComponentInfo{com.tylerhats.proxitap/com.tylerhats.proxitap.MainActivity} numActivities=1 lastActiveTime=140567215 supportsMultiWindow=true resizeMode=1 isResizeable=true minWidth=-1 minHeight=-1 maxWidth=-1 maxHeight=-1 defaultMinSize=220 desktopDefaultMinSize=304 token=WCT{RemoteToken{af099d9 Task{1967b1d #389 type=standard A=10375:com.tylerhats.proxitap}}} topActivityType=1 pictureInPictureParams=null shouldDockBigOverlays=false launchIntoPipHostTaskId=-1 lastParentTaskIdBeforePip=-1 displayCutoutSafeInsets=Rect(0, 0 - 0, 0) topActivityInfo=ActivityInfo{2c4c455 com.tylerhats.proxitap.MainActivity} launchCookies=[] positionInParent=Point(0, 0) parentTaskId=-1 isFocused=true isVisible=true isVisibleRequested=true isTopActivityNoDisplay=false isSleeping=false locusId=null displayAreaFeatureId=1 isTopActivityTransparent=false isActivityStackTransparent=false lastNonFullscreenBounds=Rect(81, 615 - 999, 1785) capturedLink=null capturedLinkTimestamp=0 requestedVisibleTypes=-9 topActivityRequestOpenInBrowserEducationTimestamp=0 appCompatTaskInfo=AppCompatTaskInfo { topActivityInSizeCompat=false eligibleForLetterboxEducation= false isLetterboxEducationEnabled= false isLetterboxDoubleTapEnabled= false eligibleForUserAspectRatioButton= false topActivityBoundsLetterboxed= false isFromLetterboxDoubleTap= false topActivityLetterboxVerticalPosition= -1 topActivityLetterboxHorizontalPosition= -1 topActivityLetterboxWidth=-1 topActivityLetterboxHeight=-1 topActivityAppBounds=Rect(0, 0 - 1080, 2340) isUserFullscreenOverrideEnabled=false isSystemFullscreenOverrideEnabled=false hasMinAspectRatioOverride=false topActivityLetterboxBounds=null cameraCompatTaskInfo=CameraCompatTaskInfo { freeformCameraCompatMode=inactive} topActivityBounds=null topActivityInDisplayCompat=false singleTapFromLetterbox=false} topActivityMainWindowFrame=null originallySupportedMultiWindow=true hasWallpaper=false rootAffinity=10375:com.tylerhats.proxitap isTopTaskInStage=false CoverLauncherWidgetTask=false LaunchedFromAppsCoverLauncherTask=false LaunchedFromMultistarCoverLauncherTask=false isAllowedSeamlessRotation=false isTopTransparentActivity=false isAliasManaged=false hasConfigChanged=false snappingGuideBounds=null isAiKeyRemoveAppTask=false lastDesktopWindowingBounds=null lastExternalDesktopWindowingBounds=null safeCutoutInsets=null}, pipChange = null, remoteTransition = null, displayChange = null, flags = 16, debugId = 101 }
06-24 02:10:52.464  1984  2347 V WindowManager:         {WCT{RemoteToken{af099d9 Task{1967b1d #389 type=standard A=10375:com.tylerhats.proxitap}}} m=CLOSE f=NONE leash=Surface(name=Task=389)/@0xf3b4f23 sb=Rect(0, 0 - 1080, 2340) eb=Rect(0, 0 - 1080, 2340) epz=Point(1080, 2340) d=0 taskParent=-1 inset=Rect(0, 0 - 0, 0) dim=true},
06-24 02:10:52.871  1984  2356 W ActivityTaskManager: Activity top resumed state loss timeout for ActivityRecord{191253212 u0 com.tylerhats.proxitap/.MainActivity t389 f} isExiting}
06-24 02:10:53.233  1984 13067 V WindowManager:    ChangeInfo{ace1bb4 container=Task{1967b1d #389 type=standard A=10375:com.tylerhats.proxitap} flags=0x10}
06-24 02:10:53.233  1984 13067 V WindowManager:    ChangeInfo{c5d0d9 container=ActivityRecord{191253212 u0 com.tylerhats.proxitap/.MainActivity t389 f} isExiting} flags=0x0}
06-24 02:10:53.235  1984 13067 V WindowManager: Setting visibility of Window{ea2bb28 u0 com.tylerhats.proxitap/com.tylerhats.proxitap.MainActivity EXITING}: false, caller=com.android.server.wm.WindowContainer.sendAppVisibilityToClients:19 com.android.server.wm.WindowToken.setClientVisible:48 com.android.server.wm.ActivityRecord.commitVisibility:186 com.android.server.wm.TransitionController.finishTransition:846 com.android.server.wm.WindowOrganizerController.finishTransitionInner:31 
06-24 02:10:53.236  1984 13067 W WindowManager: Exception thrown during dispatchAppVisibility Window{ea2bb28 u0 com.tylerhats.proxitap/com.tylerhats.proxitap.MainActivity EXITING}
06-24 02:10:53.239  1984 13067 V WindowManager: Remove Window{ea2bb28 u0 com.tylerhats.proxitap/com.tylerhats.proxitap.MainActivity EXITING}: mSurfaceControl=Surface(name=com.tylerhats.proxitap/com.tylerhats.proxitap.MainActivity$_26060)/@0x12d2db7 mAnimatingExit=true mRemoveOnExit=true mHasSurface=true surfaceShowing=true animating=false app-animation=false callers=com.android.server.wm.WindowToken.removeAllWindowsIfPossible:45 com.android.server.wm.WindowToken.removeIfPossible:16 com.android.server.wm.WindowToken.handleCompleteDeferredRemoval:5 com.android.server.wm.WindowContainer.handleCompleteDeferredRemoval:21 com.android.server.wm.TaskFragment.handleCompleteDeferredRemoval:17 com.android.server.wm.WindowContainer.handleCompleteDeferredRemoval:21 
06-24 02:10:53.241  1984 13067 V WindowManager: Remove Window{ea2bb28 u0 com.tylerhats.proxitap/com.tylerhats.proxitap.MainActivity EXITING}: mSurfaceControl=Surface(name=com.tylerhats.proxitap/com.tylerhats.proxitap.MainActivity$_26060)/@0x12d2db7 mAnimatingExit=true mRemoveOnExit=true mHasSurface=true surfaceShowing=true animating=false app-animation=false callers=com.android.server.wm.WindowToken.removeAllWindowsIfPossible:45 com.android.server.wm.WindowToken.removeIfPossible:16 com.android.server.wm.ActivityRecord.onRemovedFromDisplay:407 com.android.server.wm.ActivityRecord.removeImmediately:46 com.android.server.wm.WindowToken.removeIfPossible:19 com.android.server.wm.WindowToken.handleCompleteDeferredRemoval:5 
06-24 02:10:53.246  1984 13067 D ChangeTransitionController:    ChangeInfo{ace1bb4 container=Task{1967b1d #389 type=standard A=10375:com.tylerhats.proxitap} flags=0x10}
06-24 02:10:53.246  1984 13067 D ChangeTransitionController:    ChangeInfo{c5d0d9 container=ActivityRecord{191253212 u0 com.tylerhats.proxitap/.MainActivity t-1 f}} flags=0x0}
06-24 02:14:22.127  1984  2394 I ActivityManager: Start proc 27162:com.tylerhats.proxitap/u0a375 for service {com.tylerhats.proxitap/com.google.android.datatransport.runtime.scheduling.jobscheduling.JobInfoSchedulerService}
06-24 02:14:22.432  1984  2837 W JobServiceContext: Sending onNetworkChanged for a job that isn't started. JobStatus{ea4689a #u0a375/-1027791272 com.tylerhats.proxitap/com.google.android.datatransport.runtime.scheduling.jobscheduling.JobInfoSchedulerService u=0 s=10375 TIME=-1m17s700ms:none NET READY}
06-24 02:14:50.308  1984  2356 I ActivityManager: Killing 27162:com.tylerhats.proxitap/u0a375 (adj 905): remove task
06-24 02:16:33.759  1984  2811 D InstallDependencyHelper: No missing dependency for com.tylerhats.proxitap
06-24 02:16:33.760  1984  2811 I PackageManager:           pkg{com.tylerhats.proxitap}
06-24 02:16:33.787  1984  2493 I PackageManager: Update package com.tylerhats.proxitap code path from /data/app/~~5OVDvoApxIhMSpduvLaF2w==/com.tylerhats.proxitap-EkIC69-waclGOLIMftZXfg== to /data/app/vmdl799667348.tmp; Retain data and using new
06-24 02:16:33.791  1984  2493 D SpqrService: Package is debuggable com.tylerhats.proxitap
06-24 02:16:33.998  1984  2493 D PermissionService: setAllowlistedRestrictedPermissionsUnchecked called for package - com.tylerhats.proxitap
06-24 02:16:33.998  1984  2493 D PermissionService: updateAdminPermissionsInternalcom.tylerhats.proxitap
06-24 02:16:34.041  1984  2393 I ActivityManager: Force stopping com.tylerhats.proxitap appid=10375 user=-1: installPackageLI
06-24 02:16:34.058  1984  2493 I PackageManager: installation completed for package:com.tylerhats.proxitap. Final code path: /data/app/~~8phiBngMc8iO8sgFkH_IqQ==/com.tylerhats.proxitap-NFwqElqpp9SkWQ1fg51pkA==
06-24 02:16:34.078  1984  2493 I ActivityManager: Force stopping com.tylerhats.proxitap appid=10375 user=0: pkg removed
06-24 02:16:34.094  1984  2819 D OverlayManager: reconcileSettingsForPackage pkgName=com.tylerhats.proxitap userId=0
06-24 02:16:34.094  1984  2819 I OverlayManager: updateOverlaysForTarget() called with: targetPackage = [com.tylerhats.proxitap], userId = [0], flags = [2]
06-24 02:16:34.105  1984  2387 I SGM:GameManager: PkgUpdateReceiver, onPackageRemoved(). pkgName=com.tylerhats.proxitap, userId=0
06-24 02:16:34.105  1984  2387 D SGM:Util: isPkgInstalled(). pkgName=com.tylerhats.proxitap, userId=0, installed=true
06-24 02:16:34.107  1984  2387 D MetaDataCollector: onReceive: done pkgName=com.tylerhats.proxitap
06-24 02:16:34.108  1984  2387 D LauncherAppsService: Calling onPackageRemoved: com.tylerhats.proxitap, EXTRA_REPLACING: true
06-24 02:16:34.121  1984  3211 D ShortcutService: replacing package: com.tylerhats.proxitap userId=0
06-24 02:16:34.124  1984  3170 D SGM:GameManager: identifyGamePackage. com.tylerhats.proxitap, mCurrentUserId: 0, callingMethodInfo: com.samsung.android.game.SemGameManager.isGamePackage(SemGameManager.java:106)
06-24 02:16:34.124  1984  3170 D SGM:SemGameManager: isGamePackage(), pkgName=com.tylerhats.proxitap, ret=false
06-24 02:16:34.129  1984  2819 D OverlayManager: reconcileSettingsForPackage pkgName=com.tylerhats.proxitap userId=0
06-24 02:16:34.129  1984  2819 I OverlayManager: updateOverlaysForTarget() called with: targetPackage = [com.tylerhats.proxitap], userId = [0], flags = [0]
06-24 02:16:34.130  1984  2913 W PackageConfigPersister: App-specific configuration not found for packageName: com.tylerhats.proxitap and userId: 0
06-24 02:16:34.134 32298 32298 D ActivityThread: Package [com.tylerhats.proxitap] reported as REPLACED, but missing application info. Assuming REMOVED.
06-24 02:16:34.134 13615 13615 D ActivityThread: Package [com.tylerhats.proxitap] reported as REPLACED, but missing application info. Assuming REMOVED.
06-24 02:16:34.134  9379  9379 D ActivityThread: Package [com.tylerhats.proxitap] reported as REPLACED, but missing application info. Assuming REMOVED.
06-24 02:16:34.135 19690 19690 D ActivityThread: Package [com.tylerhats.proxitap] reported as REPLACED, but missing application info. Assuming REMOVED.
06-24 02:16:34.135 25160 25160 D ActivityThread: Package [com.tylerhats.proxitap] reported as REPLACED, but missing application info. Assuming REMOVED.
06-24 02:16:34.135  9395  9395 D ActivityThread: Package [com.tylerhats.proxitap] reported as REPLACED, but missing application info. Assuming REMOVED.
06-24 02:16:34.135 26161 26161 D ActivityThread: Package [com.tylerhats.proxitap] reported as REPLACED, but missing application info. Assuming REMOVED.
06-24 02:16:34.136  1604  1604 D ActivityThread: Package [com.tylerhats.proxitap] reported as REPLACED, but missing application info. Assuming REMOVED.
06-24 02:16:34.136  4456  4456 D ActivityThread: Package [com.tylerhats.proxitap] reported as REPLACED, but missing application info. Assuming REMOVED.
06-24 02:16:34.136 11862 11862 D ActivityThread: Package [com.tylerhats.proxitap] reported as REPLACED, but missing application info. Assuming REMOVED.
06-24 02:16:34.137  4151  4151 D ActivityThread: Package [com.tylerhats.proxitap] reported as REPLACED, but missing application info. Assuming REMOVED.
06-24 02:16:34.137 19077 19077 D ActivityThread: Package [com.tylerhats.proxitap] reported as REPLACED, but missing application info. Assuming REMOVED.
06-24 02:16:34.137  3465  3465 D ActivityThread: Package [com.tylerhats.proxitap] reported as REPLACED, but missing application info. Assuming REMOVED.
06-24 02:16:34.138 11725 11725 D ActivityThread: Package [com.tylerhats.proxitap] reported as REPLACED, but missing application info. Assuming REMOVED.
06-24 02:16:34.139  7899  7899 D ActivityThread: Package [com.tylerhats.proxitap] reported as REPLACED, but missing application info. Assuming REMOVED.
06-24 02:16:34.139 12903 12903 D ActivityThread: Package [com.tylerhats.proxitap] reported as REPLACED, but missing application info. Assuming REMOVED.
06-24 02:16:34.140  7475  7475 D ActivityThread: Package [com.tylerhats.proxitap] reported as REPLACED, but missing application info. Assuming REMOVED.
06-24 02:16:34.140 25339 25339 D ActivityThread: Package [com.tylerhats.proxitap] reported as REPLACED, but missing application info. Assuming REMOVED.
06-24 02:16:34.141 26966 26966 D ActivityThread: Package [com.tylerhats.proxitap] reported as REPLACED, but missing application info. Assuming REMOVED.
06-24 02:16:34.141 12947 12947 D ActivityThread: Package [com.tylerhats.proxitap] reported as REPLACED, but missing application info. Assuming REMOVED.
06-24 02:16:34.141  3702  3702 D ActivityThread: Package [com.tylerhats.proxitap] reported as REPLACED, but missing application info. Assuming REMOVED.
06-24 02:16:34.141  4171  4171 D ActivityThread: Package [com.tylerhats.proxitap] reported as REPLACED, but missing application info. Assuming REMOVED.
06-24 02:16:34.141 12988 12988 D ActivityThread: Package [com.tylerhats.proxitap] reported as REPLACED, but missing application info. Assuming REMOVED.
06-24 02:16:34.142 26588 26588 D ActivityThread: Package [com.tylerhats.proxitap] reported as REPLACED, but missing application info. Assuming REMOVED.
06-24 02:16:34.142 19365 19365 D ActivityThread: Package [com.tylerhats.proxitap] reported as REPLACED, but missing application info. Assuming REMOVED.
06-24 02:16:34.142  4174  4174 D ActivityThread: Package [com.tylerhats.proxitap] reported as REPLACED, but missing application info. Assuming REMOVED.
06-24 02:16:34.143 18807 18807 D ActivityThread: Package [com.tylerhats.proxitap] reported as REPLACED, but missing application info. Assuming REMOVED.
06-24 02:16:34.144  4485  4485 D ActivityThread: Package [com.tylerhats.proxitap] reported as REPLACED, but missing application info. Assuming REMOVED.
06-24 02:16:34.144 27258 27258 D ActivityThread: Package [com.tylerhats.proxitap] reported as REPLACED, but missing application info. Assuming REMOVED.
06-24 02:16:34.146 27471 27471 D ActivityThread: Package [com.tylerhats.proxitap] reported as REPLACED, but missing application info. Assuming REMOVED.
06-24 02:16:34.149 12904 12904 D ActivityThread: Package [com.tylerhats.proxitap] reported as REPLACED, but missing application info. Assuming REMOVED.
06-24 02:16:34.152 19736 19736 D ActivityThread: Package [com.tylerhats.proxitap] reported as REPLACED, but missing application info. Assuming REMOVED.
06-24 02:16:34.154 13615 13615 D ActivityThread: Package [com.tylerhats.proxitap] reported as REPLACED, but missing application info. Assuming REMOVED.
06-24 02:16:34.155 12904 12904 D ActivityThread: Package [com.tylerhats.proxitap] reported as REPLACED, but missing application info. Assuming REMOVED.
06-24 02:16:34.155  7475  7475 D ActivityThread: Package [com.tylerhats.proxitap] reported as REPLACED, but missing application info. Assuming REMOVED.
06-24 02:16:34.155 12903 12903 D ActivityThread: Package [com.tylerhats.proxitap] reported as REPLACED, but missing application info. Assuming REMOVED.
06-24 02:16:34.155  9395  9395 D ActivityThread: Package [com.tylerhats.proxitap] reported as REPLACED, but missing application info. Assuming REMOVED.
06-24 02:16:34.155 26161 26161 D ActivityThread: Package [com.tylerhats.proxitap] reported as REPLACED, but missing application info. Assuming REMOVED.
06-24 02:16:34.155 11862 11862 D ActivityThread: Package [com.tylerhats.proxitap] reported as REPLACED, but missing application info. Assuming REMOVED.
06-24 02:16:34.155 25160 25160 D ActivityThread: Package [com.tylerhats.proxitap] reported as REPLACED, but missing application info. Assuming REMOVED.
06-24 02:16:34.156  9379  9379 D ActivityThread: Package [com.tylerhats.proxitap] reported as REPLACED, but missing application info. Assuming REMOVED.
06-24 02:16:34.156  3465  3465 D ActivityThread: Package [com.tylerhats.proxitap] reported as REPLACED, but missing application info. Assuming REMOVED.
06-24 02:16:34.156  4151  4151 D ActivityThread: Package [com.tylerhats.proxitap] reported as REPLACED, but missing application info. Assuming REMOVED.
06-24 02:16:34.156 26588 26588 D ActivityThread: Package [com.tylerhats.proxitap] reported as REPLACED, but missing application info. Assuming REMOVED.
06-24 02:16:34.156  4174  4174 D ActivityThread: Package [com.tylerhats.proxitap] reported as REPLACED, but missing application info. Assuming REMOVED.
06-24 02:16:34.157 27471 27471 D ActivityThread: Package [com.tylerhats.proxitap] reported as REPLACED, but missing application info. Assuming REMOVED.
06-24 02:16:34.157 19690 19690 D ActivityThread: Package [com.tylerhats.proxitap] reported as REPLACED, but missing application info. Assuming REMOVED.
06-24 02:16:34.157 25339 25339 D ActivityThread: Package [com.tylerhats.proxitap] reported as REPLACED, but missing application info. Assuming REMOVED.
06-24 02:16:34.157  4456  4456 D ActivityThread: Package [com.tylerhats.proxitap] reported as REPLACED, but missing application info. Assuming REMOVED.
06-24 02:16:34.157 19077 19077 D ActivityThread: Package [com.tylerhats.proxitap] reported as REPLACED, but missing application info. Assuming REMOVED.
06-24 02:16:34.158 27258 27258 D ActivityThread: Package [com.tylerhats.proxitap] reported as REPLACED, but missing application info. Assuming REMOVED.
06-24 02:16:34.158 26966 26966 D ActivityThread: Package [com.tylerhats.proxitap] reported as REPLACED, but missing application info. Assuming REMOVED.
06-24 02:16:34.158 32298 32298 D ActivityThread: Package [com.tylerhats.proxitap] reported as REPLACED, but missing application info. Assuming REMOVED.
06-24 02:16:34.158  1604  1604 D ActivityThread: Package [com.tylerhats.proxitap] reported as REPLACED, but missing application info. Assuming REMOVED.
06-24 02:16:34.159 19365 19365 D ActivityThread: Package [com.tylerhats.proxitap] reported as REPLACED, but missing application info. Assuming REMOVED.
06-24 02:16:34.159  3702  3702 D ActivityThread: Package [com.tylerhats.proxitap] reported as REPLACED, but missing application info. Assuming REMOVED.
06-24 02:16:34.159 11725 11725 D ActivityThread: Package [com.tylerhats.proxitap] reported as REPLACED, but missing application info. Assuming REMOVED.
06-24 02:16:34.160  4485  4485 D ActivityThread: Package [com.tylerhats.proxitap] reported as REPLACED, but missing application info. Assuming REMOVED.
06-24 02:16:34.160  7899  7899 D ActivityThread: Package [com.tylerhats.proxitap] reported as REPLACED, but missing application info. Assuming REMOVED.
06-24 02:16:34.160 18807 18807 D ActivityThread: Package [com.tylerhats.proxitap] reported as REPLACED, but missing application info. Assuming REMOVED.
06-24 02:16:34.163  1984  1984 I Telecom : CarModeTracker: Package com.tylerhats.proxitap is not tracked.: SSH.oR@A+c
06-24 02:16:34.164 12988 12988 D ActivityThread: Package [com.tylerhats.proxitap] reported as REPLACED, but missing application info. Assuming REMOVED.
06-24 02:16:34.164 12947 12947 D ActivityThread: Package [com.tylerhats.proxitap] reported as REPLACED, but missing application info. Assuming REMOVED.
06-24 02:16:34.164  4171  4171 D ActivityThread: Package [com.tylerhats.proxitap] reported as REPLACED, but missing application info. Assuming REMOVED.
06-24 02:16:34.169  1984  3424 I Pageboost: remove app @ runtime : com.tylerhats.proxitap
06-24 02:16:34.183 19736 19736 D ActivityThread: Package [com.tylerhats.proxitap] reported as REPLACED, but missing application info. Assuming REMOVED.
06-24 02:16:34.189  3423  3423 D ActivityThread: Package [com.tylerhats.proxitap] reported as REPLACED, but missing application info. Assuming REMOVED.
06-24 02:16:34.191  3423  3423 D ActivityThread: Package [com.tylerhats.proxitap] reported as REPLACED, but missing application info. Assuming REMOVED.
06-24 02:16:34.282  1984  3254 D SGM:GameManager: identifyGamePackage. com.tylerhats.proxitap, mCurrentUserId: 0, callingMethodInfo: com.samsung.android.game.SemGameManager.isGamePackage(SemGameManager.java:106)
06-24 02:16:34.282  1984  3254 D SGM:SemGameManager: isGamePackage(), pkgName=com.tylerhats.proxitap, ret=false
06-24 02:16:34.286  1984  1984 I Telecom : SamsungOpenCommunicationPlatformPolicyPackageBroadcastReceiver : action : android.intent.action.PACKAGE_ADDED / packageName : com.tylerhats.proxitap
06-24 02:16:34.286  1984  4638 I Telecom : SamsungOpenCommunicationPlatformPolicyPackageHandler : handleMessage : { when=0 what=0 obj=com.tylerhats.proxitap target=com.samsung.server.telecom.advancedcall.ocp.policy.broadcast.SamsungOpenCommunicationPlatformPolicyPackageHandler }.what
06-24 02:16:34.295  1984  3424 D SGM:GameManager: identifyGamePackage. com.tylerhats.proxitap, mCurrentUserId: 0, callingMethodInfo: com.samsung.android.game.SemGameManager.isGamePackage(SemGameManager.java:106)
06-24 02:16:34.295  1984  3424 D SGM:SemGameManager: isGamePackage(), pkgName=com.tylerhats.proxitap, ret=false
06-24 02:16:34.295  1984  3424 I Pageboost: appinfo : com.tylerhats.proxitap 0 0 0 0
06-24 02:16:34.296  1984  3424 D SGM:GameManager: identifyGamePackage. com.tylerhats.proxitap, mCurrentUserId: 0, callingMethodInfo: com.samsung.android.game.SemGameManager.isGamePackage(SemGameManager.java:106)
06-24 02:16:34.296  1984  3424 D SGM:SemGameManager: isGamePackage(), pkgName=com.tylerhats.proxitap, ret=false
06-24 02:16:34.296  1984  3424 I Pageboost: Reset this app info : com.tylerhats.proxitap 
06-24 02:16:34.308  1984  3424 I Pageboost: db create : CREATE TABLE IF NOT EXISTS comtylerhatsproxitap (FILENAME TEXT, OFFSET INTEGER, SIZE INTEGER, FORVRAMDISK INTEGER, BITMAP BLOB, unique (FILENAME, OFFSET) );
06-24 02:16:34.357  1984  1984 D ActivityThread: Package [com.tylerhats.proxitap] reported as REPLACED, but missing application info. Assuming REMOVED.
06-24 02:16:34.360  1984  3424 I Pageboost: add app to global @ runtime: com.tylerhats.proxitap
06-24 02:16:34.373  1984  3254 D SGM:GameManager: identifyGamePackage. com.tylerhats.proxitap, mCurrentUserId: 0, callingMethodInfo: com.samsung.android.game.SemGameManager.isGamePackage(SemGameManager.java:106)
06-24 02:16:34.373  1984  3254 D SGM:SemGameManager: isGamePackage(), pkgName=com.tylerhats.proxitap, ret=false
06-24 02:16:34.375  1984  1984 D ActivityThread: Package [com.tylerhats.proxitap] reported as REPLACED, but missing application info. Assuming REMOVED.
06-24 02:16:34.376  1984  1984 W AlarmManager: Package com.tylerhats.proxitap, uid 10375 lost permission to set exact alarms!
06-24 02:16:35.459  1984  2387 I SGM:GameManager: PkgUpdateReceiver, onPackageAdded : com.tylerhats.proxitap userHandle : UserHandle{0} userId : 0
06-24 02:16:35.459  1984  2387 D SGM:GosNotifyThread: sendPackageMessage(), changeType=0, pkgName=com.tylerhats.proxitap, userHandleId=0
06-24 02:16:35.460  1984  2909 D SGM:GosNotifyThread: notifyPackageChangedToGos(), before send intent to GOS. type:15, changeType: 0, pkgName:com.tylerhats.proxitap, userHandleId:0
06-24 02:16:35.460  1984  2909 D SGM:PmAppCategoryManager: getManifestCategory(), manifestCategory=-1, packageName=com.tylerhats.proxitap
06-24 02:16:35.460  1984  2909 D SGM:PmAppCategoryManager: getCategoryOverride(), categoryOverride=-1, packageName=com.tylerhats.proxitap
06-24 02:16:35.460  1984  2909 I SGM:GosNotifyThread: notifyPackageChangedToGos(), category from pm: com.tylerhats.proxitap, [-1/-1]
06-24 02:16:35.580  1984  3820 D SGM:GameManager: setPackageConfigurations(). category=-1, pkgName=com.tylerhats.proxitap
