06-24 02:08:32.140  1984  2819 D OverlayManager: reconcileSettingsForPackage pkgName=com.tylerhats.proxitap userId=0
06-24 02:08:32.140  1984  2819 I OverlayManager: updateOverlaysForTarget() called with: targetPackage = [com.tylerhats.proxitap], userId = [0], flags = [0]
06-24 02:08:32.161 13615 13615 D ActivityThread: Package [com.tylerhats.proxitap] reported as REPLACED, but missing application info. Assuming REMOVED.
06-24 02:08:32.161 11862 11862 D ActivityThread: Package [com.tylerhats.proxitap] reported as REPLACED, but missing application info. Assuming REMOVED.
06-24 02:08:32.161 23462 23462 D ActivityThread: Package [com.tylerhats.proxitap] reported as REPLACED, but missing application info. Assuming REMOVED.
06-24 02:08:32.161  7475  7475 D ActivityThread: Package [com.tylerhats.proxitap] reported as REPLACED, but missing application info. Assuming REMOVED.
06-24 02:08:32.162 19690 19690 D ActivityThread: Package [com.tylerhats.proxitap] reported as REPLACED, but missing application info. Assuming REMOVED.
06-24 02:08:32.162  9379  9379 D ActivityThread: Package [com.tylerhats.proxitap] reported as REPLACED, but missing application info. Assuming REMOVED.
06-24 02:08:32.163 22833 22833 D ActivityThread: Package [com.tylerhats.proxitap] reported as REPLACED, but missing application info. Assuming REMOVED.
06-24 02:08:32.163  9395  9395 D ActivityThread: Package [com.tylerhats.proxitap] reported as REPLACED, but missing application info. Assuming REMOVED.
06-24 02:08:32.163 22726 22726 D ActivityThread: Package [com.tylerhats.proxitap] reported as REPLACED, but missing application info. Assuming REMOVED.
06-24 02:08:32.164 22511 22511 D ActivityThread: Package [com.tylerhats.proxitap] reported as REPLACED, but missing application info. Assuming REMOVED.
06-24 02:08:32.164 21625 21625 D ActivityThread: Package [com.tylerhats.proxitap] reported as REPLACED, but missing application info. Assuming REMOVED.
06-24 02:08:32.164 22903 22903 D ActivityThread: Package [com.tylerhats.proxitap] reported as REPLACED, but missing application info. Assuming REMOVED.
06-24 02:08:32.164 21550 21550 D ActivityThread: Package [com.tylerhats.proxitap] reported as REPLACED, but missing application info. Assuming REMOVED.
06-24 02:08:32.164 21595 21595 D ActivityThread: Package [com.tylerhats.proxitap] reported as REPLACED, but missing application info. Assuming REMOVED.
06-24 02:08:32.165 21758 21758 D ActivityThread: Package [com.tylerhats.proxitap] reported as REPLACED, but missing application info. Assuming REMOVED.
06-24 02:08:32.165 22279 22279 D ActivityThread: Package [com.tylerhats.proxitap] reported as REPLACED, but missing application info. Assuming REMOVED.
06-24 02:08:32.167 12947 12947 D ActivityThread: Package [com.tylerhats.proxitap] reported as REPLACED, but missing application info. Assuming REMOVED.
06-24 02:08:32.168 11725 11725 D ActivityThread: Package [com.tylerhats.proxitap] reported as REPLACED, but missing application info. Assuming REMOVED.
06-24 02:08:32.169 19077 19077 D ActivityThread: Package [com.tylerhats.proxitap] reported as REPLACED, but missing application info. Assuming REMOVED.
06-24 02:08:32.169  4456  4456 D ActivityThread: Package [com.tylerhats.proxitap] reported as REPLACED, but missing application info. Assuming REMOVED.
06-24 02:08:32.170  1604  1604 D ActivityThread: Package [com.tylerhats.proxitap] reported as REPLACED, but missing application info. Assuming REMOVED.
06-24 02:08:32.171  1984  2913 W PackageConfigPersister: App-specific configuration not found for packageName: com.tylerhats.proxitap and userId: 0
06-24 02:08:32.172 19365 19365 D ActivityThread: Package [com.tylerhats.proxitap] reported as REPLACED, but missing application info. Assuming REMOVED.
06-24 02:08:32.172 12988 12988 D ActivityThread: Package [com.tylerhats.proxitap] reported as REPLACED, but missing application info. Assuming REMOVED.
06-24 02:08:32.172  7899  7899 D ActivityThread: Package [com.tylerhats.proxitap] reported as REPLACED, but missing application info. Assuming REMOVED.
06-24 02:08:32.172 18807 18807 D ActivityThread: Package [com.tylerhats.proxitap] reported as REPLACED, but missing application info. Assuming REMOVED.
06-24 02:08:32.174  4174  4174 D ActivityThread: Package [com.tylerhats.proxitap] reported as REPLACED, but missing application info. Assuming REMOVED.
06-24 02:08:32.175  4485  4485 D ActivityThread: Package [com.tylerhats.proxitap] reported as REPLACED, but missing application info. Assuming REMOVED.
06-24 02:08:32.175  4151  4151 D ActivityThread: Package [com.tylerhats.proxitap] reported as REPLACED, but missing application info. Assuming REMOVED.
06-24 02:08:32.176  3465  3465 D ActivityThread: Package [com.tylerhats.proxitap] reported as REPLACED, but missing application info. Assuming REMOVED.
06-24 02:08:32.182  1984  3170 D SGM:GameManager: identifyGamePackage. com.tylerhats.proxitap, mCurrentUserId: 0, callingMethodInfo: com.samsung.android.game.SemGameManager.isGamePackage(SemGameManager.java:106)
06-24 02:08:32.182  1984  3170 D SGM:SemGameManager: isGamePackage(), pkgName=com.tylerhats.proxitap, ret=false
06-24 02:08:32.190 11862 11862 D ActivityThread: Package [com.tylerhats.proxitap] reported as REPLACED, but missing application info. Assuming REMOVED.
06-24 02:08:32.190 13615 13615 D ActivityThread: Package [com.tylerhats.proxitap] reported as REPLACED, but missing application info. Assuming REMOVED.
06-24 02:08:32.190  7475  7475 D ActivityThread: Package [com.tylerhats.proxitap] reported as REPLACED, but missing application info. Assuming REMOVED.
06-24 02:08:32.191  9379  9379 D ActivityThread: Package [com.tylerhats.proxitap] reported as REPLACED, but missing application info. Assuming REMOVED.
06-24 02:08:32.191  9395  9395 D ActivityThread: Package [com.tylerhats.proxitap] reported as REPLACED, but missing application info. Assuming REMOVED.
06-24 02:08:32.191 23462 23462 D ActivityThread: Package [com.tylerhats.proxitap] reported as REPLACED, but missing application info. Assuming REMOVED.
06-24 02:08:32.191 12947 12947 D ActivityThread: Package [com.tylerhats.proxitap] reported as REPLACED, but missing application info. Assuming REMOVED.
06-24 02:08:32.192 19690 19690 D ActivityThread: Package [com.tylerhats.proxitap] reported as REPLACED, but missing application info. Assuming REMOVED.
06-24 02:08:32.192 22726 22726 D ActivityThread: Package [com.tylerhats.proxitap] reported as REPLACED, but missing application info. Assuming REMOVED.
06-24 02:08:32.193  1604  1604 D ActivityThread: Package [com.tylerhats.proxitap] reported as REPLACED, but missing application info. Assuming REMOVED.
06-24 02:08:32.193 22511 22511 D ActivityThread: Package [com.tylerhats.proxitap] reported as REPLACED, but missing application info. Assuming REMOVED.
06-24 02:08:32.193 21595 21595 D ActivityThread: Package [com.tylerhats.proxitap] reported as REPLACED, but missing application info. Assuming REMOVED.
06-24 02:08:32.193 21625 21625 D ActivityThread: Package [com.tylerhats.proxitap] reported as REPLACED, but missing application info. Assuming REMOVED.
06-24 02:08:32.194 22833 22833 D ActivityThread: Package [com.tylerhats.proxitap] reported as REPLACED, but missing application info. Assuming REMOVED.
06-24 02:08:32.195  1984  2387 D LauncherAppsService: Calling onPackageRemoved: com.tylerhats.proxitap, EXTRA_REPLACING: true
06-24 02:08:32.203 22279 22279 D ActivityThread: Package [com.tylerhats.proxitap] reported as REPLACED, but missing application info. Assuming REMOVED.
06-24 02:08:32.203 22903 22903 D ActivityThread: Package [com.tylerhats.proxitap] reported as REPLACED, but missing application info. Assuming REMOVED.
06-24 02:08:32.203 21550 21550 D ActivityThread: Package [com.tylerhats.proxitap] reported as REPLACED, but missing application info. Assuming REMOVED.
06-24 02:08:32.204 21758 21758 D ActivityThread: Package [com.tylerhats.proxitap] reported as REPLACED, but missing application info. Assuming REMOVED.
06-24 02:08:32.205 11725 11725 D ActivityThread: Package [com.tylerhats.proxitap] reported as REPLACED, but missing application info. Assuming REMOVED.
06-24 02:08:32.207 12903 12903 D ActivityThread: Package [com.tylerhats.proxitap] reported as REPLACED, but missing application info. Assuming REMOVED.
06-24 02:08:32.207 19077 19077 D ActivityThread: Package [com.tylerhats.proxitap] reported as REPLACED, but missing application info. Assuming REMOVED.
06-24 02:08:32.207 12903 12903 D ActivityThread: Package [com.tylerhats.proxitap] reported as REPLACED, but missing application info. Assuming REMOVED.
06-24 02:08:32.208  4456  4456 D ActivityThread: Package [com.tylerhats.proxitap] reported as REPLACED, but missing application info. Assuming REMOVED.
06-24 02:08:32.209 19365 19365 D ActivityThread: Package [com.tylerhats.proxitap] reported as REPLACED, but missing application info. Assuming REMOVED.
06-24 02:08:32.209  7899  7899 D ActivityThread: Package [com.tylerhats.proxitap] reported as REPLACED, but missing application info. Assuming REMOVED.
06-24 02:08:32.209 18807 18807 D ActivityThread: Package [com.tylerhats.proxitap] reported as REPLACED, but missing application info. Assuming REMOVED.
06-24 02:08:32.210  4151  4151 D ActivityThread: Package [com.tylerhats.proxitap] reported as REPLACED, but missing application info. Assuming REMOVED.
06-24 02:08:32.210  4485  4485 D ActivityThread: Package [com.tylerhats.proxitap] reported as REPLACED, but missing application info. Assuming REMOVED.
06-24 02:08:32.211 12988 12988 D ActivityThread: Package [com.tylerhats.proxitap] reported as REPLACED, but missing application info. Assuming REMOVED.
06-24 02:08:32.211  4174  4174 D ActivityThread: Package [com.tylerhats.proxitap] reported as REPLACED, but missing application info. Assuming REMOVED.
06-24 02:08:32.212  3465  3465 D ActivityThread: Package [com.tylerhats.proxitap] reported as REPLACED, but missing application info. Assuming REMOVED.
06-24 02:08:32.216 32298 32298 D ActivityThread: Package [com.tylerhats.proxitap] reported as REPLACED, but missing application info. Assuming REMOVED.
06-24 02:08:32.217 32298 32298 D ActivityThread: Package [com.tylerhats.proxitap] reported as REPLACED, but missing application info. Assuming REMOVED.
06-24 02:08:32.249 21710 21710 D ActivityThread: Package [com.tylerhats.proxitap] reported as REPLACED, but missing application info. Assuming REMOVED.
06-24 02:08:32.250 21710 21710 D ActivityThread: Package [com.tylerhats.proxitap] reported as REPLACED, but missing application info. Assuming REMOVED.
06-24 02:08:32.254 19736 19736 D ActivityThread: Package [com.tylerhats.proxitap] reported as REPLACED, but missing application info. Assuming REMOVED.
06-24 02:08:32.257 19736 19736 D ActivityThread: Package [com.tylerhats.proxitap] reported as REPLACED, but missing application info. Assuming REMOVED.
06-24 02:08:32.260  1984  1984 I Telecom : CarModeTracker: Package com.tylerhats.proxitap is not tracked.: SSH.oR@A8E
06-24 02:08:32.282  1984  3424 I Pageboost: remove app @ runtime : com.tylerhats.proxitap
06-24 02:08:32.288  4171  4171 D ActivityThread: Package [com.tylerhats.proxitap] reported as REPLACED, but missing application info. Assuming REMOVED.
06-24 02:08:32.288  4171  4171 D ActivityThread: Package [com.tylerhats.proxitap] reported as REPLACED, but missing application info. Assuming REMOVED.
06-24 02:08:32.309 12904 12904 D ActivityThread: Package [com.tylerhats.proxitap] reported as REPLACED, but missing application info. Assuming REMOVED.
06-24 02:08:32.317  3423  3423 D ActivityThread: Package [com.tylerhats.proxitap] reported as REPLACED, but missing application info. Assuming REMOVED.
06-24 02:08:32.318  3423  3423 D ActivityThread: Package [com.tylerhats.proxitap] reported as REPLACED, but missing application info. Assuming REMOVED.
06-24 02:08:32.329 12904 12904 D ActivityThread: Package [com.tylerhats.proxitap] reported as REPLACED, but missing application info. Assuming REMOVED.
06-24 02:08:32.356  3702  3702 D ActivityThread: Package [com.tylerhats.proxitap] reported as REPLACED, but missing application info. Assuming REMOVED.
06-24 02:08:32.356  3702  3702 D ActivityThread: Package [com.tylerhats.proxitap] reported as REPLACED, but missing application info. Assuming REMOVED.
06-24 02:08:32.372  1984  3254 D SGM:GameManager: identifyGamePackage. com.tylerhats.proxitap, mCurrentUserId: 0, callingMethodInfo: com.samsung.android.game.SemGameManager.isGamePackage(SemGameManager.java:106)
06-24 02:08:32.372  1984  3254 D SGM:SemGameManager: isGamePackage(), pkgName=com.tylerhats.proxitap, ret=false
06-24 02:08:32.382  1984  1984 I Telecom : SamsungOpenCommunicationPlatformPolicyPackageBroadcastReceiver : action : android.intent.action.PACKAGE_ADDED / packageName : com.tylerhats.proxitap
06-24 02:08:32.382  1984  4638 I Telecom : SamsungOpenCommunicationPlatformPolicyPackageHandler : handleMessage : { when=-1ms what=0 obj=com.tylerhats.proxitap target=com.samsung.server.telecom.advancedcall.ocp.policy.broadcast.SamsungOpenCommunicationPlatformPolicyPackageHandler }.what
06-24 02:08:32.385  1984  3424 D SGM:GameManager: identifyGamePackage. com.tylerhats.proxitap, mCurrentUserId: 0, callingMethodInfo: com.samsung.android.game.SemGameManager.isGamePackage(SemGameManager.java:106)
06-24 02:08:32.385  1984  3424 D SGM:SemGameManager: isGamePackage(), pkgName=com.tylerhats.proxitap, ret=false
06-24 02:08:32.385  1984  3424 I Pageboost: appinfo : com.tylerhats.proxitap 0 0 0 0
06-24 02:08:32.385  1984  3424 D SGM:GameManager: identifyGamePackage. com.tylerhats.proxitap, mCurrentUserId: 0, callingMethodInfo: com.samsung.android.game.SemGameManager.isGamePackage(SemGameManager.java:106)
06-24 02:08:32.385  1984  3424 D SGM:SemGameManager: isGamePackage(), pkgName=com.tylerhats.proxitap, ret=false
06-24 02:08:32.385  1984  3424 I Pageboost: Reset this app info : com.tylerhats.proxitap 
06-24 02:08:32.388  1984  3424 I Pageboost: db create : CREATE TABLE IF NOT EXISTS comtylerhatsproxitap (FILENAME TEXT, OFFSET INTEGER, SIZE INTEGER, FORVRAMDISK INTEGER, BITMAP BLOB, unique (FILENAME, OFFSET) );
06-24 02:08:32.415  1984  3424 I Pageboost: add app to global @ runtime: com.tylerhats.proxitap
06-24 02:08:32.432 23519 23519 D ActivityThread: Package [com.tylerhats.proxitap] reported as REPLACED, but missing application info. Assuming REMOVED.
06-24 02:08:32.433 23519 23519 D ActivityThread: Package [com.tylerhats.proxitap] reported as REPLACED, but missing application info. Assuming REMOVED.
06-24 02:08:32.450  1984  1984 D ActivityThread: Package [com.tylerhats.proxitap] reported as REPLACED, but missing application info. Assuming REMOVED.
06-24 02:08:32.466  1984  1984 D ActivityThread: Package [com.tylerhats.proxitap] reported as REPLACED, but missing application info. Assuming REMOVED.
06-24 02:08:32.471  1984  3254 D SGM:GameManager: identifyGamePackage. com.tylerhats.proxitap, mCurrentUserId: 0, callingMethodInfo: com.samsung.android.game.SemGameManager.isGamePackage(SemGameManager.java:106)
06-24 02:08:32.471  1984  3254 D SGM:SemGameManager: isGamePackage(), pkgName=com.tylerhats.proxitap, ret=false
06-24 02:08:32.484  1984  1984 W AlarmManager: Package com.tylerhats.proxitap, uid 10375 lost permission to set exact alarms!
06-24 02:08:33.340  1984  2387 I SGM:GameManager: PkgUpdateReceiver, onPackageAdded : com.tylerhats.proxitap userHandle : UserHandle{0} userId : 0
06-24 02:08:33.340  1984  2387 D SGM:GosNotifyThread: sendPackageMessage(), changeType=0, pkgName=com.tylerhats.proxitap, userHandleId=0
06-24 02:08:33.340  1984  2909 D SGM:GosNotifyThread: notifyPackageChangedToGos(), before send intent to GOS. type:15, changeType: 0, pkgName:com.tylerhats.proxitap, userHandleId:0
06-24 02:08:33.341  1984  2909 D SGM:PmAppCategoryManager: getManifestCategory(), manifestCategory=-1, packageName=com.tylerhats.proxitap
06-24 02:08:33.341  1984  2909 D SGM:PmAppCategoryManager: getCategoryOverride(), categoryOverride=-1, packageName=com.tylerhats.proxitap
06-24 02:08:33.341  1984  2909 I SGM:GosNotifyThread: notifyPackageChangedToGos(), category from pm: com.tylerhats.proxitap, [-1/-1]
06-24 02:08:33.466  1984  2818 D SGM:GameManager: setPackageConfigurations(). category=-1, pkgName=com.tylerhats.proxitap
06-24 02:08:33.466  1984  2818 D SGM:GameManager: setPackageConfiguration(). configuration: packageName: com.tylerhats.proxitap, performancePolicyForSsrm: null, optimalAspectRatio: 1.7777778, dynamicSurfaceScaling: 1.0, category: -1, categoryByUser: -1, fillBlackSurfaceOnMargins: false, userId: null
06-24 02:08:33.466  1984  2818 D SGM:GameManager: setPackageConfiguration(). pkgName=com.tylerhats.proxitap
06-24 02:08:33.466  1984  2818 D SGM:Util: isPkgInstalled(). pkgName=com.tylerhats.proxitap, userId=0, installed=true
06-24 02:08:33.739  1984  2387 D MetaDataCollector: onReceive: done pkgName=com.tylerhats.proxitap
06-24 02:08:33.752  1984  2387 I SGM:GameManager: PkgUpdateReceiver, onPackageReplaced : com.tylerhats.proxitap userID : UserHandle{0}
06-24 02:08:33.752  1984  2387 D SGM:GosNotifyThread: sendPackageMessage(), changeType=8, pkgName=com.tylerhats.proxitap, userHandleId=0
06-24 02:08:33.752  1984  2909 D SGM:GosNotifyThread: notifyPackageChangedToGos(), before send intent to GOS. type:15, changeType: 8, pkgName:com.tylerhats.proxitap, userHandleId:0
06-24 02:08:33.752  1984  2909 D SGM:PmAppCategoryManager: getManifestCategory(), manifestCategory=-1, packageName=com.tylerhats.proxitap
06-24 02:08:33.752  1984  2909 D SGM:PmAppCategoryManager: getCategoryOverride(), categoryOverride=-1, packageName=com.tylerhats.proxitap
06-24 02:08:33.752  1984  2909 I SGM:GosNotifyThread: notifyPackageChangedToGos(), category from pm: com.tylerhats.proxitap, [-1/-1]
06-24 02:08:33.752  1984  2387 D MetaDataCollector: onReceive: done pkgName=com.tylerhats.proxitap
06-24 02:08:33.758  1984 14129 I AppWidgetServiceImpl: getInstalledProvidersForProfiles lock in com.tylerhats.proxitap
06-24 02:08:42.114  1984  3856 V WindowManager: Collecting in transition 85: ActivityRecord{265404670 u0 com.tylerhats.proxitap/.MainActivity, caller=com.android.server.wm.TransitionController.collect:7 com.android.server.wm.ActivityStarter.startActivityUnchecked:98 com.android.server.wm.ActivityStarter.executeRequest:3559 com.android.server.wm.ActivityStarter.execute:1752 com.android.server.wm.ActivityTaskManagerService.startActivityAsUser:95 
06-24 02:08:42.114  1984  3856 D ActivityTaskManager: DesktopModeLaunchParamsModifier: task=null activity=ActivityRecord{265404670 u0 com.tylerhats.proxitap/.MainActivity t-1} task null, skipping
06-24 02:08:42.114  1984  3856 D ActivityTaskManager: TaskLaunchParamsModifier:task=null activity=ActivityRecord{265404670 u0 com.tylerhats.proxitap/.MainActivity t-1} display-area-from-current-params=null display-area-from-default-fallback=DefaultTaskDisplayArea_d0@147668119 display-id=0 task-display-area-windowing-mode=1 suggested-display-area=DefaultTaskDisplayArea_d0@147668119
06-24 02:08:42.115  1984  3856 D ActivityTaskManager: DesktopModeLaunchParamsModifier: task=null activity=ActivityRecord{265404670 u0 com.tylerhats.proxitap/.MainActivity t-1} task null, skipping
06-24 02:08:42.115  1984  3856 D ActivityTaskManager: TaskLaunchParamsModifier:task=null activity=ActivityRecord{265404670 u0 com.tylerhats.proxitap/.MainActivity t-1} display-area-from-current-params=null display-area-from-default-fallback=DefaultTaskDisplayArea_d0@147668119 display-id=0 task-display-area-windowing-mode=1 suggested-display-area=DefaultTaskDisplayArea_d0@147668119 non-freeform-task-display-area display-area=DefaultTaskDisplayArea_d0@147668119 default-portrait freeform-size-mismatch=Rect(81, 615 - 999, 1785)
06-24 02:08:42.118  1984  3856 D ActivityTaskManager: DesktopModeLaunchParamsModifier: task=Task{790c05f #385 type=standard A=10375:com.tylerhats.proxitap} activity=ActivityRecord{265404670 u0 com.tylerhats.proxitap/.MainActivity t-1} non-desktop, skipping
06-24 02:08:42.118  1984  3856 D ActivityTaskManager: TaskLaunchParamsModifier:task=Task{790c05f #385 type=standard A=10375:com.tylerhats.proxitap} activity=ActivityRecord{265404670 u0 com.tylerhats.proxitap/.MainActivity t-1} display-from-task=0 display-id=0 task-display-area-windowing-mode=1 suggested-display-area=DefaultTaskDisplayArea_d0@147668119 inherit-from-task=fullscreen non-freeform-task-display-area display-area=DefaultTaskDisplayArea_d0@147668119 default-portrait freeform-size-mismatch=Rect(81, 615 - 999, 1785)
06-24 02:08:42.118  1984  3856 V WindowManager: Collecting in transition 85: Task{790c05f #385 type=standard A=10375:com.tylerhats.proxitap}, caller=com.android.server.wm.Transition.collectExistenceChange:40 com.android.server.wm.ActivityStarter.setNewTask:43 com.android.server.wm.ActivityStarter.startActivityInner:289 com.android.server.wm.ActivityStarter.startActivityUnchecked:111 com.android.server.wm.ActivityStarter.executeRequest:3559 
06-24 02:08:42.122  1984  3856 V WindowManager: Add starting ActivityRecord{265404670 u0 com.tylerhats.proxitap/.MainActivity t385}: startingData=SplashScreenStartingData{aab037b removeAfterTransaction= 0}
06-24 02:08:42.122  1984  3856 V WindowManager: Added starting ActivityRecord{265404670 u0 com.tylerhats.proxitap/.MainActivity t385}: startingWindow=null startingView=com.android.server.wm.StartingSurfaceController$StartingSurface@2022598
06-24 02:08:42.124  1984  3856 V WindowManager: Collecting in transition 85: ActivityRecord{265404670 u0 com.tylerhats.proxitap/.MainActivity t385}, caller=com.android.server.wm.Transition.collectExistenceChange:40 com.android.server.wm.ActivityStarter.handleStartResult:761 com.android.server.wm.ActivityStarter.startActivityUnchecked:124 com.android.server.wm.ActivityStarter.executeRequest:3559 com.android.server.wm.ActivityStarter.execute:1752 
06-24 02:08:42.124  1984  3856 V WindowManager:    ChangeInfo{b8af1d6 container=Task{790c05f #385 type=standard A=10375:com.tylerhats.proxitap} flags=0x0}
06-24 02:08:42.124  1984  3856 V WindowManager:    ChangeInfo{f584c2d container=ActivityRecord{265404670 u0 com.tylerhats.proxitap/.MainActivity t385} flags=0x0}
06-24 02:08:42.125  1984  3856 I ActivityTaskManager: START u0 {flg=0x10000000 xflg=0x5 cmp=com.tylerhats.proxitap/.MainActivity} with LAUNCH_MULTIPLE from uid 2000 (BAL_ALLOW_PERMISSION) result code=0
06-24 02:08:42.127  3702  3759 V WindowManagerShell: Transition requested (#85): android.os.BinderProxy@557541e TransitionRequestInfo { type = OPEN, triggerTask = TaskInfo{userId=0 taskId=385 effectiveUid=10375 displayId=0 isRunning=true baseIntent=Intent { flg=0x10000000 cmp=com.tylerhats.proxitap/.MainActivity } baseActivity=ComponentInfo{com.tylerhats.proxitap/com.tylerhats.proxitap.MainActivity} topActivity=ComponentInfo{com.tylerhats.proxitap/com.tylerhats.proxitap.MainActivity} origActivity=null realActivity=ComponentInfo{com.tylerhats.proxitap/com.tylerhats.proxitap.MainActivity} numActivities=1 lastActiveTime=140438040 supportsMultiWindow=true resizeMode=1 isResizeable=true minWidth=-1 minHeight=-1 maxWidth=-1 maxHeight=-1 defaultMinSize=220 desktopDefaultMinSize=304 token=WCT{android.window.IWindowContainerToken$Stub$Proxy@f0424ff} topActivityType=1 pictureInPictureParams=null shouldDockBigOverlays=false launchIntoPipHostTaskId=-1 lastParentTaskIdBeforePip=-1 displayCutoutSafeInsets=Rect(0, 99 - 0, 0) topActivityInfo=ActivityInfo{443a2cc com.tylerhats.proxitap.MainActivity} launchCookies=[] positionInParent=Point(0, 0) parentTaskId=-1 isFocused=false isVisible=false isVisibleRequested=false isTopActivityNoDisplay=false isSleeping=false locusId=null displayAreaFeatureId=1 isTopActivityTransparent=false isActivityStackTransparent=false lastNonFullscreenBounds=Rect(81, 615 - 999, 1785) capturedLink=null capturedLinkTimestamp=0 requestedVisibleTypes=-9 topActivityRequestOpenInBrowserEducationTimestamp=0 appCompatTaskInfo=AppCompatTaskInfo { topActivityInSizeCompat=false eligibleForLetterboxEducation= false isLetterboxEducationEnabled= false isLetterboxDoubleTapEnabled= false eligibleForUserAspectRatioButton= false topActivityBoundsLetterboxed= false isFromLetterboxDoubleTap= false topActivityLetterboxVerticalPosition= -1 topActivityLetterboxHorizontalPosition= -1 topActivityLetterboxWidth=-1 topActivityLetterboxHeight=-1 topActivityAppBounds=Rect(0, 0 - 1080, 2340) isUserFullscreenOverrideEnabled=false isSystemFullscreenOverrideEnabled=false hasMinAspectRatioOverride=false topActivityLetterboxBounds=null cameraCompatTaskInfo=CameraCompatTaskInfo { freeformCameraCompatMode=inactive} topActivityBounds=null topActivityInDisplayCompat=false singleTapFromLetterbox=false} topActivityMainWindowFrame=null originallySupportedMultiWindow=true hasWallpaper=false rootAffinity=10375:com.tylerhats.proxitap isTopTaskInStage=false CoverLauncherWidgetTask=false LaunchedFromAppsCoverLauncherTask=false LaunchedFromMultistarCoverLauncherTask=false isAllowedSeamlessRotation=false isTopTransparentActivity=false isAliasManaged=false hasConfigChanged=false snappingGuideBounds=null isAiKeyRemoveAppTask=false lastDesktopWindowingBounds=null lastExternalDesktopWindowingBounds=null safeCutoutInsets=null}, pipChange = null, remoteTransition = null, displayChange = null, flags = 0, debugId = 85 }
06-24 02:08:42.144  1984  2394 I ActivityManager: Start proc 24042:com.tylerhats.proxitap/u0a375 for next-top-activity {com.tylerhats.proxitap/com.tylerhats.proxitap.MainActivity}
06-24 02:08:42.168  1984 14126 D WindowManager: prepareSync <SYNC_STATE_WAITING_FOR_DRAW>, mPrepareSyncSeqId=0, win=Window{f8ed237 u0 Splash Screen com.tylerhats.proxitap}
06-24 02:08:42.170  1984 14126 V WindowManager: addWindow: ActivityRecord{265404670 u0 com.tylerhats.proxitap/.MainActivity t385} startingWindow=Window{f8ed237 u0 Splash Screen com.tylerhats.proxitap}
06-24 02:08:42.174  1984  2817 V WindowManager: Collecting in transition 85: ActivityRecord{265404670 u0 com.tylerhats.proxitap/.MainActivity t385}, caller=com.android.server.wm.TransitionController.collect:7 com.android.server.wm.ActivityRecord.setVisibility:132 com.android.server.wm.EnsureActivitiesVisibleHelper.process:459 com.android.server.wm.TaskFragment.updateActivityVisibilities:12 com.android.server.wm.Task$$ExternalSyntheticLambda37.accept:37 
06-24 02:08:42.185  1984  2817 D WindowManager: makeSurface duration=0 name=Splash Screen com.tylerhats.proxitap$_3702
06-24 02:08:42.187  1984  2817 D WindowManager: rotationForOrientation, orientationSource=ActivityRecord{265404670 u0 com.tylerhats.proxitap/.MainActivity t385}
06-24 02:08:42.187  1984  3856 D CoreBackPreview: Window{f8ed237 u0 Splash Screen com.tylerhats.proxitap}: Setting back callback OnBackInvokedCallbackInfo{mCallback=android.window.IOnBackInvokedCallback$Stub$Proxy@e3a2cc2, mPriority=0, mIsAnimationCallback=false, mOverrideBehavior=0}
06-24 02:08:42.202  1984  2817 D WindowManager: finishDrawingWindow: Window{f8ed237 u0 Splash Screen com.tylerhats.proxitap} mDrawState=DRAW_PENDING seqId=0
06-24 02:08:42.202  1984  2817 V WindowManager: Finishing drawing window Window{f8ed237 u0 Splash Screen com.tylerhats.proxitap}: mDrawState=DRAW_PENDING
06-24 02:08:42.202  1984  2817 V WindowManager: Draw state now committed in Window{f8ed237 u0 Splash Screen com.tylerhats.proxitap}
06-24 02:08:42.204  1984  2359 V WindowManager: performShowLocked: mDrawState=HAS_DRAWN in Window{f8ed237 u0 Splash Screen com.tylerhats.proxitap}
06-24 02:08:42.204  1984  2359 D WindowManagerServiceExt: updateTaskbarTargetIfNeeded: cn=ComponentInfo{com.tylerhats.proxitap/com.tylerhats.proxitap.MainActivity} occludesParent=true isInSplitScreenMode=false
06-24 02:08:42.204  1984  2359 D ChangeTransitionController:    ChangeInfo{b8af1d6 container=Task{790c05f #385 type=standard A=10375:com.tylerhats.proxitap} flags=0x0}
06-24 02:08:42.204  1984  2359 D ChangeTransitionController:    ChangeInfo{f584c2d container=ActivityRecord{265404670 u0 com.tylerhats.proxitap/.MainActivity t385} flags=0x0}
06-24 02:08:42.204  1984  2359 V WindowManager: Start calculating TransitionInfo based on participants: {Task{790c05f #385 type=standard A=10375:com.tylerhats.proxitap}, WallpaperWindowToken{8b7201d showWhenLocked=false}_<system>, WallpaperWindowToken{f3d0f6a showWhenLocked=true}_<lock>, ActivityRecord{265404670 u0 com.tylerhats.proxitap/.MainActivity t385}, ActivityRecord{267106742 u0 com.sec.android.app.launcher/.activities.LauncherActivity t372}}
06-24 02:08:42.205  1984  2359 V WindowManager:   Final targets: [ChangeInfo{b8af1d6 container=Task{790c05f #385 type=standard A=10375:com.tylerhats.proxitap} flags=0x10}, ChangeInfo{f692610 container=Task{7607987 #1 type=home} flags=0x10}, ChangeInfo{9be4509 container=WallpaperWindowToken{8b7201d showWhenLocked=false}_<system> flags=0x0}]
06-24 02:08:42.208  1984  2359 V WindowManager:         {WCT{RemoteToken{462514b Task{790c05f #385 type=standard A=10375:com.tylerhats.proxitap}}} m=OPEN f=NONE leash=Surface(name=Task=385)/@0xc7d28c5 sb=Rect(0, 0 - 1080, 2340) eb=Rect(0, 0 - 1080, 2340) epz=Point(1080, 2340) d=0 taskParent=-1 inset=Rect(0, 99 - 0, 39) dim=true},
06-24 02:08:42.210  1984  2347 V WindowManager: Sent Transition (#85) createdAt=06-24 02:08:42.113 via request=TransitionRequestInfo { type = OPEN, triggerTask = TaskInfo{userId=0 taskId=385 effectiveUid=10375 displayId=0 isRunning=true baseIntent=Intent { flg=0x10000000 cmp=com.tylerhats.proxitap/.MainActivity } baseActivity=ComponentInfo{com.tylerhats.proxitap/com.tylerhats.proxitap.MainActivity} topActivity=ComponentInfo{com.tylerhats.proxitap/com.tylerhats.proxitap.MainActivity} origActivity=null realActivity=ComponentInfo{com.tylerhats.proxitap/com.tylerhats.proxitap.MainActivity} numActivities=1 lastActiveTime=140438040 supportsMultiWindow=true resizeMode=1 isResizeable=true minWidth=-1 minHeight=-1 maxWidth=-1 maxHeight=-1 defaultMinSize=220 desktopDefaultMinSize=304 token=WCT{RemoteToken{462514b Task{790c05f #385 type=standard A=10375:com.tylerhats.proxitap}}} topActivityType=1 pictureInPictureParams=null shouldDockBigOverlays=false launchIntoPipHostTaskId=-1 lastParentTaskIdBeforePip=-1 displayCutoutSafeInsets=Rect(0, 99 - 0, 0) topActivityInfo=ActivityInfo{da3a728 com.tylerhats.proxitap.MainActivity} launchCookies=[] positionInParent=Point(0, 0) parentTaskId=-1 isFocused=false isVisible=false isVisibleRequested=false isTopActivityNoDisplay=false isSleeping=false locusId=null displayAreaFeatureId=1 isTopActivityTransparent=false isActivityStackTransparent=false lastNonFullscreenBounds=Rect(81, 615 - 999, 1785) capturedLink=null capturedLinkTimestamp=0 requestedVisibleTypes=-9 topActivityRequestOpenInBrowserEducationTimestamp=0 appCompatTaskInfo=AppCompatTaskInfo { topActivityInSizeCompat=false eligibleForLetterboxEducation= false isLetterboxEducationEnabled= false isLetterboxDoubleTapEnabled= false eligibleForUserAspectRatioButton= false topActivityBoundsLetterboxed= false isFromLetterboxDoubleTap= false topActivityLetterboxVerticalPosition= -1 topActivityLetterboxHorizontalPosition= -1 topActivityLetterboxWidth=-1 topActivityLetterboxHeight=-1 topActivityAppBounds=Rect(0, 0 - 1080, 2340) isUserFullscreenOverrideEnabled=false isSystemFullscreenOverrideEnabled=false hasMinAspectRatioOverride=false topActivityLetterboxBounds=null cameraCompatTaskInfo=CameraCompatTaskInfo { freeformCameraCompatMode=inactive} topActivityBounds=null topActivityInDisplayCompat=false singleTapFromLetterbox=false} topActivityMainWindowFrame=null originallySupportedMultiWindow=true hasWallpaper=false rootAffinity=10375:com.tylerhats.proxitap isTopTaskInStage=false CoverLauncherWidgetTask=false LaunchedFromAppsCoverLauncherTask=false LaunchedFromMultistarCoverLauncherTask=false isAllowedSeamlessRotation=false isTopTransparentActivity=false isAliasManaged=false hasConfigChanged=false snappingGuideBounds=null isAiKeyRemoveAppTask=false lastDesktopWindowingBounds=null lastExternalDesktopWindowingBounds=null safeCutoutInsets=null}, pipChange = null, remoteTransition = null, displayChange = null, flags = 0, debugId = 85 }
06-24 02:08:42.210  1984  2347 V WindowManager:         {WCT{RemoteToken{462514b Task{790c05f #385 type=standard A=10375:com.tylerhats.proxitap}}} m=OPEN f=NONE leash=Surface(name=Task=385)/@0xc7d28c5 sb=Rect(0, 0 - 1080, 2340) eb=Rect(0, 0 - 1080, 2340) epz=Point(1080, 2340) d=0 taskParent=-1 inset=Rect(0, 99 - 0, 39) dim=true},
06-24 02:08:42.214  1984  2359 D InsetsSourceProvider: updateControlForTarget: control=InsetsSourceControl: {e78c0000 mType=statusBars initiallyVisible mSurfacePosition=Point(0, 0) mInsetsHint=Insets{left=0, top=99, right=0, bottom=0}}, target=Window{f8ed237 u0 Splash Screen com.tylerhats.proxitap}, from=com.android.server.wm.InsetsStateController.onControlTargetChanged:83 com.android.server.wm.InsetsPolicy.updateBarControlTarget:212 com.android.server.wm.DisplayPolicy.updateSystemBarAttributes:262 com.android.server.wm.DisplayPolicy.finishPostLayoutPolicyLw:17 com.android.server.wm.RootWindowContainer.applySurfaceChangesTransaction$1:195 
06-24 02:08:42.215  1984  2359 D InsetsSourceProvider: updateControlForTarget: control=InsetsSourceControl: {cdd30001 mType=navigationBars initiallyVisible mSurfacePosition=Point(0, 2214) mInsetsHint=Insets{left=0, top=0, right=0, bottom=39}}, target=Window{f8ed237 u0 Splash Screen com.tylerhats.proxitap}, from=com.android.server.wm.InsetsStateController.onControlTargetChanged:83 com.android.server.wm.InsetsPolicy.updateBarControlTarget:225 com.android.server.wm.DisplayPolicy.updateSystemBarAttributes:262 com.android.server.wm.DisplayPolicy.finishPostLayoutPolicyLw:17 com.android.server.wm.RootWindowContainer.applySurfaceChangesTransaction$1:195 
06-24 02:08:42.216  1984  2359 D WindowManager: updateSystemBarAttributes: displayId=0, focusedCanBeNavColorWin=false, win=Window{f8ed237 u0 Splash Screen com.tylerhats.proxitap}, navColorWin=Window{f8ed237 u0 Splash Screen com.tylerhats.proxitap}, caller=com.android.server.wm.DisplayPolicy.finishPostLayoutPolicyLw:17 com.android.server.wm.RootWindowContainer.applySurfaceChangesTransaction$1:195 com.android.server.wm.RootWindowContainer.performSurfacePlacementNoTrace:59 
06-24 02:08:42.227  1984  2359 I WindowManager: notifyInsetsControlChanged, removed=false, win=Window{f8ed237 u0 Splash Screen com.tylerhats.proxitap}, caller=com.android.server.wm.InsetsStateController$$ExternalSyntheticLambda1.run:137 com.android.server.wm.WindowAnimator$$ExternalSyntheticLambda2.onTransactionCommitted:26 android.view.SurfaceControl$Transaction$$ExternalSyntheticLambda4.run:0 android.os.Handler.handleCallback:995 android.os.Handler.dispatchMessage:103 android.os.Looper.loopOnce:273 
06-24 02:08:42.356  1984  3163 D MdnieScenarioControlService:  packageName : com.tylerhats.proxitap    className : com.tylerhats.proxitap.MainActivity
06-24 02:08:42.408  1984  3856 D SGM:FgCheckThread: notifyAppCreated(), packageName: com.tylerhats.proxitap, userId: 0, sendRet: true
06-24 02:08:42.408  1984  2908 D SGM:FgCheckThread: onLooperPrepared(), msg: MSG_APP_CREATE, pkgName: com.tylerhats.proxitap, userId: 0
06-24 02:08:42.409  1984  3856 D SGM:FgCheckThread:   sendRunningComponentFocus(), pkgName: com.tylerhats.proxitap, userId: 0
06-24 02:08:42.409  1984  2908 D SGM:FgCheckThread: onLooperPrepared(), msg: MSG_TASK_FOCUSED, pkgName: com.tylerhats.proxitap, userId: 0
06-24 02:08:42.409  1984  2908 D SGM:FgCheckThread:   handleTaskFocused(), pkgName: com.tylerhats.proxitap, userID:0
06-24 02:08:42.410  1984  2908 D SGM:FgCheckThread:   handleResume(). pkgName: com.tylerhats.proxitap, userId: 0, category: non-game
06-24 02:08:42.410  1984  2908 D SGM:FgCheckThread: notifyFocusInOut(). of pkg: com.tylerhats.proxitap, type: 4, isSecGameFamily: false, userId: 0
06-24 02:08:42.411  1984  3856 D ActivityTaskManager: scheduleTopResumedActivityChanged, onTop=true, r=ActivityRecord{265404670 u0 com.tylerhats.proxitap/.MainActivity t385}, caller=com.android.server.wm.ActivityTaskSupervisor.scheduleTopResumedActivityStateIfNeeded:18 com.android.server.wm.ActivityTaskSupervisor.updateTopResumedActivityIfNeeded:54 com.android.server.wm.TaskFragment.setResumedActivity:30 com.android.server.wm.ActivityRecord.setState:100 com.android.server.wm.ActivityTaskSupervisor.realStartActivityLocked:477 com.android.server.wm.RootWindowContainer.attachApplication:92 
06-24 02:08:42.415 24042 24042 D ActivityThread: com.tylerhats.proxitap will use render engine as VK
06-24 02:08:42.424  1984  2356 D SGM:GameManager: identifyGamePackage. com.tylerhats.proxitap, mCurrentUserId: 0, callingMethodInfo: com.samsung.android.game.SemGameManager.isGamePackage(SemGameManager.java:106)
06-24 02:08:42.424  1984  2356 D SGM:SemGameManager: isGamePackage(), pkgName=com.tylerhats.proxitap, ret=false
06-24 02:08:42.424  1984  2356 D SGM:FgCheckThread: noteResumeComponent(), received pkgName: com.tylerhats.proxitap, userId: 0
06-24 02:08:42.424  1984  2908 D SGM:FgCheckThread: onLooperPrepared(), msg: MSG_APP_RESUME, pkgName: com.tylerhats.proxitap, userid: 0
06-24 02:08:42.424  1984  2908 D SGM:FgCheckThread:   handleResume(). pkgName: com.tylerhats.proxitap, userId: 0, category: non-game
06-24 02:08:42.424 13091 13175 I SDHMS:k : handleResumeComponent : put = com.tylerhats.proxitap, userid = 0 instanceid =196676268
06-24 02:08:42.424  1984  2908 D SGM:FgCheckThread: notifyFocusInOut(). of pkg: com.tylerhats.proxitap, type: 4, isSecGameFamily: false, userId: 0
06-24 02:08:42.574  1984  2817 V WindowManager:    ChangeInfo{b8af1d6 container=Task{790c05f #385 type=standard A=10375:com.tylerhats.proxitap} flags=0x10}
06-24 02:08:42.574  1984  2817 V WindowManager:    ChangeInfo{f584c2d container=ActivityRecord{265404670 u0 com.tylerhats.proxitap/.MainActivity t385} flags=0x0}
06-24 02:08:42.575  1984  2817 D ChangeTransitionController:    ChangeInfo{b8af1d6 container=Task{790c05f #385 type=standard A=10375:com.tylerhats.proxitap} flags=0x10}
06-24 02:08:42.575  1984  2817 D ChangeTransitionController:    ChangeInfo{f584c2d container=ActivityRecord{265404670 u0 com.tylerhats.proxitap/.MainActivity t385} flags=0x0}
06-24 02:08:42.778  1984  2817 D CoreBackPreview: Window{af3c7df u0 com.tylerhats.proxitap/com.tylerhats.proxitap.MainActivity}: Setting back callback OnBackInvokedCallbackInfo{mCallback=android.window.IOnBackInvokedCallback$Stub$Proxy@30aa0eb, mPriority=0, mIsAnimationCallback=false, mOverrideBehavior=0}
06-24 02:08:42.808  1984  2817 D WindowManager: makeSurface duration=1 name=com.tylerhats.proxitap/com.tylerhats.proxitap.MainActivity$_24042
06-24 02:08:42.809  1984  2817 D WindowManager: Changing focus from null to Window{af3c7df u0 com.tylerhats.proxitap/com.tylerhats.proxitap.MainActivity} displayId=0 Callers=com.android.server.wm.WindowManagerService.relayoutWindow:1366 com.android.server.wm.Session.relayout:27 android.view.IWindowSession$Stub.onTransact:829 com.android.server.wm.Session.onTransact:1 
06-24 02:08:42.811  1984  2817 D InsetsSourceProvider: updateControlForTarget: control=InsetsSourceControl: {e78c0000 mType=statusBars initiallyVisible mSurfacePosition=Point(0, 0) mInsetsHint=Insets{left=0, top=99, right=0, bottom=0}}, target=Window{af3c7df u0 com.tylerhats.proxitap/com.tylerhats.proxitap.MainActivity}, from=com.android.server.wm.InsetsStateController.onControlTargetChanged:83 com.android.server.wm.InsetsPolicy.updateBarControlTarget:212 com.android.server.wm.DisplayPolicy.updateSystemBarAttributes:262 com.android.server.wm.WindowManagerService.updateFocusedWindowLocked:372 com.android.server.wm.WindowManagerService.relayoutWindow:1366 
06-24 02:08:42.811  1984  2817 D InsetsSourceProvider: updateControlForTarget: control=InsetsSourceControl: {cdd30001 mType=navigationBars initiallyVisible mSurfacePosition=Point(0, 2214) mInsetsHint=Insets{left=0, top=0, right=0, bottom=39}}, target=Window{af3c7df u0 com.tylerhats.proxitap/com.tylerhats.proxitap.MainActivity}, from=com.android.server.wm.InsetsStateController.onControlTargetChanged:83 com.android.server.wm.InsetsPolicy.updateBarControlTarget:225 com.android.server.wm.DisplayPolicy.updateSystemBarAttributes:262 com.android.server.wm.WindowManagerService.updateFocusedWindowLocked:372 com.android.server.wm.WindowManagerService.relayoutWindow:1366 
06-24 02:08:42.811  1984  2817 D WindowManager: updateSystemBarAttributes: displayId=0, focusedCanBeNavColorWin=false, win=Window{af3c7df u0 com.tylerhats.proxitap/com.tylerhats.proxitap.MainActivity}, navColorWin=Window{f8ed237 u0 Splash Screen com.tylerhats.proxitap}, caller=com.android.server.wm.WindowManagerService.updateFocusedWindowLocked:372 com.android.server.wm.WindowManagerService.relayoutWindow:1366 com.android.server.wm.Session.relayout:27 
06-24 02:08:42.812  1984  2817 V SystemKeyManager: updateFocusedWindow() is called, com.tylerhats.proxitap/com.tylerhats.proxitap.MainActivity
06-24 02:08:42.818  1984  2359 I WindowManager: notifyInsetsControlChanged, removed=false, win=Window{f8ed237 u0 Splash Screen com.tylerhats.proxitap}, caller=com.android.server.wm.InsetsStateController$$ExternalSyntheticLambda1.run:137 com.android.server.wm.WindowAnimator$$ExternalSyntheticLambda2.onTransactionCommitted:26 android.view.SurfaceControl$Transaction$$ExternalSyntheticLambda4.run:0 android.os.Handler.handleCallback:995 android.os.Handler.dispatchMessage:103 android.os.Looper.loopOnce:273 
06-24 02:08:42.854  1984  2817 D WindowManager: finishDrawingWindow: Window{af3c7df u0 com.tylerhats.proxitap/com.tylerhats.proxitap.MainActivity} mDrawState=DRAW_PENDING seqId=0
06-24 02:08:42.855  1984  2359 V WindowManager: Finish starting ActivityRecord{265404670 u0 com.tylerhats.proxitap/.MainActivity t385}: first real window is shown, no animation
06-24 02:08:42.855  1984  2359 V WindowManager: Schedule remove starting ActivityRecord{265404670 u0 com.tylerhats.proxitap/.MainActivity t385} startingWindow=Window{f8ed237 u0 Splash Screen com.tylerhats.proxitap} animate=true Callers=com.android.server.wm.ActivityRecord.removeStartingWindow:178 com.android.server.wm.WindowState.performShowLocked:155 com.android.server.wm.WindowStateAnimator.commitFinishDrawingLocked:73 com.android.server.wm.DisplayContent$$ExternalSyntheticLambda1.accept$com$android$server$wm$DisplayContent$$ExternalSyntheticLambda37:23 com.android.server.wm.DisplayContent$$ExternalSyntheticLambda1.accept:143 
06-24 02:08:42.855  1984  2359 D TaskOrganizerController: applyStartingWindowAnimation, window=Window{af3c7df u0 com.tylerhats.proxitap/com.tylerhats.proxitap.MainActivity}, caller=com.android.server.wm.TaskOrganizerController.removeStartingWindow:132 com.android.server.wm.StartingSurfaceController$StartingSurface.remove:23 com.android.server.wm.ActivityRecord.removeStartingWindowAnimation:171 
06-24 02:08:42.855  1984  2359 I WindowManager: Reparenting to leash, surface=Surface(name=af3c7df com.tylerhats.proxitap/com.tylerhats.proxitap.MainActivity)/@0x754df19, leashParent=Surface(name=ActivityRecord{265404670 u0 com.tylerhats.proxitap/.MainActivity t385})/@0x172cbde
06-24 02:08:42.856  1984  2359 D WindowManager: makeSurface duration=1 leash=Surface(name=Surface(name=af3c7df com.tylerhats.proxitap/com.tylerhats.proxitap.MainActivity)/@0x754df19 - animation-leash of starting_reveal)/@0x3b2a1bf
06-24 02:08:42.857  1984  2359 V WindowManager: performShowLocked: mDrawState=HAS_DRAWN in Window{af3c7df u0 com.tylerhats.proxitap/com.tylerhats.proxitap.MainActivity}
06-24 02:08:42.859  1984  2347 I Pageboost: Launch time gathered : pid 24042 com.tylerhats.proxitap 752
06-24 02:08:42.860  1984  3856 D BaseRestrictionMgr: Package: com.google.android.permissioncontroller, userid: 0, hostingType: activity is allowed by freecess, caller is: com.tylerhats.proxitap
06-24 02:08:42.862  1984  3856 D ActivityTaskManager: DesktopModeLaunchParamsModifier: task=Task{790c05f #385 type=standard A=10375:com.tylerhats.proxitap} activity=ActivityRecord{224118762 u0 com.google.android.permissioncontroller/com.android.permissioncontroller.permission.ui.GrantPermissionsActivity t-1} non-desktop, skipping
06-24 02:08:42.862  1984  3856 D ActivityTaskManager: TaskLaunchParamsModifier:task=Task{790c05f #385 type=standard A=10375:com.tylerhats.proxitap} activity=ActivityRecord{224118762 u0 com.google.android.permissioncontroller/com.android.permissioncontroller.permission.ui.GrantPermissionsActivity t-1} display-area-from-source=DefaultTaskDisplayArea_d0@147668119 display-id=0 task-display-area-windowing-mode=1 suggested-display-area=DefaultTaskDisplayArea_d0@147668119 inherit-from-source=fullscreen non-freeform-task-display-area display-area=DefaultTaskDisplayArea_d0@147668119 default-portrait freeform-size-mismatch=Rect(81, 615 - 999, 1785)
06-24 02:08:42.863  1984  3856 D ActivityTaskManager: DesktopModeLaunchParamsModifier: task=Task{790c05f #385 type=standard A=10375:com.tylerhats.proxitap} activity=ActivityRecord{224118762 u0 com.google.android.permissioncontroller/com.android.permissioncontroller.permission.ui.GrantPermissionsActivity t-1} non-desktop, skipping
06-24 02:08:42.863  1984  3856 D ActivityTaskManager: TaskLaunchParamsModifier:task=Task{790c05f #385 type=standard A=10375:com.tylerhats.proxitap} activity=ActivityRecord{224118762 u0 com.google.android.permissioncontroller/com.android.permissioncontroller.permission.ui.GrantPermissionsActivity t-1} display-area-from-source=DefaultTaskDisplayArea_d0@147668119 display-id=0 task-display-area-windowing-mode=1 suggested-display-area=DefaultTaskDisplayArea_d0@147668119 inherit-from-source=fullscreen non-freeform-task-display-area display-area=DefaultTaskDisplayArea_d0@147668119 default-portrait freeform-size-mismatch=Rect(81, 615 - 999, 1785)
06-24 02:08:42.866  1984  3856 D ActivityTaskManager: scheduleTopResumedActivityChanged, onTop=false, r=ActivityRecord{265404670 u0 com.tylerhats.proxitap/.MainActivity t385}, caller=com.android.server.wm.ActivityTaskSupervisor.scheduleTopResumedActivityStateLossIfNeeded:19 com.android.server.wm.ActivityTaskSupervisor.updateTopResumedActivityIfNeeded:20 com.android.server.wm.TaskFragment.setResumedActivity:30 com.android.server.wm.ActivityRecord.setState:91 com.android.server.wm.TaskFragment.startPausing$1:209 com.android.server.wm.TaskFragment.resumeTopActivity:699 
06-24 02:08:42.867  1984  3856 V WindowManager:    ChangeInfo{c6d1524 container=Task{790c05f #385 type=standard A=10375:com.tylerhats.proxitap} flags=0x0}
06-24 02:08:42.868  3702  3759 V WindowManagerShell: Transition requested (#86): android.os.BinderProxy@f37e7cb TransitionRequestInfo { type = OPEN, triggerTask = TaskInfo{userId=0 taskId=385 effectiveUid=10375 displayId=0 isRunning=true baseIntent=Intent { flg=0x10000000 cmp=com.tylerhats.proxitap/.MainActivity } baseActivity=ComponentInfo{com.tylerhats.proxitap/com.tylerhats.proxitap.MainActivity} topActivity=ComponentInfo{com.google.android.permissioncontroller/com.android.permissioncontroller.permission.ui.GrantPermissionsActivity} origActivity=null realActivity=ComponentInfo{com.tylerhats.proxitap/com.tylerhats.proxitap.MainActivity} numActivities=2 lastActiveTime=140438782 supportsMultiWindow=true resizeMode=1 isResizeable=true minWidth=-1 minHeight=-1 maxWidth=-1 maxHeight=-1 defaultMinSize=220 desktopDefaultMinSize=304 token=WCT{android.window.IWindowContainerToken$Stub$Proxy@56fbba8} topActivityType=1 pictureInPictureParams=null shouldDockBigOverlays=false launchIntoPipHostTaskId=-1 lastParentTaskIdBeforePip=-1 displayCutoutSafeInsets=Rect(0, 0 - 0, 0) topActivityInfo=ActivityInfo{7b046c1 com.android.permissioncontroller.permission.ui.GrantPermissionsActivity} launchCookies=[] positionInParent=Point(0, 0) parentTaskId=-1 isFocused=true isVisible=true isVisibleRequested=true isTopActivityNoDisplay=false isSleeping=false locusId=null displayAreaFeatureId=1 isTopActivityTransparent=true isActivityStackTransparent=false lastNonFullscreenBounds=Rect(81, 615 - 999, 1785) capturedLink=null capturedLinkTimestamp=0 requestedVisibleTypes=-9 topActivityRequestOpenInBrowserEducationTimestamp=0 appCompatTaskInfo=AppCompatTaskInfo { topActivityInSizeCompat=false eligibleForLetterboxEducation= false isLetterboxEducationEnabled= false isLetterboxDoubleTapEnabled= false eligibleForUserAspectRatioButton= false topActivityBoundsLetterboxed= false isFromLetterboxDoubleTap= false topActivityLetterboxVerticalPosition= -1 topActivityLetterboxHorizontalPosition= -1 topActivityLetterboxWidth=-1 topActivityLetterboxHeight=-1 topActivityAppBounds=Rect(0, 0 - 1080, 2340) isUserFullscreenOverrideEnabled=false isSystemFullscreenOverrideEnabled=false hasMinAspectRatioOverride=false topActivityLetterboxBounds=null cameraCompatTaskInfo=CameraCompatTaskInfo { freeformCameraCompatMode=inactive} topActivityBounds=null topActivityInDisplayCompat=false singleTapFromLetterbox=false} topActivityMainWindowFrame=null originallySupportedMultiWindow=true hasWallpaper=false rootAffinity=10375:com.tylerhats.proxitap isTopTaskInStage=false CoverLauncherWidgetTask=false LaunchedFromAppsCoverLauncherTask=false LaunchedFromMultistarCoverLauncherTask=false isAllowedSeamlessRotation=false isTopTransparentActivity=false isAliasManaged=false hasConfigChanged=false snappingGuideBounds=null isAiKeyRemoveAppTask=false lastDesktopWindowingBounds=null lastExternalDesktopWindowingBounds=null safeCutoutInsets=null}, pipChange = null, remoteTransition = null, displayChange = null, flags = 0, debugId = 86 }
06-24 02:08:42.918  1984 13697 D WindowManager: Starting window removed Window{f8ed237 u0 Splash Screen com.tylerhats.proxitap}
06-24 02:08:42.918  1984 13697 I WindowManager: Cancelling animation restarting=false, leash=Surface(name=Surface(name=af3c7df com.tylerhats.proxitap/com.tylerhats.proxitap.MainActivity)/@0x754df19 - animation-leash of starting_reveal)/@0x3b2a1bf
