06-24 02:09:28.392  1984  2359 D WindowManager: updateSystemBarAttributes: displayId=0, focusedCanBeNavColorWin=false, win=Window{30c465e u0 Splash Screen com.tylerhats.proxitap}, navColorWin=Window{fee1e52 u0 InputMethod}, caller=com.android.server.wm.DisplayPolicy.finishPostLayoutPolicyLw:17 com.android.server.wm.RootWindowContainer.applySurfaceChangesTransaction$1:195 com.android.server.wm.RootWindowContainer.performSurfacePlacementNoTrace:59 
06-24 02:09:28.410  1984  2359 I WindowManager: notifyInsetsControlChanged, removed=false, win=Window{30c465e u0 Splash Screen com.tylerhats.proxitap}, caller=com.android.server.wm.InsetsStateController$$ExternalSyntheticLambda1.run:137 com.android.server.wm.WindowAnimator$$ExternalSyntheticLambda2.onTransactionCommitted:26 android.view.SurfaceControl$Transaction$$ExternalSyntheticLambda4.run:0 android.os.Handler.handleCallback:995 android.os.Handler.dispatchMessage:103 android.os.Looper.loopOnce:273 
06-24 02:09:28.553  1984  3163 D MdnieScenarioControlService:  packageName : com.tylerhats.proxitap    className : com.tylerhats.proxitap.MainActivity
06-24 02:09:28.620  1984 14125 D InsetsSourceProvider: updateControlForTarget: control=InsetsSourceControl: {cdd30001 mType=navigationBars initiallyVisible mSurfacePosition=Point(0, 2214) mInsetsHint=Insets{left=0, top=0, right=0, bottom=39}}, target=Window{30c465e u0 Splash Screen com.tylerhats.proxitap}, from=com.android.server.wm.InsetsStateController.onControlTargetChanged:83 com.android.server.wm.InsetsPolicy.updateBarControlTarget:225 com.android.server.wm.DisplayPolicy.updateSystemBarAttributes:262 com.android.server.wm.InsetsStateController.onRequestedVisibleTypesChanged:86 com.android.server.wm.InsetsPolicy.onRequestedVisibleTypesChanged:3 
06-24 02:09:28.620  1984 14125 D WindowManager: updateSystemBarAttributes: displayId=0, focusedCanBeNavColorWin=false, win=Window{30c465e u0 Splash Screen com.tylerhats.proxitap}, navColorWin=Window{30c465e u0 Splash Screen com.tylerhats.proxitap}, caller=com.android.server.wm.InsetsStateController.onRequestedVisibleTypesChanged:86 com.android.server.wm.InsetsPolicy.onRequestedVisibleTypesChanged:3 com.android.server.wm.Session.updateRequestedVisibleTypes:37 
06-24 02:09:28.660  1984  2359 I WindowManager: notifyInsetsControlChanged, removed=false, win=Window{30c465e u0 Splash Screen com.tylerhats.proxitap}, caller=com.android.server.wm.InsetsStateController$$ExternalSyntheticLambda1.run:137 com.android.server.wm.WindowAnimator$$ExternalSyntheticLambda2.onTransactionCommitted:26 android.view.SurfaceControl$Transaction$$ExternalSyntheticLambda4.run:0 android.os.Handler.handleCallback:995 android.os.Handler.dispatchMessage:103 android.os.Looper.loopOnce:273 
06-24 02:09:28.685  1984  3446 D SGM:FgCheckThread: notifyAppCreated(), packageName: com.tylerhats.proxitap, userId: 0, sendRet: true
06-24 02:09:28.685  1984  2908 D SGM:FgCheckThread: onLooperPrepared(), msg: MSG_APP_CREATE, pkgName: com.tylerhats.proxitap, userId: 0
06-24 02:09:28.686  1984  3446 D SGM:FgCheckThread:   sendRunningComponentFocus(), pkgName: com.tylerhats.proxitap, userId: 0
06-24 02:09:28.686  1984  2908 D SGM:FgCheckThread: onLooperPrepared(), msg: MSG_TASK_FOCUSED, pkgName: com.tylerhats.proxitap, userId: 0
06-24 02:09:28.686  1984  2908 D SGM:FgCheckThread:   handleTaskFocused(), pkgName: com.tylerhats.proxitap, userID:0
06-24 02:09:28.686  1984  2908 D SGM:FgCheckThread:   handleResume(). pkgName: com.tylerhats.proxitap, userId: 0, category: non-game
06-24 02:09:28.686  1984  2908 D SGM:FgCheckThread: notifyFocusInOut(). of pkg: com.tylerhats.proxitap, type: 4, isSecGameFamily: false, userId: 0
06-24 02:09:28.687  1984  3446 D ActivityTaskManager: scheduleTopResumedActivityChanged, onTop=true, r=ActivityRecord{14152177 u0 com.tylerhats.proxitap/.MainActivity t386}, caller=com.android.server.wm.ActivityTaskSupervisor.scheduleTopResumedActivityStateIfNeeded:18 com.android.server.wm.ActivityTaskSupervisor.updateTopResumedActivityIfNeeded:54 com.android.server.wm.TaskFragment.setResumedActivity:30 com.android.server.wm.ActivityRecord.setState:100 com.android.server.wm.ActivityTaskSupervisor.realStartActivityLocked:477 com.android.server.wm.RootWindowContainer.attachApplication:92 
06-24 02:09:28.696 24759 24759 D ActivityThread: com.tylerhats.proxitap will use render engine as VK
06-24 02:09:28.710  1984  2356 D SGM:GameManager: identifyGamePackage. com.tylerhats.proxitap, mCurrentUserId: 0, callingMethodInfo: com.samsung.android.game.SemGameManager.isGamePackage(SemGameManager.java:106)
06-24 02:09:28.710  1984  2356 D SGM:SemGameManager: isGamePackage(), pkgName=com.tylerhats.proxitap, ret=false
06-24 02:09:28.711  1984  2356 D SGM:FgCheckThread: noteResumeComponent(), received pkgName: com.tylerhats.proxitap, userId: 0
06-24 02:09:28.711  1984  2908 D SGM:FgCheckThread: onLooperPrepared(), msg: MSG_APP_RESUME, pkgName: com.tylerhats.proxitap, userid: 0
06-24 02:09:28.711  1984  2908 D SGM:FgCheckThread:   handleResume(). pkgName: com.tylerhats.proxitap, userId: 0, category: non-game
06-24 02:09:28.711  1984  2908 D SGM:FgCheckThread: notifyFocusInOut(). of pkg: com.tylerhats.proxitap, type: 4, isSecGameFamily: false, userId: 0
06-24 02:09:28.711 13091 13140 I SDHMS:k : handleResumeComponent : put = com.tylerhats.proxitap, userid = 0 instanceid =8080471
06-24 02:09:29.089  1984 14142 V WindowManager:    ChangeInfo{cebb16b container=ActivityRecord{14152177 u0 com.tylerhats.proxitap/.MainActivity t386} flags=0x0}
06-24 02:09:29.089  1984 14142 V WindowManager:    ChangeInfo{4f83961 container=Task{90fa1d6 #386 type=standard A=10375:com.tylerhats.proxitap} flags=0x10}
06-24 02:09:29.099  1984 14142 D ChangeTransitionController:    ChangeInfo{cebb16b container=ActivityRecord{14152177 u0 com.tylerhats.proxitap/.MainActivity t386} flags=0x0}
06-24 02:09:29.099  1984 14142 D ChangeTransitionController:    ChangeInfo{4f83961 container=Task{90fa1d6 #386 type=standard A=10375:com.tylerhats.proxitap} flags=0x10}
06-24 02:09:29.127  1984  4579 D CoreBackPreview: Window{19af752 u0 com.tylerhats.proxitap/com.tylerhats.proxitap.MainActivity}: Setting back callback OnBackInvokedCallbackInfo{mCallback=android.window.IOnBackInvokedCallback$Stub$Proxy@598706b, mPriority=0, mIsAnimationCallback=false, mOverrideBehavior=0}
06-24 02:09:29.146  1984 14129 D WindowManager: makeSurface duration=2 name=com.tylerhats.proxitap/com.tylerhats.proxitap.MainActivity$_24759
06-24 02:09:29.148  1984 14129 D WindowManager: Changing focus from null to Window{19af752 u0 com.tylerhats.proxitap/com.tylerhats.proxitap.MainActivity} displayId=0 Callers=com.android.server.wm.WindowManagerService.relayoutWindow:1366 com.android.server.wm.Session.relayout:27 android.view.IWindowSession$Stub.onTransact:829 com.android.server.wm.Session.onTransact:1 
06-24 02:09:29.150  1984 14129 D InsetsSourceProvider: updateControlForTarget: control=InsetsSourceControl: {e78c0000 mType=statusBars initiallyVisible mSurfacePosition=Point(0, 0) mInsetsHint=Insets{left=0, top=99, right=0, bottom=0}}, target=Window{19af752 u0 com.tylerhats.proxitap/com.tylerhats.proxitap.MainActivity}, from=com.android.server.wm.InsetsStateController.onControlTargetChanged:83 com.android.server.wm.InsetsPolicy.updateBarControlTarget:212 com.android.server.wm.DisplayPolicy.updateSystemBarAttributes:262 com.android.server.wm.WindowManagerService.updateFocusedWindowLocked:372 com.android.server.wm.WindowManagerService.relayoutWindow:1366 
06-24 02:09:29.151  1984 14129 D InsetsSourceProvider: updateControlForTarget: control=InsetsSourceControl: {cdd30001 mType=navigationBars initiallyVisible mSurfacePosition=Point(0, 2214) mInsetsHint=Insets{left=0, top=0, right=0, bottom=39}}, target=Window{19af752 u0 com.tylerhats.proxitap/com.tylerhats.proxitap.MainActivity}, from=com.android.server.wm.InsetsStateController.onControlTargetChanged:83 com.android.server.wm.InsetsPolicy.updateBarControlTarget:225 com.android.server.wm.DisplayPolicy.updateSystemBarAttributes:262 com.android.server.wm.WindowManagerService.updateFocusedWindowLocked:372 com.android.server.wm.WindowManagerService.relayoutWindow:1366 
06-24 02:09:29.151  1984 14129 D WindowManager: updateSystemBarAttributes: displayId=0, focusedCanBeNavColorWin=false, win=Window{19af752 u0 com.tylerhats.proxitap/com.tylerhats.proxitap.MainActivity}, navColorWin=Window{30c465e u0 Splash Screen com.tylerhats.proxitap}, caller=com.android.server.wm.WindowManagerService.updateFocusedWindowLocked:372 com.android.server.wm.WindowManagerService.relayoutWindow:1366 com.android.server.wm.Session.relayout:27 
06-24 02:09:29.152  1984 14129 V SystemKeyManager: updateFocusedWindow() is called, com.tylerhats.proxitap/com.tylerhats.proxitap.MainActivity
06-24 02:09:29.194  1984  2359 I WindowManager: notifyInsetsControlChanged, removed=false, win=Window{30c465e u0 Splash Screen com.tylerhats.proxitap}, caller=com.android.server.wm.InsetsStateController$$ExternalSyntheticLambda1.run:137 com.android.server.wm.WindowAnimator$$ExternalSyntheticLambda2.onTransactionCommitted:26 android.view.SurfaceControl$Transaction$$ExternalSyntheticLambda4.run:0 android.os.Handler.handleCallback:995 android.os.Handler.dispatchMessage:103 android.os.Looper.loopOnce:273 
06-24 02:09:29.200  1984  5335 D WindowManager: finishDrawingWindow: Window{19af752 u0 com.tylerhats.proxitap/com.tylerhats.proxitap.MainActivity} mDrawState=DRAW_PENDING seqId=0
06-24 02:09:29.204  1984  2359 V WindowManager: Finish starting ActivityRecord{14152177 u0 com.tylerhats.proxitap/.MainActivity t386}: first real window is shown, no animation
06-24 02:09:29.205  1984  2359 V WindowManager: Schedule remove starting ActivityRecord{14152177 u0 com.tylerhats.proxitap/.MainActivity t386} startingWindow=Window{30c465e u0 Splash Screen com.tylerhats.proxitap} animate=true Callers=com.android.server.wm.ActivityRecord.removeStartingWindow:178 com.android.server.wm.WindowState.performShowLocked:155 com.android.server.wm.WindowStateAnimator.commitFinishDrawingLocked:73 com.android.server.wm.DisplayContent$$ExternalSyntheticLambda1.accept$com$android$server$wm$DisplayContent$$ExternalSyntheticLambda37:23 com.android.server.wm.DisplayContent$$ExternalSyntheticLambda1.accept:143 
06-24 02:09:29.206  1984  2359 D TaskOrganizerController: applyStartingWindowAnimation, window=Window{19af752 u0 com.tylerhats.proxitap/com.tylerhats.proxitap.MainActivity}, caller=com.android.server.wm.TaskOrganizerController.removeStartingWindow:132 com.android.server.wm.StartingSurfaceController$StartingSurface.remove:23 com.android.server.wm.ActivityRecord.removeStartingWindowAnimation:171 
06-24 02:09:29.207  1984  2359 I WindowManager: Reparenting to leash, surface=Surface(name=19af752 com.tylerhats.proxitap/com.tylerhats.proxitap.MainActivity)/@0x7102f, leashParent=Surface(name=ActivityRecord{14152177 u0 com.tylerhats.proxitap/.MainActivity t386})/@0xd4a663c
06-24 02:09:29.210  1984  2359 D WindowManager: makeSurface duration=2 leash=Surface(name=Surface(name=19af752 com.tylerhats.proxitap/com.tylerhats.proxitap.MainActivity)/@0x7102f - animation-leash of starting_reveal)/@0x23bffc5
06-24 02:09:29.220  1984  2359 V WindowManager: performShowLocked: mDrawState=HAS_DRAWN in Window{19af752 u0 com.tylerhats.proxitap/com.tylerhats.proxitap.MainActivity}
06-24 02:09:29.233  1984  2347 I Pageboost: Launch time gathered : pid 24759 com.tylerhats.proxitap 931
06-24 02:09:29.263  1984  3856 I MediaSessionStack: addSession to bottom of stack | record: com.tylerhats.proxitap/ProxiTap_PTT/9 (userId=0)
06-24 02:09:29.266  1984  4579 I MediaSessionStack: onPlaybackStateChanged - Pushing session to top | record: com.tylerhats.proxitap/ProxiTap_PTT/9 (userId=0)
06-24 02:09:29.284  1984 14142 D WindowManager: finishDrawingWindow: Window{19af752 u0 com.tylerhats.proxitap/com.tylerhats.proxitap.MainActivity} mDrawState=HAS_DRAWN seqId=0
06-24 02:09:29.297  1984  4579 D WindowManager: Starting window removed Window{30c465e u0 Splash Screen com.tylerhats.proxitap}
06-24 02:09:29.297  1984  4579 I WindowManager: Cancelling animation restarting=false, leash=Surface(name=Surface(name=19af752 com.tylerhats.proxitap/com.tylerhats.proxitap.MainActivity)/@0x7102f - animation-leash of starting_reveal)/@0x23bffc5
06-24 02:09:29.297  1984  4579 I WindowManager: Reparenting to original parent: Surface(name=ActivityRecord{14152177 u0 com.tylerhats.proxitap/.MainActivity t386})/@0xd4a663c, destroy=false, surface=Surface(name=19af752 com.tylerhats.proxitap/com.tylerhats.proxitap.MainActivity)/@0x7102f
06-24 02:09:29.298  1984  4579 V WindowManager: Remove Window{30c465e u0 Splash Screen com.tylerhats.proxitap}: mSurfaceControl=Surface(name=Splash Screen com.tylerhats.proxitap$_3702)/@0xcf2cb6e mAnimatingExit=false mRemoveOnExit=false mHasSurface=true surfaceShowing=false animating=false app-animation=false callers=com.android.server.wm.Session.remove:16 android.view.IWindowSession$Stub.onTransact:804 com.android.server.wm.Session.onTransact:1 android.os.Binder.execTransactInternal:1462 android.os.Binder.execTransact:1401 <bottom of call stack> 
06-24 02:09:29.299  1984  4579 D WindowManager: updateSystemBarAttributes: displayId=0, focusedCanBeNavColorWin=false, win=Window{19af752 u0 com.tylerhats.proxitap/com.tylerhats.proxitap.MainActivity}, navColorWin=Window{19af752 u0 com.tylerhats.proxitap/com.tylerhats.proxitap.MainActivity}, caller=com.android.server.wm.DisplayPolicy.finishPostLayoutPolicyLw:17 com.android.server.wm.RootWindowContainer.applySurfaceChangesTransaction$1:195 com.android.server.wm.RootWindowContainer.performSurfacePlacementNoTrace:59 
06-24 02:09:29.311  1984 14129 W PackageConfigPersister: App-specific configuration not found for packageName: com.tylerhats.proxitap and userId: 0
06-24 02:09:29.312  1984 14142 D InsetsSourceProvider: updateControlForTarget: control=InsetsSourceControl: {3 mType=ime mSurfacePosition=Point(0, 99) mInsetsHint=Insets{left=0, top=0, right=0, bottom=972}}, target=Window{19af752 u0 com.tylerhats.proxitap/com.tylerhats.proxitap.MainActivity}, from=com.android.server.wm.ImeInsetsSourceProvider.updateControlForTarget:17 com.android.server.wm.InsetsStateController.onControlTargetChanged:83 com.android.server.wm.DisplayContent.updateImeControlTarget:21 com.android.server.wm.DisplayContent.updateImeInputAndControlTarget:156 com.android.server.wm.WindowManagerService$LocalService.updateInputMethodTargetWindow:64 
06-24 02:09:29.315  1984  2356 D SGM:FgCheckThread: getForegroundApp(), foregroundPkgName=com.tylerhats.proxitap
06-24 02:09:29.316  1984  2356 D SGM:FgCheckThread: noteStopComponent(), received pkgName: com.sec.android.app.launcher, focusedPkgName: com.tylerhats.proxitap, userId: 0
06-24 02:09:29.324  1984  2350 D SGM:GameManager: identifyForegroundApp. com.tylerhats.proxitap, mCurrentUserId: 0, callerUserId: 0
06-24 02:09:29.338  1984  2350 D SGM:GameManager: identifyForegroundApp. com.tylerhats.proxitap, mCurrentUserId: 0, callerUserId: 0
06-24 02:09:29.454  1984  3163 D MdnieScenarioControlService:  packageName : com.tylerhats.proxitap    className : com.tylerhats.proxitap.MainActivity
06-24 02:09:29.813  1984  2356 D SGM:GameManager: identifyForegroundApp. com.tylerhats.proxitap, mCurrentUserId: 0, callerUserId: 0
06-24 02:09:33.751  1984  3424 I Pageboost: db create : CREATE TABLE IF NOT EXISTS comtylerhatsproxitap (FILENAME TEXT, OFFSET INTEGER, SIZE INTEGER, FORVRAMDISK INTEGER, BITMAP BLOB, unique (FILENAME, OFFSET) );
06-24 02:09:33.755  1984  3424 I Pageboost: db create : CREATE TABLE IF NOT EXISTS comtylerhatsproxitap (FILENAME TEXT, OFFSET INTEGER, SIZE INTEGER, FORVRAMDISK INTEGER, BITMAP BLOB, unique (FILENAME, OFFSET) );
06-24 02:09:33.771  1984  3424 I Pageboost: db update :com.tylerhats.proxitap ret 1
06-24 02:09:33.810  1984  3424 I Pageboost: memUsage collected : 79419 40288 2432 for com.tylerhats.proxitap 24759
06-24 02:09:47.220 24759 24759 E AndroidRuntime: Process: com.tylerhats.proxitap, PID: 24759
06-24 02:09:47.220 24759 24759 E AndroidRuntime: java.lang.SecurityException: com.tylerhats.proxitap was not granted either of these permissions:android.permission.CHANGE_NETWORK_STATE,android.permission.WRITE_SETTINGS.
06-24 02:09:47.220 24759 24759 E AndroidRuntime: 	at com.tylerhats.proxitap.network.NanImpl.requestDataPathAsPeer(NanImpl.kt:246)
06-24 02:09:47.220 24759 24759 E AndroidRuntime: 	at com.tylerhats.proxitap.network.NanImpl.access$requestDataPathAsPeer(NanImpl.kt:22)
06-24 02:09:47.220 24759 24759 E AndroidRuntime: 	at com.tylerhats.proxitap.network.NanImpl$joinLobby$2$doSubscribe$1$1.onServiceDiscovered(NanImpl.kt:168)
06-24 02:09:47.223  1984  3446 W ActivityTaskManager:   Force finishing activity com.tylerhats.proxitap/.MainActivity
06-24 02:09:47.223  1984 25089 W ActivityManager: crash : com.tylerhats.proxitap,10375
06-24 02:09:47.225  1984  3446 V WindowManager: Collecting in transition 90: Task{90fa1d6 #386 type=standard A=10375:com.tylerhats.proxitap}, caller=com.android.server.wm.Transition.collectExistenceChange:40 com.android.server.wm.Transition.collectClose:7 com.android.server.wm.ActivityRecord.finishIfPossible:50 com.android.server.wm.ActivityRecord.finishIfPossible:1 com.android.server.wm.RootWindowContainer$$ExternalSyntheticLambda34.accept:179 
06-24 02:09:47.225  1984  3446 D WindowManager: prepareSync <SYNC_STATE_WAITING_FOR_DRAW>, mPrepareSyncSeqId=0, win=Window{19af752 u0 com.tylerhats.proxitap/com.tylerhats.proxitap.MainActivity}
06-24 02:09:47.225  1984  3446 D ActivityTaskManager: scheduleTopResumedActivityChanged, onTop=false, r=ActivityRecord{14152177 u0 com.tylerhats.proxitap/.MainActivity t386 f}}, caller=com.android.server.wm.ActivityTaskSupervisor.scheduleTopResumedActivityStateLossIfNeeded:19 com.android.server.wm.ActivityTaskSupervisor.updateTopResumedActivityIfNeeded:20 com.android.server.wm.TaskDisplayArea.positionChildAt:252 com.android.server.wm.WindowContainer.positionChildAt:84 com.android.server.wm.Task.positionChildAt:19 com.android.server.wm.Task.moveToFront:257 
06-24 02:09:47.226  1984  3446 V WindowManager: Collecting in transition 90: ActivityRecord{14152177 u0 com.tylerhats.proxitap/.MainActivity t386 f}}, caller=com.android.server.wm.TransitionController.collect:7 com.android.server.wm.ActivityRecord.setVisibility:132 com.android.server.wm.ActivityRecord.finishIfPossible:87 com.android.server.wm.ActivityRecord.finishIfPossible:1 com.android.server.wm.RootWindowContainer$$ExternalSyntheticLambda34.accept:179 
06-24 02:09:47.226  3702  3759 V WindowManagerShell: Transition requested (#90): android.os.BinderProxy@13d7af9 TransitionRequestInfo { type = CLOSE, triggerTask = TaskInfo{userId=0 taskId=386 effectiveUid=10375 displayId=0 isRunning=true baseIntent=Intent { act=android.intent.action.MAIN cat=[android.intent.category.LAUNCHER] flg=0x10204000 cmp=com.tylerhats.proxitap/.MainActivity } baseActivity=ComponentInfo{com.tylerhats.proxitap/com.tylerhats.proxitap.MainActivity} topActivity=ComponentInfo{com.tylerhats.proxitap/com.tylerhats.proxitap.MainActivity} origActivity=null realActivity=ComponentInfo{com.tylerhats.proxitap/com.tylerhats.proxitap.MainActivity} numActivities=1 lastActiveTime=140484602 supportsMultiWindow=true resizeMode=1 isResizeable=true minWidth=-1 minHeight=-1 maxWidth=-1 maxHeight=-1 defaultMinSize=220 desktopDefaultMinSize=304 token=WCT{android.window.IWindowContainerToken$Stub$Proxy@83b6a3e} topActivityType=1 pictureInPictureParams=null shouldDockBigOverlays=false launchIntoPipHostTaskId=-1 lastParentTaskIdBeforePip=-1 displayCutoutSafeInsets=Rect(0, 0 - 0, 0) topActivityInfo=ActivityInfo{59f509f com.tylerhats.proxitap.MainActivity} launchCookies=[android.os.BinderProxy@33abd17] positionInParent=Point(0, 0) parentTaskId=-1 isFocused=true isVisible=true isVisibleRequested=true isTopActivityNoDisplay=false isSleeping=false locusId=null displayAreaFeatureId=1 isTopActivityTransparent=false isActivityStackTransparent=false lastNonFullscreenBounds=Rect(81, 615 - 999, 1785) capturedLink=null capturedLinkTimestamp=0 requestedVisibleTypes=-9 topActivityRequestOpenInBrowserEducationTimestamp=0 appCompatTaskInfo=AppCompatTaskInfo { topActivityInSizeCompat=false eligibleForLetterboxEducation= false isLetterboxEducationEnabled= false isLetterboxDoubleTapEnabled= false eligibleForUserAspectRatioButton= false topActivityBoundsLetterboxed= false isFromLetterboxDoubleTap= false topActivityLetterboxVerticalPosition= -1 topActivityLetterboxHorizontalPosition= -1 topActivityLetterboxWidth=-1 topActivityLetterboxHeight=-1 topActivityAppBounds=Rect(0, 0 - 1080, 2340) isUserFullscreenOverrideEnabled=false isSystemFullscreenOverrideEnabled=false hasMinAspectRatioOverride=false topActivityLetterboxBounds=null cameraCompatTaskInfo=CameraCompatTaskInfo { freeformCameraCompatMode=inactive} topActivityBounds=null topActivityInDisplayCompat=false singleTapFromLetterbox=false} topActivityMainWindowFrame=null originallySupportedMultiWindow=true hasWallpaper=false rootAffinity=10375:com.tylerhats.proxitap isTopTaskInStage=false CoverLauncherWidgetTask=false LaunchedFromAppsCoverLauncherTask=false LaunchedFromMultistarCoverLauncherTask=false isAllowedSeamlessRotation=false isTopTransparentActivity=false isAliasManaged=false hasConfigChanged=false snappingGuideBounds=null isAiKeyRemoveAppTask=false lastDesktopWindowingBounds=null lastExternalDesktopWindowingBounds=null safeCutoutInsets=null}, pipChange = null, remoteTransition = null, displayChange = null, flags = 16, debugId = 90 }
06-24 02:09:47.231  1984  2350 I ActivityManager: Showing crash dialog for package com.tylerhats.proxitap u0
06-24 02:09:47.235  1984  3833 D WindowManager: Changing focus from Window{19af752 u0 com.tylerhats.proxitap/com.tylerhats.proxitap.MainActivity} to null displayId=0 Callers=com.android.server.wm.WindowManagerService.relayoutWindow:1366 com.android.server.wm.Session.relayout:27 android.view.IWindowSession$Stub.onTransact:829 com.android.server.wm.Session.onTransact:1 
06-24 02:09:47.263 13091 13091 I SDHMS:PowerAnomaly:Gatherer:AppError: update AppError : uid=10375, pkg=com.tylerhats.proxitap, errorType=crash
06-24 02:09:47.267 13091 13091 I SDHMS:PowerAnomaly:Analyzer:AppError: analyze app error : uid=10375, pkg=com.tylerhats.proxitap, appErrorCount=6
06-24 02:09:47.309  1984  2350 D WindowManager: Changing focus from null to Window{193d4ad u0 Application Error: com.tylerhats.proxitap} displayId=0 Callers=com.android.server.wm.WindowManagerService.addWindowInner:565 com.android.server.wm.WindowManagerService.addWindow:1842 com.android.server.wm.Session.addToDisplayAsUser:24 android.view.ViewRootImpl.setView:1974 
06-24 02:09:47.311  1984  2350 D InsetsSourceProvider: updateControlForTarget: control=InsetsSourceControl: {e78c0000 mType=statusBars initiallyVisible mSurfacePosition=Point(0, 0) mInsetsHint=Insets{left=0, top=99, right=0, bottom=0}}, target=Window{193d4ad u0 Application Error: com.tylerhats.proxitap}, from=com.android.server.wm.InsetsStateController.onControlTargetChanged:83 com.android.server.wm.InsetsPolicy.updateBarControlTarget:212 com.android.server.wm.DisplayPolicy.updateSystemBarAttributes:262 com.android.server.wm.WindowManagerService.updateFocusedWindowLocked:372 com.android.server.wm.WindowManagerService.addWindowInner:565 
06-24 02:09:47.312  1984  2350 D InsetsSourceProvider: updateControlForTarget: control=InsetsSourceControl: {cdd30001 mType=navigationBars initiallyVisible mSurfacePosition=Point(0, 2214) mInsetsHint=Insets{left=0, top=0, right=0, bottom=39}}, target=Window{193d4ad u0 Application Error: com.tylerhats.proxitap}, from=com.android.server.wm.InsetsStateController.onControlTargetChanged:83 com.android.server.wm.InsetsPolicy.updateBarControlTarget:225 com.android.server.wm.DisplayPolicy.updateSystemBarAttributes:262 com.android.server.wm.WindowManagerService.updateFocusedWindowLocked:372 com.android.server.wm.WindowManagerService.addWindowInner:565 
06-24 02:09:47.312  1984  2350 D WindowManager: updateSystemBarAttributes: displayId=0, focusedCanBeNavColorWin=false, win=Window{193d4ad u0 Application Error: com.tylerhats.proxitap}, navColorWin=Window{19af752 u0 com.tylerhats.proxitap/com.tylerhats.proxitap.MainActivity}, caller=com.android.server.wm.WindowManagerService.updateFocusedWindowLocked:372 com.android.server.wm.WindowManagerService.addWindowInner:565 com.android.server.wm.WindowManagerService.addWindow:1842 
06-24 02:09:47.313  1984  2350 V SystemKeyManager: updateFocusedWindow() is called, Application Error: com.tylerhats.proxitap
06-24 02:09:47.315  1984  2350 D CoreBackPreview: Window{193d4ad u0 Application Error: com.tylerhats.proxitap}: Setting back callback OnBackInvokedCallbackInfo{mCallback=android.window.WindowOnBackInvokedDispatcher$OnBackInvokedCallbackWrapper@cfd9992, mPriority=-1, mIsAnimationCallback=false, mOverrideBehavior=0}
06-24 02:09:47.324  1984  2350 D WindowManager: makeSurface duration=2 name=Application Error: com.tylerhats.proxitap
06-24 02:09:47.441  1984  2350 D WindowManager: finishDrawingWindow: Window{193d4ad u0 Application Error: com.tylerhats.proxitap} mDrawState=DRAW_PENDING seqId=0
06-24 02:09:47.443  1984  2359 I WindowManager: Reparenting to leash, surface=Surface(name=193d4ad Application Error: com.tylerhats.proxitap)/@0x4f00e24, leashParent=Surface(name=WindowToken{70a5dc4 type=2003 android.view.ViewRootImpl$W@24590d7})/@0x25d2d8d
06-24 02:09:47.444  1984  2359 D WindowManager: makeSurface duration=1 leash=Surface(name=Surface(name=193d4ad Application Error: com.tylerhats.proxitap)/@0x4f00e24 - animation-leash of window_animation)/@0xd9b8b42
06-24 02:09:47.444  1984  2359 V WindowManager: performShowLocked: mDrawState=HAS_DRAWN in Window{193d4ad u0 Application Error: com.tylerhats.proxitap}
06-24 02:09:47.727  1984  2356 W ActivityTaskManager: Activity top resumed state loss timeout for ActivityRecord{14152177 u0 com.tylerhats.proxitap/.MainActivity t386 f}}
06-24 02:09:47.727  1984  2356 W ActivityTaskManager: Activity pause timeout for ActivityRecord{14152177 u0 com.tylerhats.proxitap/.MainActivity t386 f}}
06-24 02:09:47.737  1984  2356 D WindowManager: updateSystemBarAttributes: displayId=0, focusedCanBeNavColorWin=false, win=Window{193d4ad u0 Application Error: com.tylerhats.proxitap}, navColorWin=Window{193d4ad u0 Application Error: com.tylerhats.proxitap}, caller=com.android.server.wm.DisplayPolicy.finishPostLayoutPolicyLw:17 com.android.server.wm.RootWindowContainer.applySurfaceChangesTransaction$1:195 com.android.server.wm.RootWindowContainer.performSurfacePlacementNoTrace:59 
06-24 02:09:47.739  1984  2356 D SGM:FgCheckThread: notePauseComponent(), received pkgName: com.tylerhats.proxitap, userId: 0
06-24 02:09:47.753  1984  2359 I WindowManager: Reparenting to original parent: Surface(name=WindowToken{70a5dc4 type=2003 android.view.ViewRootImpl$W@24590d7})/@0x25d2d8d, destroy=true, surface=Surface(name=193d4ad Application Error: com.tylerhats.proxitap)/@0x4f00e24
06-24 02:09:47.769  1984  2359 D ChangeTransitionController:    ChangeInfo{89676ee container=ActivityRecord{14152177 u0 com.tylerhats.proxitap/.MainActivity t386 f}} flags=0x0}
06-24 02:09:47.769  1984  2359 D ChangeTransitionController:    ChangeInfo{a5ddab container=Task{90fa1d6 #386 type=standard A=10375:com.tylerhats.proxitap} flags=0x0}
06-24 02:09:47.770  1984  2359 V WindowManager: Start calculating TransitionInfo based on participants: {ActivityRecord{14152177 u0 com.tylerhats.proxitap/.MainActivity t386 f}}, Task{2b7b6b7 #372 type=home I=com.sec.android.app.launcher/.activities.LauncherActivity}, Task{7607987 #1 type=home}, WallpaperWindowToken{8b7201d showWhenLocked=false}_<system>, Task{90fa1d6 #386 type=standard A=10375:com.tylerhats.proxitap}, ActivityRecord{267106742 u0 com.sec.android.app.launcher/.activities.LauncherActivity t372}}
06-24 02:09:47.770  1984  2359 V WindowManager:   Final targets: [ChangeInfo{bba0a1c container=Task{7607987 #1 type=home} flags=0x30}, ChangeInfo{a5ddab container=Task{90fa1d6 #386 type=standard A=10375:com.tylerhats.proxitap} flags=0x10}, ChangeInfo{af30625 container=WallpaperWindowToken{8b7201d showWhenLocked=false}_<system> flags=0x0}]
06-24 02:09:47.775  1984  2359 V WindowManager:         {WCT{RemoteToken{a7a830f Task{90fa1d6 #386 type=standard A=10375:com.tylerhats.proxitap}}} m=CLOSE f=NONE leash=Surface(name=Task=386)/@0xaa66be9 sb=Rect(0, 0 - 1080, 2340) eb=Rect(0, 0 - 1080, 2340) epz=Point(1080, 2340) d=0 taskParent=-1 inset=Rect(0, 99 - 0, 39) dim=true},
06-24 02:09:47.792  1984  2347 V WindowManager: Sent Transition (#90) createdAt=06-24 02:09:47.223 via request=TransitionRequestInfo { type = CLOSE, triggerTask = TaskInfo{userId=0 taskId=386 effectiveUid=10375 displayId=0 isRunning=true baseIntent=Intent { act=android.intent.action.MAIN cat=[android.intent.category.LAUNCHER] flg=0x10204000 cmp=com.tylerhats.proxitap/.MainActivity } baseActivity=ComponentInfo{com.tylerhats.proxitap/com.tylerhats.proxitap.MainActivity} topActivity=ComponentInfo{com.tylerhats.proxitap/com.tylerhats.proxitap.MainActivity} origActivity=null realActivity=ComponentInfo{com.tylerhats.proxitap/com.tylerhats.proxitap.MainActivity} numActivities=1 lastActiveTime=140484602 supportsMultiWindow=true resizeMode=1 isResizeable=true minWidth=-1 minHeight=-1 maxWidth=-1 maxHeight=-1 defaultMinSize=220 desktopDefaultMinSize=304 token=WCT{RemoteToken{a7a830f Task{90fa1d6 #386 type=standard A=10375:com.tylerhats.proxitap}}} topActivityType=1 pictureInPictureParams=null shouldDockBigOverlays=false launchIntoPipHostTaskId=-1 lastParentTaskIdBeforePip=-1 displayCutoutSafeInsets=Rect(0, 0 - 0, 0) topActivityInfo=ActivityInfo{6b28f9c com.tylerhats.proxitap.MainActivity} launchCookies=[android.os.BinderProxy@70dda5] positionInParent=Point(0, 0) parentTaskId=-1 isFocused=true isVisible=true isVisibleRequested=true isTopActivityNoDisplay=false isSleeping=false locusId=null displayAreaFeatureId=1 isTopActivityTransparent=false isActivityStackTransparent=false lastNonFullscreenBounds=Rect(81, 615 - 999, 1785) capturedLink=null capturedLinkTimestamp=0 requestedVisibleTypes=-9 topActivityRequestOpenInBrowserEducationTimestamp=0 appCompatTaskInfo=AppCompatTaskInfo { topActivityInSizeCompat=false eligibleForLetterboxEducation= false isLetterboxEducationEnabled= false isLetterboxDoubleTapEnabled= false eligibleForUserAspectRatioButton= false topActivityBoundsLetterboxed= false isFromLetterboxDoubleTap= false topActivityLetterboxVerticalPosition= -1 topActivityLetterboxHorizontalPosition= -1 topActivityLetterboxWidth=-1 topActivityLetterboxHeight=-1 topActivityAppBounds=Rect(0, 0 - 1080, 2340) isUserFullscreenOverrideEnabled=false isSystemFullscreenOverrideEnabled=false hasMinAspectRatioOverride=false topActivityLetterboxBounds=null cameraCompatTaskInfo=CameraCompatTaskInfo { freeformCameraCompatMode=inactive} topActivityBounds=null topActivityInDisplayCompat=false singleTapFromLetterbox=false} topActivityMainWindowFrame=null originallySupportedMultiWindow=true hasWallpaper=false rootAffinity=10375:com.tylerhats.proxitap isTopTaskInStage=false CoverLauncherWidgetTask=false LaunchedFromAppsCoverLauncherTask=false LaunchedFromMultistarCoverLauncherTask=false isAllowedSeamlessRotation=false isTopTransparentActivity=false isAliasManaged=false hasConfigChanged=false snappingGuideBounds=null isAiKeyRemoveAppTask=false lastDesktopWindowingBounds=null lastExternalDesktopWindowingBounds=null safeCutoutInsets=null}, pipChange = null, remoteTransition = null, displayChange = null, flags = 16, debugId = 90 }
06-24 02:09:47.792  1984  2347 V WindowManager:         {WCT{RemoteToken{a7a830f Task{90fa1d6 #386 type=standard A=10375:com.tylerhats.proxitap}}} m=CLOSE f=NONE leash=Surface(name=Task=386)/@0xaa66be9 sb=Rect(0, 0 - 1080, 2340) eb=Rect(0, 0 - 1080, 2340) epz=Point(1080, 2340) d=0 taskParent=-1 inset=Rect(0, 99 - 0, 39) dim=true},
06-24 02:09:48.501  1984 13701 V WindowManager:    ChangeInfo{89676ee container=ActivityRecord{14152177 u0 com.tylerhats.proxitap/.MainActivity t386 f}} flags=0x0}
06-24 02:09:48.501  1984 13701 V WindowManager:    ChangeInfo{a5ddab container=Task{90fa1d6 #386 type=standard A=10375:com.tylerhats.proxitap} flags=0x10}
06-24 02:09:48.502  1984 13701 V WindowManager: Setting visibility of Window{19af752 u0 com.tylerhats.proxitap/com.tylerhats.proxitap.MainActivity}: false, caller=com.android.server.wm.WindowContainer.sendAppVisibilityToClients:19 com.android.server.wm.WindowToken.setClientVisible:48 com.android.server.wm.ActivityRecord.commitVisibility:186 com.android.server.wm.TransitionController.finishTransition:846 com.android.server.wm.WindowOrganizerController.finishTransitionInner:31 
06-24 02:09:48.503  1984 13701 D ChangeTransitionController:    ChangeInfo{89676ee container=ActivityRecord{14152177 u0 com.tylerhats.proxitap/.MainActivity t386 f}} flags=0x0}
06-24 02:09:48.503  1984 13701 D ChangeTransitionController:    ChangeInfo{a5ddab container=Task{90fa1d6 #386 type=standard A=10375:com.tylerhats.proxitap} flags=0x10}
06-24 02:09:49.547  1984  3446 I ActivityManager: Killing 24759:com.tylerhats.proxitap/u0a375 (adj 900): crash
06-24 02:09:49.548  1984  3446 D ActivityManager: proc ProcessRecord{b526a6a 24759:com.tylerhats.proxitap/u0a375} already removed. so we skip next process.
06-24 02:09:49.551  1984  2356 D SGM:FgCheckThread: pkgName: com.tylerhats.proxitap is not in foreground
06-24 02:09:49.551  1984  2356 D SGM:FgCheckThread: noteStopComponent(), received pkgName: com.tylerhats.proxitap, focusedPkgName: com.sec.android.app.launcher, userId: 0
06-24 02:09:49.551  1984  3446 V WindowManager: Remove Window{19af752 u0 com.tylerhats.proxitap/com.tylerhats.proxitap.MainActivity}: mSurfaceControl=Surface(name=com.tylerhats.proxitap/com.tylerhats.proxitap.MainActivity$_24759)/@0xffcc6ac mAnimatingExit=false mRemoveOnExit=false mHasSurface=true surfaceShowing=false animating=false app-animation=false callers=com.android.server.wm.WindowToken.removeAllWindowsIfPossible:45 com.android.server.wm.WindowToken.removeIfPossible:16 com.android.server.wm.ActivityRecord.onRemovedFromDisplay:407 com.android.server.wm.ActivityRecord.removeFromHistory:173 com.android.server.wm.WindowProcessController.handleAppDied$1:507 com.android.server.am.ActivityManagerService.handleAppDiedLocked:248 
06-24 02:09:49.559  1984  2350 D CoreBackPreview: Window{193d4ad u0 Application Error: com.tylerhats.proxitap}: Setting back callback null
06-24 02:09:49.562  1984  2350 V WindowManager: Remove Window{193d4ad u0 Application Error: com.tylerhats.proxitap}: mSurfaceControl=Surface(name=Application Error: com.tylerhats.proxitap)/@0x43f3f44 mAnimatingExit=false mRemoveOnExit=false mHasSurface=true surfaceShowing=true animating=false app-animation=false callers=com.android.server.wm.Session.remove:16 android.view.ViewRootImpl.dispatchDetachedFromWindow:7915 android.view.ViewRootImpl.doDie:12278 android.view.ViewRootImpl.die:12237 android.view.WindowManagerGlobal.removeViewLocked:723 android.view.WindowManagerGlobal.removeView:654 
06-24 02:09:49.562  1984  2350 I WindowManager: Reparenting to leash, surface=Surface(name=193d4ad Application Error: com.tylerhats.proxitap)/@0x4f00e24, leashParent=Surface(name=WindowToken{70a5dc4 type=2003 android.view.ViewRootImpl$W@24590d7})/@0x25d2d8d
06-24 02:09:49.563  1984  2350 D WindowManager: makeSurface duration=1 leash=Surface(name=Surface(name=193d4ad Application Error: com.tylerhats.proxitap)/@0x4f00e24 - animation-leash of window_animation)/@0xee3f162
06-24 02:09:49.564  1984  2350 D WindowManager: Changing focus from Window{193d4ad u0 Application Error: com.tylerhats.proxitap EXITING} to Window{2620591 u0 com.sec.android.app.launcher/com.sec.android.app.launcher.activities.LauncherActivity} displayId=0 Callers=com.android.server.wm.WindowState.removeIfPossible:602 com.android.server.wm.Session.remove:16 android.view.ViewRootImpl.dispatchDetachedFromWindow:7915 android.view.ViewRootImpl.doDie:12278 
06-24 02:09:49.567  1984  2350 D WindowManager: updateSystemBarAttributes: displayId=0, focusedCanBeNavColorWin=false, win=Window{2620591 u0 com.sec.android.app.launcher/com.sec.android.app.launcher.activities.LauncherActivity}, navColorWin=Window{193d4ad u0 Application Error: com.tylerhats.proxitap EXITING}, caller=com.android.server.wm.WindowManagerService.updateFocusedWindowLocked:372 com.android.server.wm.WindowState.removeIfPossible:602 com.android.server.wm.Session.remove:16 
06-24 02:09:49.608  1984  2817 I MediaSessionStack: removeSession | record: com.tylerhats.proxitap/ProxiTap_PTT/9 (userId=0)
06-24 02:09:49.608  1984  3844 D PowerManagerService: [api] handleWakeLockDeath : release WakeLock : PARTIAL_WAKE_LOCK                 'ProxiTap::CallServiceCpuWakeLock' DISABLED (uid=10375 pid=24759 displayId=0 lock=789063f)
06-24 02:09:49.609  1984  3856 V ActivityManager: Got obituary of 24759:com.tylerhats.proxitap
06-24 02:09:49.874  1984  2359 I WindowManager: Reparenting to original parent: Surface(name=WindowToken{70a5dc4 type=2003 android.view.ViewRootImpl$W@24590d7})/@0x25d2d8d, destroy=true, surface=Surface(name=193d4ad Application Error: com.tylerhats.proxitap)/@0x4f00e24
06-24 02:09:50.624  1984  3856 I Pageboost: onAppLaunch : com.tylerhats.proxitap
06-24 02:09:50.627  1984  3856 V WindowManager: Collecting in transition 91: ActivityRecord{44025555 u0 com.tylerhats.proxitap/.MainActivity, caller=com.android.server.wm.TransitionController.collect:7 com.android.server.wm.ActivityStarter.startActivityUnchecked:98 com.android.server.wm.ActivityStarter.executeRequest:3559 com.android.server.wm.ActivityStarter.execute:1752 com.android.server.wm.ActivityTaskManagerService.startActivityAsUser:95 
06-24 02:09:50.627  1984  3856 D ActivityTaskManager: DesktopModeLaunchParamsModifier: task=null activity=ActivityRecord{44025555 u0 com.tylerhats.proxitap/.MainActivity t-1} task null, skipping
06-24 02:09:50.627  1984  3856 D ActivityTaskManager: TaskLaunchParamsModifier:task=null activity=ActivityRecord{44025555 u0 com.tylerhats.proxitap/.MainActivity t-1} display-from-option=0 display-id=0 task-display-area-windowing-mode=1 suggested-display-area=DefaultTaskDisplayArea_d0@147668119
06-24 02:09:50.627  1984  3856 D ActivityTaskManager: DesktopModeLaunchParamsModifier: task=null activity=ActivityRecord{44025555 u0 com.tylerhats.proxitap/.MainActivity t-1} task null, skipping
06-24 02:09:50.627  1984  3856 D ActivityTaskManager: TaskLaunchParamsModifier:task=null activity=ActivityRecord{44025555 u0 com.tylerhats.proxitap/.MainActivity t-1} display-from-option=0 display-id=0 task-display-area-windowing-mode=1 suggested-display-area=DefaultTaskDisplayArea_d0@147668119 inherit-from-source=fullscreen non-freeform-task-display-area display-area=DefaultTaskDisplayArea_d0@147668119 default-portrait freeform-size-mismatch=Rect(81, 615 - 999, 1785)
06-24 02:09:50.630  1984  3856 D ActivityTaskManager: DesktopModeLaunchParamsModifier: task=Task{6ce2210 #387 type=standard A=10375:com.tylerhats.proxitap} activity=ActivityRecord{44025555 u0 com.tylerhats.proxitap/.MainActivity t-1} non-desktop, skipping
06-24 02:09:50.630  1984  3856 D ActivityTaskManager: TaskLaunchParamsModifier:task=Task{6ce2210 #387 type=standard A=10375:com.tylerhats.proxitap} activity=ActivityRecord{44025555 u0 com.tylerhats.proxitap/.MainActivity t-1} display-from-option=0 display-id=0 task-display-area-windowing-mode=1 suggested-display-area=DefaultTaskDisplayArea_d0@147668119 inherit-from-source=fullscreen non-freeform-task-display-area display-area=DefaultTaskDisplayArea_d0@147668119 default-portrait freeform-size-mismatch=Rect(81, 615 - 999, 1785)
06-24 02:09:50.630  1984  3856 V WindowManager: Collecting in transition 91: Task{6ce2210 #387 type=standard A=10375:com.tylerhats.proxitap}, caller=com.android.server.wm.Transition.collectExistenceChange:40 com.android.server.wm.ActivityStarter.setNewTask:43 com.android.server.wm.ActivityStarter.startActivityInner:289 com.android.server.wm.ActivityStarter.startActivityUnchecked:111 com.android.server.wm.ActivityStarter.executeRequest:3559 
06-24 02:09:50.633  1984  3856 V WindowManager: Add starting ActivityRecord{44025555 u0 com.tylerhats.proxitap/.MainActivity t387}: startingData=SplashScreenStartingData{d05af0e removeAfterTransaction= 0}
06-24 02:09:50.634  1984  3856 V WindowManager: Added starting ActivityRecord{44025555 u0 com.tylerhats.proxitap/.MainActivity t387}: startingWindow=null startingView=com.android.server.wm.StartingSurfaceController$StartingSurface@995fd2f
06-24 02:09:50.635  1984  3856 V WindowManager: Collecting in transition 91: ActivityRecord{44025555 u0 com.tylerhats.proxitap/.MainActivity t387}, caller=com.android.server.wm.Transition.collectExistenceChange:40 com.android.server.wm.ActivityStarter.handleStartResult:761 com.android.server.wm.ActivityStarter.startActivityUnchecked:124 com.android.server.wm.ActivityStarter.executeRequest:3559 com.android.server.wm.ActivityStarter.execute:1752 
06-24 02:09:50.635  1984  3856 V WindowManager:    ChangeInfo{26d34c5 container=ActivityRecord{44025555 u0 com.tylerhats.proxitap/.MainActivity t387} flags=0x0}
06-24 02:09:50.635  1984  3856 V WindowManager:    ChangeInfo{3f1ae1a container=Task{6ce2210 #387 type=standard A=10375:com.tylerhats.proxitap} flags=0x0}
06-24 02:09:50.635  1984  3856 I ActivityTaskManager: START u0 {act=android.intent.action.MAIN cat=[android.intent.category.LAUNCHER] flg=0x10204000 xflg=0x4 cmp=com.tylerhats.proxitap/.MainActivity (has extras)} with LAUNCH_MULTIPLE from uid 10141 (sr=267106742) (BAL_ALLOW_VISIBLE_WINDOW) result code=0
06-24 02:09:50.638  3702  3759 V WindowManagerShell: Transition requested (#91): android.os.BinderProxy@13fbfa TransitionRequestInfo { type = OPEN, triggerTask = TaskInfo{userId=0 taskId=387 effectiveUid=10375 displayId=0 isRunning=true baseIntent=Intent { act=android.intent.action.MAIN cat=[android.intent.category.LAUNCHER] flg=0x10204000 cmp=com.tylerhats.proxitap/.MainActivity } baseActivity=ComponentInfo{com.tylerhats.proxitap/com.tylerhats.proxitap.MainActivity} topActivity=ComponentInfo{com.tylerhats.proxitap/com.tylerhats.proxitap.MainActivity} origActivity=null realActivity=ComponentInfo{com.tylerhats.proxitap/com.tylerhats.proxitap.MainActivity} numActivities=1 lastActiveTime=140506550 supportsMultiWindow=true resizeMode=1 isResizeable=true minWidth=-1 minHeight=-1 maxWidth=-1 maxHeight=-1 defaultMinSize=220 desktopDefaultMinSize=304 token=WCT{android.window.IWindowContainerToken$Stub$Proxy@ca4a5ab} topActivityType=1 pictureInPictureParams=null shouldDockBigOverlays=false launchIntoPipHostTaskId=-1 lastParentTaskIdBeforePip=-1 displayCutoutSafeInsets=Rect(0, 99 - 0, 0) topActivityInfo=ActivityInfo{9d6d408 com.tylerhats.proxitap.MainActivity} launchCookies=[android.os.BinderProxy@b42e7a1] positionInParent=Point(0, 0) parentTaskId=-1 isFocused=false isVisible=false isVisibleRequested=false isTopActivityNoDisplay=false isSleeping=false locusId=null displayAreaFeatureId=1 isTopActivityTransparent=false isActivityStackTransparent=false lastNonFullscreenBounds=Rect(81, 615 - 999, 1785) capturedLink=null capturedLinkTimestamp=0 requestedVisibleTypes=-9 topActivityRequestOpenInBrowserEducationTimestamp=0 appCompatTaskInfo=AppCompatTaskInfo { topActivityInSizeCompat=false eligibleForLetterboxEducation= false isLetterboxEducationEnabled= false isLetterboxDoubleTapEnabled= false eligibleForUserAspectRatioButton= false topActivityBoundsLetterboxed= false isFromLetterboxDoubleTap= false topActivityLetterboxVerticalPosition= -1 topActivityLetterboxHorizontalPosition= -1 topActivityLetterboxWidth=-1 topActivityLetterboxHeight=-1 topActivityAppBounds=Rect(0, 0 - 1080, 2340) isUserFullscreenOverrideEnabled=false isSystemFullscreenOverrideEnabled=false hasMinAspectRatioOverride=false topActivityLetterboxBounds=null cameraCompatTaskInfo=CameraCompatTaskInfo { freeformCameraCompatMode=inactive} topActivityBounds=null topActivityInDisplayCompat=false singleTapFromLetterbox=false} topActivityMainWindowFrame=null originallySupportedMultiWindow=true hasWallpaper=false rootAffinity=10375:com.tylerhats.proxitap isTopTaskInStage=false CoverLauncherWidgetTask=false LaunchedFromAppsCoverLauncherTask=false LaunchedFromMultistarCoverLauncherTask=false isAllowedSeamlessRotation=false isTopTransparentActivity=false isAliasManaged=false hasConfigChanged=false snappingGuideBounds=null isAiKeyRemoveAppTask=false lastDesktopWindowingBounds=null lastExternalDesktopWindowingBounds=null safeCutoutInsets=null}, pipChange = null, remoteTransition = RemoteTransition { remoteTransition = android.window.IRemoteTransition$Stub$Proxy@595ddc6, appThread = android.app.IApplicationThread$Stub$Proxy@785f187, debugName = QuickstepLaunchflags =NONE }, displayChange = null, flags = 0, debugId = 91 }
06-24 02:09:50.638  1984  3856 D WindowManager: prepareSync <SYNC_STATE_WAITING_FOR_DRAW>, mPrepareSyncSeqId=0, win=Window{73a377d u0 Splash Screen com.tylerhats.proxitap}
06-24 02:09:50.640  1984  3856 V WindowManager: addWindow: ActivityRecord{44025555 u0 com.tylerhats.proxitap/.MainActivity t387} startingWindow=Window{73a377d u0 Splash Screen com.tylerhats.proxitap}
06-24 02:09:50.643  1984  3799 V WindowManager: Collecting in transition 91: ActivityRecord{44025555 u0 com.tylerhats.proxitap/.MainActivity t387}, caller=com.android.server.wm.TransitionController.collect:7 com.android.server.wm.ActivityRecord.setVisibility:132 com.android.server.wm.EnsureActivitiesVisibleHelper.process:459 com.android.server.wm.TaskFragment.updateActivityVisibilities:12 com.android.server.wm.Task$$ExternalSyntheticLambda37.accept:37 
06-24 02:09:50.653  1984  4832 D CoreBackPreview: Window{73a377d u0 Splash Screen com.tylerhats.proxitap}: Setting back callback OnBackInvokedCallbackInfo{mCallback=android.window.IOnBackInvokedCallback$Stub$Proxy@7f34096, mPriority=0, mIsAnimationCallback=false, mOverrideBehavior=0}
06-24 02:09:50.655  1984  3856 D WindowManager: makeSurface duration=2 name=Splash Screen com.tylerhats.proxitap$_3702
06-24 02:09:50.657  1984  3856 D WindowManager: rotationForOrientation, orientationSource=ActivityRecord{44025555 u0 com.tylerhats.proxitap/.MainActivity t387}
06-24 02:09:50.668  1984  2394 I ActivityManager: Start proc 25123:com.tylerhats.proxitap/u0a375 for next-top-activity {com.tylerhats.proxitap/com.tylerhats.proxitap.MainActivity}
06-24 02:09:50.669  1984  3856 D WindowManager: finishDrawingWindow: Window{73a377d u0 Splash Screen com.tylerhats.proxitap} mDrawState=DRAW_PENDING seqId=0
06-24 02:09:50.669  1984  3856 V WindowManager: Finishing drawing window Window{73a377d u0 Splash Screen com.tylerhats.proxitap}: mDrawState=DRAW_PENDING
06-24 02:09:50.669  1984  3856 V WindowManager: Draw state now committed in Window{73a377d u0 Splash Screen com.tylerhats.proxitap}
06-24 02:09:50.670  1984  2359 V WindowManager: performShowLocked: mDrawState=HAS_DRAWN in Window{73a377d u0 Splash Screen com.tylerhats.proxitap}
06-24 02:09:50.670  1984  2359 D WindowManagerServiceExt: updateTaskbarTargetIfNeeded: cn=ComponentInfo{com.tylerhats.proxitap/com.tylerhats.proxitap.MainActivity} occludesParent=true isInSplitScreenMode=false
06-24 02:09:50.670  1984  2359 D ChangeTransitionController:    ChangeInfo{26d34c5 container=ActivityRecord{44025555 u0 com.tylerhats.proxitap/.MainActivity t387} flags=0x0}
06-24 02:09:50.670  1984  2359 D ChangeTransitionController:    ChangeInfo{3f1ae1a container=Task{6ce2210 #387 type=standard A=10375:com.tylerhats.proxitap} flags=0x0}
06-24 02:09:50.670  1984  2359 V WindowManager: Start calculating TransitionInfo based on participants: {ActivityRecord{44025555 u0 com.tylerhats.proxitap/.MainActivity t387}, Task{6ce2210 #387 type=standard A=10375:com.tylerhats.proxitap}, WallpaperWindowToken{8b7201d showWhenLocked=false}_<system>, WallpaperWindowToken{f3d0f6a showWhenLocked=true}_<lock>, ActivityRecord{267106742 u0 com.sec.android.app.launcher/.activities.LauncherActivity t372}}
06-24 02:09:50.670  1984  2359 V WindowManager:   Final targets: [ChangeInfo{3f1ae1a container=Task{6ce2210 #387 type=standard A=10375:com.tylerhats.proxitap} flags=0x10}, ChangeInfo{46a4da0 container=Task{7607987 #1 type=home} flags=0x10}, ChangeInfo{ea9fd59 container=WallpaperWindowToken{8b7201d showWhenLocked=false}_<system> flags=0x0}]
06-24 02:09:50.674  1984  2359 V WindowManager:         {WCT{RemoteToken{e0bc71b Task{6ce2210 #387 type=standard A=10375:com.tylerhats.proxitap}}} m=OPEN f=NONE leash=Surface(name=Task=387)/@0x2741615 sb=Rect(0, 0 - 1080, 2340) eb=Rect(0, 0 - 1080, 2340) epz=Point(1080, 2340) d=0 taskParent=-1 inset=Rect(0, 99 - 0, 39) dim=true},
