06-24 01:43:12.448 10875 10875 E AndroidRuntime: Process: com.tylerhats.proxitap, PID: 10875
06-24 01:43:12.448 10875 10875 E AndroidRuntime: 	at com.tylerhats.proxitap.network.NanImpl.requestDataPathAsPeer(NanImpl.kt:214)
06-24 01:43:12.448 10875 10875 E AndroidRuntime: 	at com.tylerhats.proxitap.network.NanImpl.access$requestDataPathAsPeer(NanImpl.kt:22)
06-24 01:43:12.448 10875 10875 E AndroidRuntime: 	at com.tylerhats.proxitap.network.NanImpl$joinLobby$2$doSubscribe$1$1.onServiceDiscovered(NanImpl.kt:168)
06-24 01:43:53.408 12436 12436 E AndroidRuntime: Process: com.tylerhats.proxitap, PID: 12436
06-24 01:43:53.408 12436 12436 E AndroidRuntime: 	at com.tylerhats.proxitap.network.NanImpl.requestDataPathAsPeer(NanImpl.kt:214)
06-24 01:43:53.408 12436 12436 E AndroidRuntime: 	at com.tylerhats.proxitap.network.NanImpl.access$requestDataPathAsPeer(NanImpl.kt:22)
06-24 01:43:53.408 12436 12436 E AndroidRuntime: 	at com.tylerhats.proxitap.network.NanImpl$joinLobby$2$doSubscribe$1$1.onServiceDiscovered(NanImpl.kt:168)
06-24 01:49:57.230 14310 14310 E AndroidRuntime: Process: com.tylerhats.proxitap, PID: 14310
06-24 01:49:57.230 14310 14310 E AndroidRuntime: 	at com.tylerhats.proxitap.network.NanImpl.requestDataPathAsPeer(NanImpl.kt:214)
06-24 01:49:57.230 14310 14310 E AndroidRuntime: 	at com.tylerhats.proxitap.network.NanImpl.access$requestDataPathAsPeer(NanImpl.kt:22)
06-24 01:49:57.230 14310 14310 E AndroidRuntime: 	at com.tylerhats.proxitap.network.NanImpl$joinLobby$2$doSubscribe$1$1.onServiceDiscovered(NanImpl.kt:168)
06-24 01:51:47.736  1984  3862 D InsetsSourceProvider: updateControlForTarget: control=InsetsSourceControl: {3 mType=ime mSurfacePosition=Point(0, 99) mInsetsHint=Insets{left=0, top=0, right=0, bottom=972}}, target=Window{a7117e3 u0 com.tylerhats.proxitap/com.tylerhats.proxitap.MainActivity}, from=com.android.server.wm.ImeInsetsSourceProvider.updateControlForTarget:17 com.android.server.wm.InsetsStateController.onControlTargetChanged:83 com.android.server.wm.DisplayContent.updateImeControlTarget:21 com.android.server.wm.DisplayContent.updateImeInputAndControlTarget:156 com.android.server.wm.WindowManagerService$LocalService.updateInputMethodTargetWindow:64 
06-24 01:51:47.736  1984  2995 W PackageConfigPersister: App-specific configuration not found for packageName: com.tylerhats.proxitap and userId: 0
06-24 01:51:47.747  1984  2356 D SGM:FgCheckThread: getForegroundApp(), foregroundPkgName=com.tylerhats.proxitap
06-24 01:51:47.748  1984  2356 D SGM:FgCheckThread: noteStopComponent(), received pkgName: com.sec.android.app.launcher, focusedPkgName: com.tylerhats.proxitap, userId: 0
06-24 01:51:47.752  1984  2356 D SGM:FgCheckThread: getForegroundApp(), foregroundPkgName=com.tylerhats.proxitap
06-24 01:51:47.752  1984  2356 D SGM:FgCheckThread: noteStopComponent(), received pkgName: com.sec.android.app.launcher, focusedPkgName: com.tylerhats.proxitap, userId: 0
06-24 01:51:47.757  1984  2350 D SGM:GameManager: identifyForegroundApp. com.tylerhats.proxitap, mCurrentUserId: 0, callerUserId: 0
06-24 01:51:47.758  1984  2350 D SGM:GameManager: identifyForegroundApp. com.tylerhats.proxitap, mCurrentUserId: 0, callerUserId: 0
06-24 01:51:47.888  1984  3163 D MdnieScenarioControlService:  packageName : com.tylerhats.proxitap    className : com.tylerhats.proxitap.MainActivity
06-24 01:51:48.237  1984  2356 D SGM:GameManager: identifyForegroundApp. com.tylerhats.proxitap, mCurrentUserId: 0, callerUserId: 0
06-24 01:51:50.424  1984  4535 D FreecessHandler: freeze com.tylerhats.proxitap(10375) result : 12
06-24 01:51:56.440  1984  4535 D FreecessHandler: freeze com.tylerhats.proxitap(10375) result : 12
06-24 01:52:02.455  1984  4535 D FreecessHandler: freeze com.tylerhats.proxitap(10375) result : 12
06-24 01:52:03.728   862   862 D io_stats: !@ Read_top(KB): erhats.proxitap(18023) 656 binder:2089_2(2089) 448 loop35(1003) 200
06-24 01:52:03.728   862   862 D io_stats: !@ Write_top(KB): erhats.proxitap(18023) 28
06-24 01:52:04.155  1984  2995 I CameraService_proxy: wmi.addRefreshRateRangeForPackage minFPS = 30.000002, maxFPS = 60.0, clientName = com.tylerhats.proxitap
06-24 01:52:04.155  1984  2393 D SensorPrivacyService: onOpNoted  com.tylerhats.proxitap  code=26  uid=10375
06-24 01:52:04.674  1984  2995 D InsetsSourceProvider: updateFakeControlTarget: fakeControl=InsetsSourceControl: {e78c0000 mType=statusBars mSurfacePosition=Point(0, 0) mInsetsHint=Insets{left=0, top=0, right=0, bottom=0}}, fakeTarget=Window{a7117e3 u0 com.tylerhats.proxitap/com.tylerhats.proxitap.MainActivity}
06-24 01:52:06.549  1984  2995 I CameraService_proxy: wmi.removeRefreshRateRangeForPackage clientName = com.tylerhats.proxitap
06-24 01:52:07.186  1984 13697 D InsetsSourceProvider: updateControlForTarget: control=InsetsSourceControl: {e78c0000 mType=statusBars initiallyVisible mSurfacePosition=Point(0, 0) mInsetsHint=Insets{left=0, top=99, right=0, bottom=0}}, target=Window{a7117e3 u0 com.tylerhats.proxitap/com.tylerhats.proxitap.MainActivity}, from=com.android.server.wm.InsetsStateController.onControlTargetChanged:83 com.android.server.wm.InsetsPolicy.updateBarControlTarget:212 com.android.server.wm.DisplayPolicy.updateSystemBarAttributes:262 com.android.server.wm.DisplayPolicy.finishPostLayoutPolicyLw:17 com.android.server.wm.RootWindowContainer.applySurfaceChangesTransaction$1:195 
06-24 01:52:07.733   862   862 D io_stats: !@ Read_top(KB): provider@4.0-se(1739) 43120 erhats.proxitap(18023) 5284 com.android.nfc(4171) 3280
06-24 01:52:07.733   862   862 D io_stats: !@ Write_top(KB): kworker/u16:10(13371) 888 system_server(1984) 152 erhats.proxitap(18023) 64
06-24 01:52:08.471  1984  4535 D FreecessHandler: freeze com.tylerhats.proxitap(10375) result : 12
06-24 01:52:14.484  1984  4535 D FreecessHandler: freeze com.tylerhats.proxitap(10375) result : 12
06-24 01:52:20.497  1984  4535 D FreecessHandler: freeze com.tylerhats.proxitap(10375) result : 12
06-24 01:52:24.982  1984 14127 V WindowManager: Transition 68: Set Task{cb81556 #381 type=standard A=10375:com.tylerhats.proxitap} as transient-hidden-task, caller=com.android.server.wm.Task.forAllTasks:4 com.android.server.wm.WindowContainer.forAllTasks:2 com.android.server.wm.DisplayArea.forAllTasks:9 
06-24 01:52:24.982  1984 14127 V WindowManager: Collecting in transition 68: Task{cb81556 #381 type=standard A=10375:com.tylerhats.proxitap}, caller=com.android.server.wm.Transition$$ExternalSyntheticLambda20.test:119 com.android.server.wm.Task.forAllTasks:4 com.android.server.wm.WindowContainer.forAllTasks:2 com.android.server.wm.DisplayArea.forAllTasks:9 com.android.server.wm.Transition.setTransientLaunch:138 
06-24 01:52:24.991  1984 14127 D ActivityTaskManager: scheduleTopResumedActivityChanged, onTop=false, r=ActivityRecord{144001275 u0 com.tylerhats.proxitap/.MainActivity t381}, caller=com.android.server.wm.ActivityTaskSupervisor.scheduleTopResumedActivityStateLossIfNeeded:19 com.android.server.wm.ActivityTaskSupervisor.endDeferResume:21 com.android.server.wm.WindowOrganizerController.applyTransaction:186 com.android.server.wm.WindowOrganizerController.applyTransaction:16 com.android.server.wm.WindowOrganizerController$$ExternalSyntheticLambda5.onCollectStarted:27 com.android.server.wm.TransitionController.startCollectOrQueue:97 
06-24 01:52:25.009  1984  2350 D WindowManager: requestTransientBars: swipeTarget=Window{28b0bb3 u0 NavigationBar0}, controlTarget=Window{a7117e3 u0 com.tylerhats.proxitap/com.tylerhats.proxitap.MainActivity}, canShowTransient=false, restorePositionTypes=0x3, from=com.android.server.wm.DisplayPolicy$1.onSwipeFromBottom:21 com.android.server.wm.SystemGesturesPointerEventListener.onPointerEvent:545 
06-24 01:52:25.014  1984  2350 D SGM:GameManager: identifyForegroundApp. com.tylerhats.proxitap, mCurrentUserId: 0, callerUserId: 0
06-24 01:52:25.017  1984  2350 D SGM:GameManager: identifyForegroundApp. com.tylerhats.proxitap, mCurrentUserId: 0, callerUserId: 0
06-24 01:52:25.028  1984  2359 D ChangeTransitionController:    ChangeInfo{41149b7 container=Task{cb81556 #381 type=standard A=10375:com.tylerhats.proxitap} flags=0x4}
06-24 01:52:25.028  1984  2359 V WindowManager: Start calculating TransitionInfo based on participants: {Task{2b7b6b7 #372 type=home I=com.sec.android.app.launcher/.activities.LauncherActivity}, TransientLaunchOverlayToken{3825415 token=android.os.BinderProxy@b3f19cc}, Task{7607987 #1 type=home}, WallpaperWindowToken{8b7201d showWhenLocked=false}_<system>, Task{cb81556 #381 type=standard A=10375:com.tylerhats.proxitap}, ActivityRecord{267106742 u0 com.sec.android.app.launcher/.activities.LauncherActivity t372}}
06-24 01:52:25.028  1984  2359 V WindowManager:   Final targets: [ChangeInfo{959dadb container=TransientLaunchOverlayToken{3825415 token=android.os.BinderProxy@b3f19cc} flags=0x0}, ChangeInfo{c531978 container=Task{7607987 #1 type=home} flags=0x30}, ChangeInfo{41149b7 container=Task{cb81556 #381 type=standard A=10375:com.tylerhats.proxitap} flags=0x4}, ChangeInfo{bf49851 container=WallpaperWindowToken{8b7201d showWhenLocked=false}_<system> flags=0x0}]
06-24 01:52:25.033  1984  2359 D WindowManager: setActiveRecents, recents=Task{7607987 #1 type=home}, task=Task{cb81556 #381 type=standard A=10375:com.tylerhats.proxitap}, caller=com.android.server.wm.InputMonitor.setActiveRecents:33 com.android.server.wm.Transition.onTransactionReady:1795 com.android.server.wm.BLASTSyncEngine$SyncGroup.finishNow:240 
06-24 01:52:25.035  1984  2359 V WindowManager:         {WCT{RemoteToken{f20b6b5 Task{cb81556 #381 type=standard A=10375:com.tylerhats.proxitap}}} m=TO_BACK f=EDGE_EXTENSION_RESTRICTION leash=Surface(name=Task=381)/@0x99fd19f sb=Rect(0, 0 - 1080, 2340) eb=Rect(0, 0 - 1080, 2340) epz=Point(1080, 2340) d=0 taskParent=-1 inset=Rect(0, 99 - 0, 39) dim=true allowAppBgLayer=true},
06-24 01:52:25.049  1984  2347 V WindowManager:         {WCT{RemoteToken{f20b6b5 Task{cb81556 #381 type=standard A=10375:com.tylerhats.proxitap}}} m=TO_BACK f=EDGE_EXTENSION_RESTRICTION leash=Surface(name=Task=381)/@0x99fd19f sb=Rect(0, 0 - 1080, 2340) eb=Rect(0, 0 - 1080, 2340) epz=Point(1080, 2340) d=0 taskParent=-1 inset=Rect(0, 99 - 0, 39) dim=true allowAppBgLayer=true},
06-24 01:52:25.051  1984 14127 D WindowManager: Changing focus from Window{a7117e3 u0 com.tylerhats.proxitap/com.tylerhats.proxitap.MainActivity} to Window{2620591 u0 com.sec.android.app.launcher/com.sec.android.app.launcher.activities.LauncherActivity} displayId=0 Callers=com.android.server.wm.ActivityTaskManagerService.setLastResumedActivityUncheckLocked:264 com.android.server.wm.ActivityTaskManagerService.setFocusedTask:19 com.android.server.wm.ActivityTaskManagerService.focusTopTask:53 android.app.IActivityTaskManager$Stub.onTransact:2027 
06-24 01:52:25.054  1984 14127 D WindowManager: updateSystemBarAttributes: displayId=0, focusedCanBeNavColorWin=false, win=Window{2620591 u0 com.sec.android.app.launcher/com.sec.android.app.launcher.activities.LauncherActivity}, navColorWin=Window{a7117e3 u0 com.tylerhats.proxitap/com.tylerhats.proxitap.MainActivity}, caller=com.android.server.wm.WindowManagerService.updateFocusedWindowLocked:372 com.android.server.wm.ActivityTaskManagerService.setLastResumedActivityUncheckLocked:264 com.android.server.wm.ActivityTaskManagerService.setFocusedTask:19 
06-24 01:52:25.662  1984  4559 V WindowManager: Collecting in transition 69: ActivityRecord{144001275 u0 com.tylerhats.proxitap/.MainActivity t381}, caller=com.android.server.wm.TransitionController.collect:7 com.android.server.wm.ActivityRecord.setVisibility:132 com.android.server.wm.ActivityRecord.makeInvisible:32 com.android.server.wm.EnsureActivitiesVisibleHelper.process:542 com.android.server.wm.TaskFragment.updateActivityVisibilities:12 
06-24 01:52:25.662  1984  4559 D WindowManager: prepareSync <SYNC_STATE_WAITING_FOR_DRAW>, mPrepareSyncSeqId=0, win=Window{a7117e3 u0 com.tylerhats.proxitap/com.tylerhats.proxitap.MainActivity}
06-24 01:52:25.666  1984  2356 D SGM:FgCheckThread: notePauseComponent(), received pkgName: com.tylerhats.proxitap, userId: 0
06-24 01:52:25.683  1984  2359 D ChangeTransitionController:    ChangeInfo{98d8874 container=ActivityRecord{144001275 u0 com.tylerhats.proxitap/.MainActivity t381} flags=0x0}
06-24 01:52:25.683  1984  2359 D ChangeTransitionController:    ChangeInfo{8eed1e3 container=Task{cb81556 #381 type=standard A=10375:com.tylerhats.proxitap} flags=0x0}
06-24 01:52:25.683  1984  2359 V WindowManager: Start calculating TransitionInfo based on participants: {Task{7cdecec #380 type=standard A=10108:android.task.camera minWidth=578 minHeight=578}, ActivityRecord{144001275 u0 com.tylerhats.proxitap/.MainActivity t381}, WallpaperWindowToken{8b7201d showWhenLocked=false}_<system>, ActivityRecord{176014820 u0 com.sec.android.app.camera/.Camera t-1}, WallpaperWindowToken{f3d0f6a showWhenLocked=true}_<lock>, ActivityRecord{265614841 u0 com.sec.android.app.camera/.Camera t380}, ActivityRecord{267106742 u0 com.sec.android.app.launcher/.activities.LauncherActivity t372}}
06-24 01:52:25.683  1984  2359 V WindowManager:   Final targets: [ChangeInfo{164f847 container=Task{7cdecec #380 type=standard A=10108:android.task.camera minWidth=578 minHeight=578} flags=0x30}, ChangeInfo{685c786 container=Task{7607987 #1 type=home} flags=0x10}, ChangeInfo{8eed1e3 container=Task{cb81556 #381 type=standard A=10375:com.tylerhats.proxitap} flags=0x10}, ChangeInfo{e8ea19d container=WallpaperWindowToken{8b7201d showWhenLocked=false}_<system> flags=0x0}]
06-24 01:52:25.686  1984  2359 V WindowManager:         {WCT{RemoteToken{f20b6b5 Task{cb81556 #381 type=standard A=10375:com.tylerhats.proxitap}}} m=TO_BACK f=EDGE_EXTENSION_RESTRICTION leash=Surface(name=Task=381)/@0x99fd19f sb=Rect(0, 0 - 1080, 2340) eb=Rect(0, 0 - 1080, 2340) epz=Point(1080, 2340) d=0 taskParent=-1 inset=Rect(0, 99 - 0, 39) allowAppBgLayer=true},
06-24 01:52:25.705  1984  2347 V WindowManager:         {WCT{RemoteToken{f20b6b5 Task{cb81556 #381 type=standard A=10375:com.tylerhats.proxitap}}} m=TO_BACK f=EDGE_EXTENSION_RESTRICTION leash=Surface(name=Task=381)/@0x99fd19f sb=Rect(0, 0 - 1080, 2340) eb=Rect(0, 0 - 1080, 2340) epz=Point(1080, 2340) d=0 taskParent=-1 inset=Rect(0, 99 - 0, 39) allowAppBgLayer=true},
06-24 01:52:26.354  1984  4579 V WindowManager:    ChangeInfo{41149b7 container=Task{cb81556 #381 type=standard A=10375:com.tylerhats.proxitap} flags=0x4}
06-24 01:52:26.357  1984  4579 V WindowManager: Setting visibility of Window{a7117e3 u0 com.tylerhats.proxitap/com.tylerhats.proxitap.MainActivity}: false, caller=com.android.server.wm.WindowContainer.sendAppVisibilityToClients:19 com.android.server.wm.WindowToken.setClientVisible:48 com.android.server.wm.ActivityRecord.commitVisibility:186 com.android.server.wm.TransitionController.finishTransition:846 com.android.server.wm.WindowOrganizerController.finishTransitionInner:31 
06-24 01:52:26.360  1984  4579 D ChangeTransitionController:    ChangeInfo{41149b7 container=Task{cb81556 #381 type=standard A=10375:com.tylerhats.proxitap} flags=0x4}
06-24 01:52:26.360  1984  4579 V WindowManager:    ChangeInfo{98d8874 container=ActivityRecord{144001275 u0 com.tylerhats.proxitap/.MainActivity t381} flags=0x0}
06-24 01:52:26.360  1984  4579 V WindowManager:    ChangeInfo{8eed1e3 container=Task{cb81556 #381 type=standard A=10375:com.tylerhats.proxitap} flags=0x10}
06-24 01:52:26.361  1984  4579 D ChangeTransitionController:    ChangeInfo{98d8874 container=ActivityRecord{144001275 u0 com.tylerhats.proxitap/.MainActivity t381} flags=0x0}
06-24 01:52:26.361  1984  4579 D ChangeTransitionController:    ChangeInfo{8eed1e3 container=Task{cb81556 #381 type=standard A=10375:com.tylerhats.proxitap} flags=0x10}
06-24 01:52:26.415  1984  4579 E WindowManager: win=Window{a7117e3 u0 com.tylerhats.proxitap/com.tylerhats.proxitap.MainActivity} destroySurfaces: appStopped=true cleanupOnResume=false win.mWindowRemovalAllowed=false win.mRemoveOnExit=false win.mViewVisibility=8 caller=com.android.server.wm.ActivityRecord.destroySurfaces:25 com.android.server.wm.ActivityRecord.activityStopped:192 com.android.server.wm.ActivityClientController.activityStopped:97 android.app.IActivityClientController$Stub.onTransact:740 com.android.server.wm.ActivityClientController.onTransact:1 android.os.Binder.execTransactInternal:1462 android.os.Binder.execTransact:1401 
06-24 01:52:26.416  1984  2356 D SGM:FgCheckThread: pkgName: com.tylerhats.proxitap is not in foreground
06-24 01:52:26.416  1984  2356 D SGM:FgCheckThread: noteStopComponent(), received pkgName: com.tylerhats.proxitap, focusedPkgName: com.sec.android.app.camera, userId: 0
06-24 01:52:26.504  1984  4535 D FreecessHandler: freeze com.tylerhats.proxitap(10375) result : 2
06-24 01:52:29.107  1984  4559 V WindowManager: Collecting in transition 70: ActivityRecord{191606475 u0 com.tylerhats.proxitap/.MainActivity, caller=com.android.server.wm.TransitionController.collect:7 com.android.server.wm.ActivityStarter.startActivityUnchecked:98 com.android.server.wm.ActivityStarter.executeRequest:3559 com.android.server.wm.ActivityStarter.execute:1752 com.android.server.wm.ActivityTaskManagerService.startActivityAsUser:95 
06-24 01:52:29.108  1984  4559 D ActivityTaskManager: DesktopModeLaunchParamsModifier: task=null activity=ActivityRecord{191606475 u0 com.tylerhats.proxitap/.MainActivity t-1} task null, skipping
06-24 01:52:29.108  1984  4559 D ActivityTaskManager: TaskLaunchParamsModifier:task=null activity=ActivityRecord{191606475 u0 com.tylerhats.proxitap/.MainActivity t-1} display-area-from-current-params=null display-area-for-launching-record=DefaultTaskDisplayArea_d0@147668119 display-id=0 task-display-area-windowing-mode=1 suggested-display-area=DefaultTaskDisplayArea_d0@147668119
06-24 01:52:29.108  1984  4559 D ActivityTaskManager: DesktopModeLaunchParamsModifier: task=Task{cb81556 #381 type=standard A=10375:com.tylerhats.proxitap} activity=ActivityRecord{191606475 u0 com.tylerhats.proxitap/.MainActivity t-1} non-desktop, skipping
06-24 01:52:29.110  1984  4559 D ActivityTaskManager: TaskLaunchParamsModifier:task=Task{cb81556 #381 type=standard A=10375:com.tylerhats.proxitap} activity=ActivityRecord{191606475 u0 com.tylerhats.proxitap/.MainActivity t-1} display-from-task=0 display-id=0 task-display-area-windowing-mode=1 suggested-display-area=DefaultTaskDisplayArea_d0@147668119 inherit-from-task=fullscreen non-freeform-task-display-area display-area=DefaultTaskDisplayArea_d0@147668119 default-portrait freeform-size-mismatch=Rect(81, 615 - 999, 1785)
06-24 01:52:29.111  1984  4559 D ActivityTaskManager: DesktopModeLaunchParamsModifier: task=Task{cb81556 #381 type=standard A=10375:com.tylerhats.proxitap} activity=ActivityRecord{191606475 u0 com.tylerhats.proxitap/.MainActivity t-1} non-desktop, skipping
06-24 01:52:29.111  1984  4559 D ActivityTaskManager: TaskLaunchParamsModifier:task=Task{cb81556 #381 type=standard A=10375:com.tylerhats.proxitap} activity=ActivityRecord{191606475 u0 com.tylerhats.proxitap/.MainActivity t-1} display-from-task=0 display-id=0 task-display-area-windowing-mode=1 suggested-display-area=DefaultTaskDisplayArea_d0@147668119 inherit-from-task=fullscreen non-freeform-task-display-area display-area=DefaultTaskDisplayArea_d0@147668119 default-portrait freeform-size-mismatch=Rect(81, 615 - 999, 1785)
06-24 01:52:29.112  1984  4559 I Pageboost: moveTaskToFront : 10375:com.tylerhats.proxitap
06-24 01:52:29.127  1984  4559 V WindowManager: Add starting ActivityRecord{191606475 u0 com.tylerhats.proxitap/.MainActivity t381}: startingData=SnapshotStartingData{ca2e5c1 removeAfterTransaction= 0}
06-24 01:52:29.130  1984  4559 V WindowManager: Added starting ActivityRecord{191606475 u0 com.tylerhats.proxitap/.MainActivity t381}: startingWindow=null startingView=com.android.server.wm.StartingSurfaceController$StartingSurface@7a2d166
06-24 01:52:29.131  1984  4559 V WindowManager: Collecting in transition 70: ActivityRecord{191606475 u0 com.tylerhats.proxitap/.MainActivity t381}, caller=com.android.server.wm.Transition.collectExistenceChange:40 com.android.server.wm.ActivityStarter.handleStartResult:761 com.android.server.wm.ActivityStarter.startActivityUnchecked:124 com.android.server.wm.ActivityStarter.executeRequest:3559 com.android.server.wm.ActivityStarter.execute:1752 
06-24 01:52:29.132  1984  4559 V WindowManager:    ChangeInfo{db71cfd container=ActivityRecord{191606475 u0 com.tylerhats.proxitap/.MainActivity t381} flags=0x0}
06-24 01:52:29.132  1984  4559 V WindowManager:    ChangeInfo{a7a9df2 container=Task{cb81556 #381 type=standard A=10375:com.tylerhats.proxitap} flags=0x0}
06-24 01:52:29.133  1984  4559 I ActivityTaskManager: START u0 {act=android.intent.action.VIEW dat=https://pt.htsth.app/... flg=0x10000000 xflg=0x4 cmp=com.tylerhats.proxitap/.MainActivity} with LAUNCH_MULTIPLE from uid 10108 (BAL_ALLOW_VISIBLE_WINDOW) result code=0
06-24 01:52:29.134  3702  3759 V WindowManagerShell: Transition requested (#70): android.os.BinderProxy@bfc3dcc TransitionRequestInfo { type = OPEN, triggerTask = TaskInfo{userId=0 taskId=381 effectiveUid=10375 displayId=0 isRunning=true baseIntent=Intent { act=android.intent.action.MAIN cat=[android.intent.category.LAUNCHER] flg=0x10200000 cmp=com.tylerhats.proxitap/.MainActivity } baseActivity=ComponentInfo{com.tylerhats.proxitap/com.tylerhats.proxitap.MainActivity} topActivity=ComponentInfo{com.tylerhats.proxitap/com.tylerhats.proxitap.MainActivity} origActivity=null realActivity=ComponentInfo{com.tylerhats.proxitap/com.tylerhats.proxitap.MainActivity} numActivities=2 lastActiveTime=139461567 supportsMultiWindow=true resizeMode=1 isResizeable=true minWidth=-1 minHeight=-1 maxWidth=-1 maxHeight=-1 defaultMinSize=220 desktopDefaultMinSize=304 token=WCT{android.window.IWindowContainerToken$Stub$Proxy@d02a815} topActivityType=1 pictureInPictureParams=null shouldDockBigOverlays=false launchIntoPipHostTaskId=-1 lastParentTaskIdBeforePip=-1 displayCutoutSafeInsets=Rect(0, 99 - 0, 0) topActivityInfo=ActivityInfo{e96272a com.tylerhats.proxitap.MainActivity} launchCookies=[android.os.BinderProxy@6414412] positionInParent=Point(0, 0) parentTaskId=-1 isFocused=false isVisible=false isVisibleRequested=false isTopActivityNoDisplay=false isSleeping=false locusId=null displayAreaFeatureId=1 isTopActivityTransparent=false isActivityStackTransparent=false lastNonFullscreenBounds=Rect(81, 615 - 999, 1785) capturedLink=null capturedLinkTimestamp=0 requestedVisibleTypes=-9 topActivityRequestOpenInBrowserEducationTimestamp=0 appCompatTaskInfo=AppCompatTaskInfo { topActivityInSizeCompat=false eligibleForLetterboxEducation= false isLetterboxEducationEnabled= false isLetterboxDoubleTapEnabled= false eligibleForUserAspectRatioButton= false topActivityBoundsLetterboxed= false isFromLetterboxDoubleTap= false topActivityLetterboxVerticalPosition= -1 topActivityLetterboxHorizontalPosition= -1 topActivityLetterboxWidth=-1 topActivityLetterboxHeight=-1 topActivityAppBounds=Rect(0, 0 - 1080, 2340) isUserFullscreenOverrideEnabled=false isSystemFullscreenOverrideEnabled=false hasMinAspectRatioOverride=false topActivityLetterboxBounds=null cameraCompatTaskInfo=CameraCompatTaskInfo { freeformCameraCompatMode=inactive} topActivityBounds=null topActivityInDisplayCompat=false singleTapFromLetterbox=false} topActivityMainWindowFrame=null originallySupportedMultiWindow=true hasWallpaper=false rootAffinity=10375:com.tylerhats.proxitap isTopTaskInStage=false CoverLauncherWidgetTask=false LaunchedFromAppsCoverLauncherTask=false LaunchedFromMultistarCoverLauncherTask=false isAllowedSeamlessRotation=false isTopTransparentActivity=false isAliasManaged=false hasConfigChanged=false snappingGuideBounds=null isAiKeyRemoveAppTask=false lastDesktopWindowingBounds=null lastExternalDesktopWindowingBounds=null safeCutoutInsets=null}, pipChange = null, remoteTransition = null, displayChange = null, flags = 0, debugId = 70 }
06-24 01:52:29.157  1984 13701 V WindowManager: addWindow: ActivityRecord{191606475 u0 com.tylerhats.proxitap/.MainActivity t381} startingWindow=Window{add8bf9 u0 SnapshotStartingWindow for taskId=381}
06-24 01:52:29.643  1984  2356 V WindowManager: Collecting in transition 70: ActivityRecord{191606475 u0 com.tylerhats.proxitap/.MainActivity t381}, caller=com.android.server.wm.TransitionController.collect:7 com.android.server.wm.ActivityRecord.setVisibility:132 com.android.server.wm.ActivityRecord.makeVisibleIfNeeded:36 com.android.server.wm.EnsureActivitiesVisibleHelper.process:538 com.android.server.wm.TaskFragment.updateActivityVisibilities:12 
06-24 01:52:29.645  1984  2356 D WindowManager: rotationForOrientation, orientationSource=ActivityRecord{191606475 u0 com.tylerhats.proxitap/.MainActivity t381}
06-24 01:52:29.645  1984  2356 V WindowManager: Collecting in transition 70: ActivityRecord{191606475 u0 com.tylerhats.proxitap/.MainActivity t381}, caller=com.android.server.wm.TransitionController.collect:7 com.android.server.wm.ActivityRecord.setVisibility:132 com.android.server.wm.ActivityTaskSupervisor.realStartActivityLocked:203 com.android.server.wm.ActivityTaskSupervisor.startSpecificActivity:27 com.android.server.wm.TaskFragment.resumeTopActivity:2089 
06-24 01:52:29.650  1984  2356 D SGM:FgCheckThread: notifyAppCreated(), packageName: com.tylerhats.proxitap, userId: 0, sendRet: true
06-24 01:52:29.650  1984  2908 D SGM:FgCheckThread: onLooperPrepared(), msg: MSG_APP_CREATE, pkgName: com.tylerhats.proxitap, userId: 0
06-24 01:52:29.657  1984  2356 D SGM:FgCheckThread:   sendRunningComponentFocus(), pkgName: com.tylerhats.proxitap, userId: 0
06-24 01:52:29.657  1984  2908 D SGM:FgCheckThread: onLooperPrepared(), msg: MSG_TASK_FOCUSED, pkgName: com.tylerhats.proxitap, userId: 0
06-24 01:52:29.657  1984  2908 D SGM:FgCheckThread:   handleTaskFocused(), pkgName: com.tylerhats.proxitap, userID:0
06-24 01:52:29.661  1984  2908 D SGM:FgCheckThread:   handleResume(). pkgName: com.tylerhats.proxitap, userId: 0, category: non-game
06-24 01:52:29.661  1984  2908 D SGM:FgCheckThread: notifyFocusInOut(). of pkg: com.tylerhats.proxitap, type: 4, isSecGameFamily: false, userId: 0
06-24 01:52:29.661 18023 18023 D ActivityThread: com.tylerhats.proxitap will use render engine as VK
06-24 01:52:29.662  1984  2356 D ActivityTaskManager: scheduleTopResumedActivityChanged, onTop=true, r=ActivityRecord{191606475 u0 com.tylerhats.proxitap/.MainActivity t381}, caller=com.android.server.wm.ActivityTaskSupervisor.scheduleTopResumedActivityStateIfNeeded:18 com.android.server.wm.ActivityTaskSupervisor.updateTopResumedActivityIfNeeded:54 com.android.server.wm.TaskFragment.setResumedActivity:30 com.android.server.wm.ActivityRecord.setState:100 com.android.server.wm.ActivityTaskSupervisor.realStartActivityLocked:477 com.android.server.wm.ActivityTaskSupervisor.startSpecificActivity:27 
06-24 01:52:29.663  1984  2356 D WindowManagerServiceExt: updateTaskbarTargetIfNeeded: cn=ComponentInfo{com.tylerhats.proxitap/com.tylerhats.proxitap.MainActivity} occludesParent=true isInSplitScreenMode=false
06-24 01:52:29.664  1984  2356 D ChangeTransitionController:    ChangeInfo{db71cfd container=ActivityRecord{191606475 u0 com.tylerhats.proxitap/.MainActivity t381} flags=0x0}
06-24 01:52:29.664  1984  2356 D ChangeTransitionController:    ChangeInfo{a7a9df2 container=Task{cb81556 #381 type=standard A=10375:com.tylerhats.proxitap} flags=0x0}
06-24 01:52:29.664  1984  2356 V WindowManager: Start calculating TransitionInfo based on participants: {ActivityRecord{191606475 u0 com.tylerhats.proxitap/.MainActivity t381}, Task{cb81556 #381 type=standard A=10375:com.tylerhats.proxitap}, ActivityRecord{265614841 u0 com.sec.android.app.camera/.Camera t380}}
06-24 01:52:29.664  1984  2356 V WindowManager:   Final targets: [ChangeInfo{a7a9df2 container=Task{cb81556 #381 type=standard A=10375:com.tylerhats.proxitap} flags=0x30}, ChangeInfo{cdd2438 container=Task{7cdecec #380 type=standard A=10108:android.task.camera minWidth=578 minHeight=578} flags=0x10}]
06-24 01:52:29.667  1984  2356 V WindowManager:         {WCT{RemoteToken{f20b6b5 Task{cb81556 #381 type=standard A=10375:com.tylerhats.proxitap}}} m=TO_FRONT f=MOVE_TO_TOP leash=Surface(name=Task=381)/@0x99fd19f sb=Rect(0, 0 - 1080, 2340) eb=Rect(0, 0 - 1080, 2340) epz=Point(1080, 2340) d=0 taskParent=-1 inset=Rect(0, 99 - 0, 39) dim=true allowAppBgLayer=true},
06-24 01:52:29.673  1984  2347 V WindowManager: Sent Transition (#70) createdAt=06-24 01:52:29.105 via request=TransitionRequestInfo { type = OPEN, triggerTask = TaskInfo{userId=0 taskId=381 effectiveUid=10375 displayId=0 isRunning=true baseIntent=Intent { act=android.intent.action.MAIN cat=[android.intent.category.LAUNCHER] flg=0x10200000 cmp=com.tylerhats.proxitap/.MainActivity } baseActivity=ComponentInfo{com.tylerhats.proxitap/com.tylerhats.proxitap.MainActivity} topActivity=ComponentInfo{com.tylerhats.proxitap/com.tylerhats.proxitap.MainActivity} origActivity=null realActivity=ComponentInfo{com.tylerhats.proxitap/com.tylerhats.proxitap.MainActivity} numActivities=2 lastActiveTime=139461567 supportsMultiWindow=true resizeMode=1 isResizeable=true minWidth=-1 minHeight=-1 maxWidth=-1 maxHeight=-1 defaultMinSize=220 desktopDefaultMinSize=304 token=WCT{RemoteToken{f20b6b5 Task{cb81556 #381 type=standard A=10375:com.tylerhats.proxitap}}} topActivityType=1 pictureInPictureParams=null shouldDockBigOverlays=false launchIntoPipHostTaskId=-1 lastParentTaskIdBeforePip=-1 displayCutoutSafeInsets=Rect(0, 99 - 0, 0) topActivityInfo=ActivityInfo{54fe377 com.tylerhats.proxitap.MainActivity} launchCookies=[android.os.BinderProxy@eb9e8bb] positionInParent=Point(0, 0) parentTaskId=-1 isFocused=false isVisible=false isVisibleRequested=false isTopActivityNoDisplay=false isSleeping=false locusId=null displayAreaFeatureId=1 isTopActivityTransparent=false isActivityStackTransparent=false lastNonFullscreenBounds=Rect(81, 615 - 999, 1785) capturedLink=null capturedLinkTimestamp=0 requestedVisibleTypes=-9 topActivityRequestOpenInBrowserEducationTimestamp=0 appCompatTaskInfo=AppCompatTaskInfo { topActivityInSizeCompat=false eligibleForLetterboxEducation= false isLetterboxEducationEnabled= false isLetterboxDoubleTapEnabled= false eligibleForUserAspectRatioButton= false topActivityBoundsLetterboxed= false isFromLetterboxDoubleTap= false topActivityLetterboxVerticalPosition= -1 topActivityLetterboxHorizontalPosition= -1 topActivityLetterboxWidth=-1 topActivityLetterboxHeight=-1 topActivityAppBounds=Rect(0, 0 - 1080, 2340) isUserFullscreenOverrideEnabled=false isSystemFullscreenOverrideEnabled=false hasMinAspectRatioOverride=false topActivityLetterboxBounds=null cameraCompatTaskInfo=CameraCompatTaskInfo { freeformCameraCompatMode=inactive} topActivityBounds=null topActivityInDisplayCompat=false singleTapFromLetterbox=false} topActivityMainWindowFrame=null originallySupportedMultiWindow=true hasWallpaper=false rootAffinity=10375:com.tylerhats.proxitap isTopTaskInStage=false CoverLauncherWidgetTask=false LaunchedFromAppsCoverLauncherTask=false LaunchedFromMultistarCoverLauncherTask=false isAllowedSeamlessRotation=false isTopTransparentActivity=false isAliasManaged=false hasConfigChanged=false snappingGuideBounds=null isAiKeyRemoveAppTask=false lastDesktopWindowingBounds=null lastExternalDesktopWindowingBounds=null safeCutoutInsets=null}, pipChange = null, remoteTransition = null, displayChange = null, flags = 0, debugId = 70 }
06-24 01:52:29.673  1984  2347 V WindowManager:         {WCT{RemoteToken{f20b6b5 Task{cb81556 #381 type=standard A=10375:com.tylerhats.proxitap}}} m=TO_FRONT f=MOVE_TO_TOP leash=Surface(name=Task=381)/@0x99fd19f sb=Rect(0, 0 - 1080, 2340) eb=Rect(0, 0 - 1080, 2340) epz=Point(1080, 2340) d=0 taskParent=-1 inset=Rect(0, 99 - 0, 39) dim=true allowAppBgLayer=true},
06-24 01:52:29.674  1984  2350 D SGM:GameManager: identifyForegroundApp. com.tylerhats.proxitap, mCurrentUserId: 0, callerUserId: 0
06-24 01:52:29.683  1984  2350 D SGM:GameManager: identifyForegroundApp. com.tylerhats.proxitap, mCurrentUserId: 0, callerUserId: 0
06-24 01:52:29.723  1984  2356 D SGM:GameManager: identifyGamePackage. com.tylerhats.proxitap, mCurrentUserId: 0, callingMethodInfo: com.samsung.android.game.SemGameManager.isGamePackage(SemGameManager.java:106)
06-24 01:52:29.723  1984  2356 D SGM:SemGameManager: isGamePackage(), pkgName=com.tylerhats.proxitap, ret=false
06-24 01:52:29.723  1984  2356 D SGM:FgCheckThread: noteResumeComponent(), received pkgName: com.tylerhats.proxitap, userId: 0
06-24 01:52:29.723 13091 22025 I SDHMS:k : handleResumeComponent : put = com.tylerhats.proxitap, userid = 0 instanceid =136148648
06-24 01:52:29.723  1984  2908 D SGM:FgCheckThread: onLooperPrepared(), msg: MSG_APP_RESUME, pkgName: com.tylerhats.proxitap, userid: 0
06-24 01:52:29.723  1984  2908 D SGM:FgCheckThread:   handleResume(). pkgName: com.tylerhats.proxitap, userId: 0, category: non-game
06-24 01:52:29.723  1984  2908 D SGM:FgCheckThread: notifyFocusInOut(). of pkg: com.tylerhats.proxitap, type: 4, isSecGameFamily: false, userId: 0
06-24 01:52:29.759  1984  2995 V WindowManager: Collecting in transition 71: ActivityRecord{128734791 u0 com.tylerhats.proxitap/.MainActivity, caller=com.android.server.wm.TransitionController.collect:7 com.android.server.wm.ActivityStarter.startActivityUnchecked:98 com.android.server.wm.ActivityStarter.executeRequest:3559 com.android.server.wm.ActivityStarter.execute:1752 com.android.server.wm.ActivityStartController.startActivities:98 
06-24 01:52:29.759  1984  2995 D ActivityTaskManager: DesktopModeLaunchParamsModifier: task=null activity=ActivityRecord{128734791 u0 com.tylerhats.proxitap/.MainActivity t-1} task null, skipping
06-24 01:52:29.759  1984  2995 D ActivityTaskManager: TaskLaunchParamsModifier:task=null activity=ActivityRecord{128734791 u0 com.tylerhats.proxitap/.MainActivity t-1} display-area-from-source=DefaultTaskDisplayArea_d0@147668119 display-id=0 task-display-area-windowing-mode=1 suggested-display-area=DefaultTaskDisplayArea_d0@147668119
06-24 01:52:29.759  1984  2995 D ActivityTaskManager: DesktopModeLaunchParamsModifier: task=Task{cb81556 #381 type=standard A=10375:com.tylerhats.proxitap} activity=ActivityRecord{128734791 u0 com.tylerhats.proxitap/.MainActivity t-1} non-desktop, skipping
06-24 01:52:29.759  1984  2995 D ActivityTaskManager: TaskLaunchParamsModifier:task=Task{cb81556 #381 type=standard A=10375:com.tylerhats.proxitap} activity=ActivityRecord{128734791 u0 com.tylerhats.proxitap/.MainActivity t-1} display-area-from-source=DefaultTaskDisplayArea_d0@147668119 display-id=0 task-display-area-windowing-mode=1 suggested-display-area=DefaultTaskDisplayArea_d0@147668119 inherit-from-source=fullscreen non-freeform-task-display-area display-area=DefaultTaskDisplayArea_d0@147668119 default-portrait freeform-size-mismatch=Rect(81, 615 - 999, 1785)
06-24 01:52:29.760  1984  2995 D ActivityTaskManager: DesktopModeLaunchParamsModifier: task=Task{cb81556 #381 type=standard A=10375:com.tylerhats.proxitap} activity=ActivityRecord{128734791 u0 com.tylerhats.proxitap/.MainActivity t-1} non-desktop, skipping
06-24 01:52:29.760  1984  2995 D ActivityTaskManager: TaskLaunchParamsModifier:task=Task{cb81556 #381 type=standard A=10375:com.tylerhats.proxitap} activity=ActivityRecord{128734791 u0 com.tylerhats.proxitap/.MainActivity t-1} display-area-from-source=DefaultTaskDisplayArea_d0@147668119 display-id=0 task-display-area-windowing-mode=1 suggested-display-area=DefaultTaskDisplayArea_d0@147668119 inherit-from-source=fullscreen non-freeform-task-display-area display-area=DefaultTaskDisplayArea_d0@147668119 default-portrait freeform-size-mismatch=Rect(81, 615 - 999, 1785)
06-24 01:52:29.760  1984  2995 V WindowManager: Collecting in transition 71: ActivityRecord{191606475 u0 com.tylerhats.proxitap/.MainActivity t381 f}}, caller=com.android.server.wm.Transition.collectExistenceChange:40 com.android.server.wm.Transition.collectClose:7 com.android.server.wm.ActivityRecord.finishIfPossible:50 com.android.server.wm.ActivityRecord.finishIfPossible:1 com.android.server.wm.Task.removeActivities:65 
06-24 01:52:29.760  1984  2995 D WindowManager: prepareSync <SYNC_STATE_WAITING_FOR_DRAW>, mPrepareSyncSeqId=0, win=Window{2bda6ae u0 com.tylerhats.proxitap/com.tylerhats.proxitap.MainActivity}
06-24 01:52:29.760  1984  2995 V WindowManager: Collecting in transition 71: ActivityRecord{191606475 u0 com.tylerhats.proxitap/.MainActivity t381 f}}, caller=com.android.server.wm.TransitionController.collect:7 com.android.server.wm.ActivityRecord.setVisibility:132 com.android.server.wm.ActivityRecord.finishIfPossible:87 com.android.server.wm.ActivityRecord.finishIfPossible:1 com.android.server.wm.Task.removeActivities:65 
06-24 01:52:29.761  1984  2995 D ActivityTaskManager: scheduleTopResumedActivityChanged, onTop=false, r=ActivityRecord{191606475 u0 com.tylerhats.proxitap/.MainActivity t381 f}}, caller=com.android.server.wm.ActivityTaskSupervisor.scheduleTopResumedActivityStateLossIfNeeded:19 com.android.server.wm.ActivityTaskSupervisor.endDeferResume:21 com.android.server.wm.Task.performClearTaskForReuse:18 com.android.server.wm.ActivityStarter.recycleTask:897 com.android.server.wm.ActivityStarter.startActivityInner:261 com.android.server.wm.ActivityStarter.startActivityUnchecked:111 
06-24 01:52:29.764  1984  2995 V WindowManager: Collecting in transition 71: ActivityRecord{128734791 u0 com.tylerhats.proxitap/.MainActivity t381}, caller=com.android.server.wm.Transition.collectExistenceChange:40 com.android.server.wm.ActivityStarter.handleStartResult:761 com.android.server.wm.ActivityStarter.startActivityUnchecked:124 com.android.server.wm.ActivityStarter.executeRequest:3559 com.android.server.wm.ActivityStarter.execute:1752 
06-24 01:52:29.764  1984  2995 V WindowManager:    ChangeInfo{3e44c12 container=ActivityRecord{128734791 u0 com.tylerhats.proxitap/.MainActivity t381} flags=0x0}
06-24 01:52:29.764  1984  2995 V WindowManager:    ChangeInfo{9a61de0 container=ActivityRecord{191606475 u0 com.tylerhats.proxitap/.MainActivity t381 f}} flags=0x0}
06-24 01:52:29.764  1984  2995 V WindowManager:    ChangeInfo{4152899 container=Task{cb81556 #381 type=standard A=10375:com.tylerhats.proxitap} flags=0x0}
06-24 01:52:29.764  1984  2995 I ActivityTaskManager: START u0 {act=android.intent.action.VIEW dat=https://pt.htsth.app/... flg=0x1040c000 xflg=0x4 cmp=com.tylerhats.proxitap/.MainActivity} with LAUNCH_MULTIPLE from uid 10375 (sr=191606475) (BAL_ALLOW_VISIBLE_WINDOW) result code=0
06-24 01:52:29.765  3702  3759 V WindowManagerShell: Transition requested (#71): android.os.BinderProxy@4d0a166 TransitionRequestInfo { type = OPEN, triggerTask = TaskInfo{userId=0 taskId=381 effectiveUid=10375 displayId=0 isRunning=true baseIntent=Intent { act=android.intent.action.MAIN cat=[android.intent.category.LAUNCHER] flg=0x10204000 cmp=com.tylerhats.proxitap/.MainActivity } baseActivity=ComponentInfo{com.tylerhats.proxitap/com.tylerhats.proxitap.MainActivity} topActivity=ComponentInfo{com.tylerhats.proxitap/com.tylerhats.proxitap.MainActivity} origActivity=null realActivity=ComponentInfo{com.tylerhats.proxitap/com.tylerhats.proxitap.MainActivity} numActivities=1 lastActiveTime=139465676 supportsMultiWindow=true resizeMode=1 isResizeable=true minWidth=-1 minHeight=-1 maxWidth=-1 maxHeight=-1 defaultMinSize=220 desktopDefaultMinSize=304 token=WCT{android.window.IWindowContainerToken$Stub$Proxy@8e5fca7} topActivityType=1 pictureInPictureParams=null shouldDockBigOverlays=false launchIntoPipHostTaskId=-1 lastParentTaskIdBeforePip=-1 displayCutoutSafeInsets=Rect(0, 99 - 0, 0) topActivityInfo=ActivityInfo{d11a554 com.tylerhats.proxitap.MainActivity} launchCookies=[android.os.BinderProxy@6414412] positionInParent=Point(0, 0) parentTaskId=-1 isFocused=true isVisible=true isVisibleRequested=false isTopActivityNoDisplay=false isSleeping=false locusId=null displayAreaFeatureId=1 isTopActivityTransparent=false isActivityStackTransparent=false lastNonFullscreenBounds=Rect(81, 615 - 999, 1785) capturedLink=null capturedLinkTimestamp=0 requestedVisibleTypes=-9 topActivityRequestOpenInBrowserEducationTimestamp=0 appCompatTaskInfo=AppCompatTaskInfo { topActivityInSizeCompat=false eligibleForLetterboxEducation= false isLetterboxEducationEnabled= false isLetterboxDoubleTapEnabled= false eligibleForUserAspectRatioButton= false topActivityBoundsLetterboxed= false isFromLetterboxDoubleTap= false topActivityLetterboxVerticalPosition= -1 topActivityLetterboxHorizontalPosition= -1 topActivityLetterboxWidth=-1 topActivityLetterboxHeight=-1 topActivityAppBounds=Rect(0, 0 - 1080, 2340) isUserFullscreenOverrideEnabled=false isSystemFullscreenOverrideEnabled=false hasMinAspectRatioOverride=false topActivityLetterboxBounds=null cameraCompatTaskInfo=CameraCompatTaskInfo { freeformCameraCompatMode=inactive} topActivityBounds=null topActivityInDisplayCompat=false singleTapFromLetterbox=false} topActivityMainWindowFrame=null originallySupportedMultiWindow=true hasWallpaper=false rootAffinity=10375:com.tylerhats.proxitap isTopTaskInStage=false CoverLauncherWidgetTask=false LaunchedFromAppsCoverLauncherTask=false LaunchedFromMultistarCoverLauncherTask=false isAllowedSeamlessRotation=false isTopTransparentActivity=false isAliasManaged=false hasConfigChanged=false snappingGuideBounds=null isAiKeyRemoveAppTask=false lastDesktopWindowingBounds=null lastExternalDesktopWindowingBounds=null safeCutoutInsets=null}, pipChange = null, remoteTransition = null, displayChange = null, flags = 0, debugId = 71 }
06-24 01:52:29.765  1984  2995 D WindowManager: rotationForOrientation, orientationSource=ActivityRecord{191606475 u0 com.tylerhats.proxitap/.MainActivity t381 f}}
06-24 01:52:29.765  1984  2995 V WindowManager: Moving existing starting Window{add8bf9 u0 SnapshotStartingWindow for taskId=381} from ActivityRecord{191606475 u0 com.tylerhats.proxitap/.MainActivity t381 f}} to ActivityRecord{128734791 u0 com.tylerhats.proxitap/.MainActivity t381}
06-24 01:52:29.765  1984  2995 V WindowManager: Collecting in transition 71: ActivityRecord{191606475 u0 com.tylerhats.proxitap/.MainActivity t381 f}}, caller=com.android.server.wm.TransitionController.collect:7 com.android.server.wm.ActivityRecord.transferStartingWindow:225 com.android.server.wm.ActivityRecord.addStartingWindow:754 com.android.server.wm.ActivityRecord.showStartingWindow:57 com.android.server.wm.StartingSurfaceController.endDeferAddStartingWindow:77 
06-24 01:52:29.767  1984  2995 D InsetsSourceProvider: updateControlForTarget: control=InsetsSourceControl: {e78c0000 mType=statusBars mSurfacePosition=Point(0, 0) mInsetsHint=Insets{left=0, top=99, right=0, bottom=0}}, target=Window{2bda6ae u0 com.tylerhats.proxitap/com.tylerhats.proxitap.MainActivity}, from=com.android.server.wm.InsetsStateController.onControlTargetChanged:83 com.android.server.wm.InsetsPolicy.updateBarControlTarget:212 com.android.server.wm.DisplayPolicy.updateSystemBarAttributes:262 com.android.server.wm.DisplayPolicy.finishPostLayoutPolicyLw:17 com.android.server.wm.RootWindowContainer.applySurfaceChangesTransaction$1:195 
06-24 01:52:29.768  1984  2995 D InsetsSourceProvider: updateControlForTarget: control=InsetsSourceControl: {cdd30001 mType=navigationBars initiallyVisible mSurfacePosition=Point(0, 2214) mInsetsHint=Insets{left=0, top=0, right=0, bottom=39}}, target=Window{2bda6ae u0 com.tylerhats.proxitap/com.tylerhats.proxitap.MainActivity}, from=com.android.server.wm.InsetsStateController.onControlTargetChanged:83 com.android.server.wm.InsetsPolicy.updateBarControlTarget:225 com.android.server.wm.DisplayPolicy.updateSystemBarAttributes:262 com.android.server.wm.DisplayPolicy.finishPostLayoutPolicyLw:17 com.android.server.wm.RootWindowContainer.applySurfaceChangesTransaction$1:195 
06-24 01:52:29.768  1984  2995 D WindowManager: updateSystemBarAttributes: displayId=0, focusedCanBeNavColorWin=false, win=Window{2bda6ae u0 com.tylerhats.proxitap/com.tylerhats.proxitap.MainActivity}, navColorWin=Window{73285cd u0 com.sec.android.app.camera/com.sec.android.app.camera.Camera}, caller=com.android.server.wm.DisplayPolicy.finishPostLayoutPolicyLw:17 com.android.server.wm.RootWindowContainer.applySurfaceChangesTransaction$1:195 com.android.server.wm.RootWindowContainer.performSurfacePlacementNoTrace:59 
06-24 01:52:29.769  1984  3862 W ActivityTaskManager: Duplicate finish request for r=ActivityRecord{191606475 u0 com.tylerhats.proxitap/.MainActivity t381 f}}
06-24 01:52:29.779  1984  2995 D CoreBackPreview: Window{2bda6ae u0 com.tylerhats.proxitap/com.tylerhats.proxitap.MainActivity}: Setting back callback OnBackInvokedCallbackInfo{mCallback=android.window.IOnBackInvokedCallback$Stub$Proxy@e38b436, mPriority=0, mIsAnimationCallback=false, mOverrideBehavior=0}
06-24 01:52:29.781  1984  2995 D WindowManager: makeSurface duration=1 name=com.tylerhats.proxitap/com.tylerhats.proxitap.MainActivity$_18023
06-24 01:52:29.782  1984  2995 D WindowManager: updateSystemBarAttributes: displayId=0, focusedCanBeNavColorWin=false, win=Window{2bda6ae u0 com.tylerhats.proxitap/com.tylerhats.proxitap.MainActivity}, navColorWin=Window{2bda6ae u0 com.tylerhats.proxitap/com.tylerhats.proxitap.MainActivity}, caller=com.android.server.wm.DisplayPolicy.finishPostLayoutPolicyLw:17 com.android.server.wm.RootWindowContainer.applySurfaceChangesTransaction$1:195 com.android.server.wm.RootWindowContainer.performSurfacePlacementNoTrace:59 
06-24 01:52:29.783  1984  2995 D WindowManager: rotationForOrientation, orientationSource=ActivityRecord{128734791 u0 com.tylerhats.proxitap/.MainActivity t381}
06-24 01:52:29.786  1984  2359 D InsetsSourceProvider: updateVisibility: serverVisible=true, clientVisible=true, source=InsetsSource: {e78c0000 mType=statusBars mFrame=[0,0][1080,99] mVisible=true mFlags= mSideHint=TOP mBoundingRects=null}, controlTarget=Window{2bda6ae u0 com.tylerhats.proxitap/com.tylerhats.proxitap.MainActivity}, from=com.android.server.wm.InsetsSourceProvider.setClientVisible:8 com.android.server.wm.InsetsSourceProvider.updateClientVisibility:20 com.android.server.wm.InsetsStateController.onRequestedVisibleTypesChanged:44 com.android.server.wm.InsetsStateController$$ExternalSyntheticLambda1.run:172 com.android.server.wm.WindowAnimator$$ExternalSyntheticLambda2.onTransactionCommitted:26 android.view.SurfaceControl$Transaction$$ExternalSyntheticLambda4.run:0 android.os.Handler.handleCallback:995 android.os.Handler.dispatchMessage:103 android.os.Looper.loopOnce:273 android.os.Looper.loop:363 
06-24 01:52:29.798  1984  2995 D WindowManager: finishDrawingWindow: Window{2bda6ae u0 com.tylerhats.proxitap/com.tylerhats.proxitap.MainActivity} mDrawState=DRAW_PENDING seqId=0
06-24 01:52:29.806  1984  2359 V WindowManager: performShowLocked: mDrawState=HAS_DRAWN in Window{2bda6ae u0 com.tylerhats.proxitap/com.tylerhats.proxitap.MainActivity}
06-24 01:52:29.808  1984  3163 D MdnieScenarioControlService:  packageName : com.tylerhats.proxitap    className : com.tylerhats.proxitap.MainActivity
06-24 01:52:29.815  1984  2995 D CoreBackPreview: Window{a7117e3 u0 com.tylerhats.proxitap/com.tylerhats.proxitap.MainActivity}: Setting back callback null
06-24 01:52:29.817  1984  2995 V WindowManager: Remove Window{a7117e3 u0 com.tylerhats.proxitap/com.tylerhats.proxitap.MainActivity}: mSurfaceControl=null mAnimatingExit=false mRemoveOnExit=false mHasSurface=false surfaceShowing=false animating=false app-animation=false callers=com.android.server.wm.Session.remove:16 android.view.IWindowSession$Stub.onTransact:804 com.android.server.wm.Session.onTransact:1 android.os.Binder.execTransactInternal:1457 android.os.Binder.execTransact:1401 <bottom of call stack> 
06-24 01:52:29.821  1984  2995 V WindowManager: Collecting in transition 71: ActivityRecord{144001275 u0 com.tylerhats.proxitap/.MainActivity t381 f}}, caller=com.android.server.wm.TransitionController.collect:7 com.android.server.wm.ActivityRecord.onRemovedFromDisplay:258 com.android.server.wm.ActivityRecord.removeFromHistory:173 com.android.server.wm.ActivityRecord.destroyed:95 com.android.server.wm.ActivityClientController.activityDestroyed:28 
06-24 01:52:29.821  1984  2356 D SGM:FgCheckThread: getForegroundApp(), foregroundPkgName=com.tylerhats.proxitap
06-24 01:52:29.821  1984  2356 D SGM:FgCheckThread: pkgName: com.tylerhats.proxitap is in foreground
06-24 01:52:29.822  1984  2836 W UsageStatsService: Unexpected activity event reported! (com.tylerhats.proxitap/com.tylerhats.proxitap.MainActivity event : 23 instanceId : 124090839)
06-24 01:52:29.823  1984 13701 D SGM:FgCheckThread: notifyAppCreated(), packageName: com.tylerhats.proxitap, userId: 0, sendRet: true
06-24 01:52:29.823  1984  2908 D SGM:FgCheckThread: onLooperPrepared(), msg: MSG_APP_CREATE, pkgName: com.tylerhats.proxitap, userId: 0
06-24 01:52:29.824  1984 13701 D WindowManagerServiceExt: updateTaskbarTargetIfNeeded: cn=ComponentInfo{com.tylerhats.proxitap/com.tylerhats.proxitap.MainActivity} occludesParent=true isInSplitScreenMode=false
06-24 01:52:29.825  1984 13701 D ChangeTransitionController:    ChangeInfo{3e44c12 container=ActivityRecord{128734791 u0 com.tylerhats.proxitap/.MainActivity t381} flags=0x0}
06-24 01:52:29.825  1984 13701 D ChangeTransitionController:    ChangeInfo{cd15f37 container=ActivityRecord{144001275 u0 com.tylerhats.proxitap/.MainActivity t-1 f}} flags=0x0}
06-24 01:52:29.825  1984 13701 D ChangeTransitionController:    ChangeInfo{9a61de0 container=ActivityRecord{191606475 u0 com.tylerhats.proxitap/.MainActivity t381 f}} flags=0x0}
06-24 01:52:29.825  1984 13701 D ChangeTransitionController:    ChangeInfo{4152899 container=Task{cb81556 #381 type=standard A=10375:com.tylerhats.proxitap} flags=0x0}
